<?xml version="1.0" encoding="ISO-8859-1" ?>
<link_info>
   <banner>TI ARM Linker PC v20.2.7.LTS</banner>
   <copyright>Copyright (c) 1996-2018 Texas Instruments Incorporated</copyright>
   <link_time>0x682ba8e0</link_time>
   <link_errors>0x0</link_errors>
   <output_file>BeeMS.out</output_file>
   <entry_point>
      <name>_c_int00_noargs</name>
      <address>0x48a5</address>
   </entry_point>
   <input_file_list>
      <input_file id="fl-2">
         <path>.\</path>
         <kind>object</kind>
         <file>tm4c1294ncpdt_startup_ccs.obj</file>
         <name>tm4c1294ncpdt_startup_ccs.obj</name>
      </input_file>
      <input_file id="fl-3">
         <path>.\FreeRTOS\CLI\</path>
         <kind>object</kind>
         <file>FreeRTOS_CLI.obj</file>
         <name>FreeRTOS_CLI.obj</name>
      </input_file>
      <input_file id="fl-4">
         <path>.\FreeRTOS\Kernal\source\</path>
         <kind>object</kind>
         <file>croutine.obj</file>
         <name>croutine.obj</name>
      </input_file>
      <input_file id="fl-5">
         <path>.\FreeRTOS\Kernal\source\</path>
         <kind>object</kind>
         <file>event_groups.obj</file>
         <name>event_groups.obj</name>
      </input_file>
      <input_file id="fl-6">
         <path>.\FreeRTOS\Kernal\source\</path>
         <kind>object</kind>
         <file>list.obj</file>
         <name>list.obj</name>
      </input_file>
      <input_file id="fl-7">
         <path>.\FreeRTOS\Kernal\source\</path>
         <kind>object</kind>
         <file>queue.obj</file>
         <name>queue.obj</name>
      </input_file>
      <input_file id="fl-8">
         <path>.\FreeRTOS\Kernal\source\</path>
         <kind>object</kind>
         <file>stream_buffer.obj</file>
         <name>stream_buffer.obj</name>
      </input_file>
      <input_file id="fl-9">
         <path>.\FreeRTOS\Kernal\source\</path>
         <kind>object</kind>
         <file>tasks.obj</file>
         <name>tasks.obj</name>
      </input_file>
      <input_file id="fl-a">
         <path>.\FreeRTOS\Kernal\source\</path>
         <kind>object</kind>
         <file>timers.obj</file>
         <name>timers.obj</name>
      </input_file>
      <input_file id="fl-b">
         <path>.\FreeRTOS\Kernal\source\portable\CCS\ARC_CM4F\</path>
         <kind>object</kind>
         <file>port.obj</file>
         <name>port.obj</name>
      </input_file>
      <input_file id="fl-c">
         <path>.\FreeRTOS\Kernal\source\portable\CCS\ARC_CM4F\</path>
         <kind>object</kind>
         <file>portasm.obj</file>
         <name>portasm.obj</name>
      </input_file>
      <input_file id="fl-d">
         <path>.\FreeRTOS\Kernal\source\portable\MemMang\</path>
         <kind>object</kind>
         <file>heap_4.obj</file>
         <name>heap_4.obj</name>
      </input_file>
      <input_file id="fl-e">
         <path>.\FreeRTOS\TCP\source\</path>
         <kind>object</kind>
         <file>FreeRTOS_ARP.obj</file>
         <name>FreeRTOS_ARP.obj</name>
      </input_file>
      <input_file id="fl-f">
         <path>.\FreeRTOS\TCP\source\</path>
         <kind>object</kind>
         <file>FreeRTOS_BitConfig.obj</file>
         <name>FreeRTOS_BitConfig.obj</name>
      </input_file>
      <input_file id="fl-10">
         <path>.\FreeRTOS\TCP\source\</path>
         <kind>object</kind>
         <file>FreeRTOS_DHCP.obj</file>
         <name>FreeRTOS_DHCP.obj</name>
      </input_file>
      <input_file id="fl-11">
         <path>.\FreeRTOS\TCP\source\</path>
         <kind>object</kind>
         <file>FreeRTOS_DHCPv6.obj</file>
         <name>FreeRTOS_DHCPv6.obj</name>
      </input_file>
      <input_file id="fl-12">
         <path>.\FreeRTOS\TCP\source\</path>
         <kind>object</kind>
         <file>FreeRTOS_DNS.obj</file>
         <name>FreeRTOS_DNS.obj</name>
      </input_file>
      <input_file id="fl-13">
         <path>.\FreeRTOS\TCP\source\</path>
         <kind>object</kind>
         <file>FreeRTOS_DNS_Cache.obj</file>
         <name>FreeRTOS_DNS_Cache.obj</name>
      </input_file>
      <input_file id="fl-14">
         <path>.\FreeRTOS\TCP\source\</path>
         <kind>object</kind>
         <file>FreeRTOS_DNS_Callback.obj</file>
         <name>FreeRTOS_DNS_Callback.obj</name>
      </input_file>
      <input_file id="fl-15">
         <path>.\FreeRTOS\TCP\source\</path>
         <kind>object</kind>
         <file>FreeRTOS_DNS_Networking.obj</file>
         <name>FreeRTOS_DNS_Networking.obj</name>
      </input_file>
      <input_file id="fl-16">
         <path>.\FreeRTOS\TCP\source\</path>
         <kind>object</kind>
         <file>FreeRTOS_DNS_Parser.obj</file>
         <name>FreeRTOS_DNS_Parser.obj</name>
      </input_file>
      <input_file id="fl-17">
         <path>.\FreeRTOS\TCP\source\</path>
         <kind>object</kind>
         <file>FreeRTOS_ICMP.obj</file>
         <name>FreeRTOS_ICMP.obj</name>
      </input_file>
      <input_file id="fl-18">
         <path>.\FreeRTOS\TCP\source\</path>
         <kind>object</kind>
         <file>FreeRTOS_IP.obj</file>
         <name>FreeRTOS_IP.obj</name>
      </input_file>
      <input_file id="fl-19">
         <path>.\FreeRTOS\TCP\source\</path>
         <kind>object</kind>
         <file>FreeRTOS_IP_Timers.obj</file>
         <name>FreeRTOS_IP_Timers.obj</name>
      </input_file>
      <input_file id="fl-1a">
         <path>.\FreeRTOS\TCP\source\</path>
         <kind>object</kind>
         <file>FreeRTOS_IP_Utils.obj</file>
         <name>FreeRTOS_IP_Utils.obj</name>
      </input_file>
      <input_file id="fl-1b">
         <path>.\FreeRTOS\TCP\source\</path>
         <kind>object</kind>
         <file>FreeRTOS_IPv4.obj</file>
         <name>FreeRTOS_IPv4.obj</name>
      </input_file>
      <input_file id="fl-1c">
         <path>.\FreeRTOS\TCP\source\</path>
         <kind>object</kind>
         <file>FreeRTOS_IPv4_Sockets.obj</file>
         <name>FreeRTOS_IPv4_Sockets.obj</name>
      </input_file>
      <input_file id="fl-1d">
         <path>.\FreeRTOS\TCP\source\</path>
         <kind>object</kind>
         <file>FreeRTOS_IPv4_Utils.obj</file>
         <name>FreeRTOS_IPv4_Utils.obj</name>
      </input_file>
      <input_file id="fl-1e">
         <path>.\FreeRTOS\TCP\source\</path>
         <kind>object</kind>
         <file>FreeRTOS_IPv6.obj</file>
         <name>FreeRTOS_IPv6.obj</name>
      </input_file>
      <input_file id="fl-1f">
         <path>.\FreeRTOS\TCP\source\</path>
         <kind>object</kind>
         <file>FreeRTOS_IPv6_Sockets.obj</file>
         <name>FreeRTOS_IPv6_Sockets.obj</name>
      </input_file>
      <input_file id="fl-20">
         <path>.\FreeRTOS\TCP\source\</path>
         <kind>object</kind>
         <file>FreeRTOS_IPv6_Utils.obj</file>
         <name>FreeRTOS_IPv6_Utils.obj</name>
      </input_file>
      <input_file id="fl-21">
         <path>.\FreeRTOS\TCP\source\</path>
         <kind>object</kind>
         <file>FreeRTOS_ND.obj</file>
         <name>FreeRTOS_ND.obj</name>
      </input_file>
      <input_file id="fl-22">
         <path>.\FreeRTOS\TCP\source\</path>
         <kind>object</kind>
         <file>FreeRTOS_RA.obj</file>
         <name>FreeRTOS_RA.obj</name>
      </input_file>
      <input_file id="fl-23">
         <path>.\FreeRTOS\TCP\source\</path>
         <kind>object</kind>
         <file>FreeRTOS_Routing.obj</file>
         <name>FreeRTOS_Routing.obj</name>
      </input_file>
      <input_file id="fl-24">
         <path>.\FreeRTOS\TCP\source\</path>
         <kind>object</kind>
         <file>FreeRTOS_Sockets.obj</file>
         <name>FreeRTOS_Sockets.obj</name>
      </input_file>
      <input_file id="fl-25">
         <path>.\FreeRTOS\TCP\source\</path>
         <kind>object</kind>
         <file>FreeRTOS_Stream_Buffer.obj</file>
         <name>FreeRTOS_Stream_Buffer.obj</name>
      </input_file>
      <input_file id="fl-26">
         <path>.\FreeRTOS\TCP\source\</path>
         <kind>object</kind>
         <file>FreeRTOS_TCP_IP.obj</file>
         <name>FreeRTOS_TCP_IP.obj</name>
      </input_file>
      <input_file id="fl-27">
         <path>.\FreeRTOS\TCP\source\</path>
         <kind>object</kind>
         <file>FreeRTOS_TCP_IP_IPv4.obj</file>
         <name>FreeRTOS_TCP_IP_IPv4.obj</name>
      </input_file>
      <input_file id="fl-28">
         <path>.\FreeRTOS\TCP\source\</path>
         <kind>object</kind>
         <file>FreeRTOS_TCP_IP_IPv6.obj</file>
         <name>FreeRTOS_TCP_IP_IPv6.obj</name>
      </input_file>
      <input_file id="fl-29">
         <path>.\FreeRTOS\TCP\source\</path>
         <kind>object</kind>
         <file>FreeRTOS_TCP_Reception.obj</file>
         <name>FreeRTOS_TCP_Reception.obj</name>
      </input_file>
      <input_file id="fl-2a">
         <path>.\FreeRTOS\TCP\source\</path>
         <kind>object</kind>
         <file>FreeRTOS_TCP_State_Handling.obj</file>
         <name>FreeRTOS_TCP_State_Handling.obj</name>
      </input_file>
      <input_file id="fl-2b">
         <path>.\FreeRTOS\TCP\source\</path>
         <kind>object</kind>
         <file>FreeRTOS_TCP_State_Handling_IPv4.obj</file>
         <name>FreeRTOS_TCP_State_Handling_IPv4.obj</name>
      </input_file>
      <input_file id="fl-2c">
         <path>.\FreeRTOS\TCP\source\</path>
         <kind>object</kind>
         <file>FreeRTOS_TCP_State_Handling_IPv6.obj</file>
         <name>FreeRTOS_TCP_State_Handling_IPv6.obj</name>
      </input_file>
      <input_file id="fl-2d">
         <path>.\FreeRTOS\TCP\source\</path>
         <kind>object</kind>
         <file>FreeRTOS_TCP_Transmission.obj</file>
         <name>FreeRTOS_TCP_Transmission.obj</name>
      </input_file>
      <input_file id="fl-2e">
         <path>.\FreeRTOS\TCP\source\</path>
         <kind>object</kind>
         <file>FreeRTOS_TCP_Transmission_IPv4.obj</file>
         <name>FreeRTOS_TCP_Transmission_IPv4.obj</name>
      </input_file>
      <input_file id="fl-2f">
         <path>.\FreeRTOS\TCP\source\</path>
         <kind>object</kind>
         <file>FreeRTOS_TCP_Transmission_IPv6.obj</file>
         <name>FreeRTOS_TCP_Transmission_IPv6.obj</name>
      </input_file>
      <input_file id="fl-30">
         <path>.\FreeRTOS\TCP\source\</path>
         <kind>object</kind>
         <file>FreeRTOS_TCP_Utils.obj</file>
         <name>FreeRTOS_TCP_Utils.obj</name>
      </input_file>
      <input_file id="fl-31">
         <path>.\FreeRTOS\TCP\source\</path>
         <kind>object</kind>
         <file>FreeRTOS_TCP_Utils_IPv4.obj</file>
         <name>FreeRTOS_TCP_Utils_IPv4.obj</name>
      </input_file>
      <input_file id="fl-32">
         <path>.\FreeRTOS\TCP\source\</path>
         <kind>object</kind>
         <file>FreeRTOS_TCP_Utils_IPv6.obj</file>
         <name>FreeRTOS_TCP_Utils_IPv6.obj</name>
      </input_file>
      <input_file id="fl-33">
         <path>.\FreeRTOS\TCP\source\</path>
         <kind>object</kind>
         <file>FreeRTOS_TCP_WIN.obj</file>
         <name>FreeRTOS_TCP_WIN.obj</name>
      </input_file>
      <input_file id="fl-34">
         <path>.\FreeRTOS\TCP\source\</path>
         <kind>object</kind>
         <file>FreeRTOS_Tiny_TCP.obj</file>
         <name>FreeRTOS_Tiny_TCP.obj</name>
      </input_file>
      <input_file id="fl-35">
         <path>.\FreeRTOS\TCP\source\</path>
         <kind>object</kind>
         <file>FreeRTOS_UDP_IP.obj</file>
         <name>FreeRTOS_UDP_IP.obj</name>
      </input_file>
      <input_file id="fl-36">
         <path>.\FreeRTOS\TCP\source\</path>
         <kind>object</kind>
         <file>FreeRTOS_UDP_IPv4.obj</file>
         <name>FreeRTOS_UDP_IPv4.obj</name>
      </input_file>
      <input_file id="fl-37">
         <path>.\FreeRTOS\TCP\source\</path>
         <kind>object</kind>
         <file>FreeRTOS_UDP_IPv6.obj</file>
         <name>FreeRTOS_UDP_IPv6.obj</name>
      </input_file>
      <input_file id="fl-38">
         <path>.\FreeRTOS\TCP\source\portable\BufferManagement\</path>
         <kind>object</kind>
         <file>BufferAllocation_1.obj</file>
         <name>BufferAllocation_1.obj</name>
      </input_file>
      <input_file id="fl-39">
         <path>.\FreeRTOS\TCP\source\portable\NetworkInterface\Common\</path>
         <kind>object</kind>
         <file>phyHandling.obj</file>
         <name>phyHandling.obj</name>
      </input_file>
      <input_file id="fl-3a">
         <path>.\FreeRTOS\TCP\source\portable\NetworkInterface\TM4C\</path>
         <kind>object</kind>
         <file>NetworkInterface.obj</file>
         <name>NetworkInterface.obj</name>
      </input_file>
      <input_file id="fl-3b">
         <path>.\src\Core\</path>
         <kind>object</kind>
         <file>main.obj</file>
         <name>main.obj</name>
      </input_file>
      <input_file id="fl-3c">
         <path>.\src\Core\</path>
         <kind>object</kind>
         <file>system.obj</file>
         <name>system.obj</name>
      </input_file>
      <input_file id="fl-3d">
         <path>.\src\Core\</path>
         <kind>object</kind>
         <file>system_init_offchip.obj</file>
         <name>system_init_offchip.obj</name>
      </input_file>
      <input_file id="fl-3e">
         <path>.\src\Core\</path>
         <kind>object</kind>
         <file>system_init_onchip.obj</file>
         <name>system_init_onchip.obj</name>
      </input_file>
      <input_file id="fl-3f">
         <path>.\src\Tasks\</path>
         <kind>object</kind>
         <file>blink_task.obj</file>
         <name>blink_task.obj</name>
      </input_file>
      <input_file id="fl-44">
         <kind>object</kind>
         <file>&lt;internal&gt;</file>
         <name>&lt;internal&gt;</name>
      </input_file>
      <input_file id="fl-fa">
         <path>C:\ti\ccs1281\ccs\tools\compiler\ti-cgt-arm_20.2.7.LTS\lib\</path>
         <kind>archive</kind>
         <file>rtsv7M4_T_le_v4SPD16_eabi.lib</file>
         <name>typeinfo.c.obj</name>
      </input_file>
      <input_file id="fl-fb">
         <path>C:\ti\ccs1281\ccs\tools\compiler\ti-cgt-arm_20.2.7.LTS\lib\</path>
         <kind>archive</kind>
         <file>rtsv7M4_T_le_v4SPD16_eabi.lib</file>
         <name>stdlib_typeinfo.cpp.obj</name>
      </input_file>
      <input_file id="fl-fc">
         <path>C:\ti\ccs1281\ccs\tools\compiler\ti-cgt-arm_20.2.7.LTS\lib\</path>
         <kind>archive</kind>
         <file>rtsv7M4_T_le_v4SPD16_eabi.lib</file>
         <name>new.cpp.obj</name>
      </input_file>
      <input_file id="fl-fd">
         <path>C:\ti\ccs1281\ccs\tools\compiler\ti-cgt-arm_20.2.7.LTS\lib\</path>
         <kind>archive</kind>
         <file>rtsv7M4_T_le_v4SPD16_eabi.lib</file>
         <name>memcpy_t2.asm.obj</name>
      </input_file>
      <input_file id="fl-fe">
         <path>C:\ti\ccs1281\ccs\tools\compiler\ti-cgt-arm_20.2.7.LTS\lib\</path>
         <kind>archive</kind>
         <file>rtsv7M4_T_le_v4SPD16_eabi.lib</file>
         <name>memset_t2.asm.obj</name>
      </input_file>
      <input_file id="fl-ff">
         <path>C:\ti\ccs1281\ccs\tools\compiler\ti-cgt-arm_20.2.7.LTS\lib\</path>
         <kind>archive</kind>
         <file>rtsv7M4_T_le_v4SPD16_eabi.lib</file>
         <name>ull_div_t2.asm.obj</name>
      </input_file>
      <input_file id="fl-100">
         <path>C:\ti\ccs1281\ccs\tools\compiler\ti-cgt-arm_20.2.7.LTS\lib\</path>
         <kind>archive</kind>
         <file>rtsv7M4_T_le_v4SPD16_eabi.lib</file>
         <name>copy_zero_init.c.obj</name>
      </input_file>
      <input_file id="fl-101">
         <path>C:\ti\ccs1281\ccs\tools\compiler\ti-cgt-arm_20.2.7.LTS\lib\</path>
         <kind>archive</kind>
         <file>rtsv7M4_T_le_v4SPD16_eabi.lib</file>
         <name>copy_decompress_none.c.obj</name>
      </input_file>
      <input_file id="fl-102">
         <path>C:\ti\ccs1281\ccs\tools\compiler\ti-cgt-arm_20.2.7.LTS\lib\</path>
         <kind>archive</kind>
         <file>rtsv7M4_T_le_v4SPD16_eabi.lib</file>
         <name>copy_decompress_lzss.c.obj</name>
      </input_file>
      <input_file id="fl-103">
         <path>C:\ti\ccs1281\ccs\tools\compiler\ti-cgt-arm_20.2.7.LTS\lib\</path>
         <kind>archive</kind>
         <file>rtsv7M4_T_le_v4SPD16_eabi.lib</file>
         <name>exit.c.obj</name>
      </input_file>
      <input_file id="fl-104">
         <path>C:\ti\ccs1281\ccs\tools\compiler\ti-cgt-arm_20.2.7.LTS\lib\</path>
         <kind>archive</kind>
         <file>rtsv7M4_T_le_v4SPD16_eabi.lib</file>
         <name>_lock.c.obj</name>
      </input_file>
      <input_file id="fl-105">
         <path>C:\ti\ccs1281\ccs\tools\compiler\ti-cgt-arm_20.2.7.LTS\lib\</path>
         <kind>archive</kind>
         <file>rtsv7M4_T_le_v4SPD16_eabi.lib</file>
         <name>memcmp.c.obj</name>
      </input_file>
      <input_file id="fl-106">
         <path>C:\ti\ccs1281\ccs\tools\compiler\ti-cgt-arm_20.2.7.LTS\lib\</path>
         <kind>archive</kind>
         <file>rtsv7M4_T_le_v4SPD16_eabi.lib</file>
         <name>memmov.c.obj</name>
      </input_file>
      <input_file id="fl-107">
         <path>C:\ti\ccs1281\ccs\tools\compiler\ti-cgt-arm_20.2.7.LTS\lib\</path>
         <kind>archive</kind>
         <file>rtsv7M4_T_le_v4SPD16_eabi.lib</file>
         <name>memory.c.obj</name>
      </input_file>
      <input_file id="fl-108">
         <path>C:\ti\ccs1281\ccs\tools\compiler\ti-cgt-arm_20.2.7.LTS\lib\</path>
         <kind>archive</kind>
         <file>rtsv7M4_T_le_v4SPD16_eabi.lib</file>
         <name>strchr.c.obj</name>
      </input_file>
      <input_file id="fl-109">
         <path>C:\ti\ccs1281\ccs\tools\compiler\ti-cgt-arm_20.2.7.LTS\lib\</path>
         <kind>archive</kind>
         <file>rtsv7M4_T_le_v4SPD16_eabi.lib</file>
         <name>strcmp.c.obj</name>
      </input_file>
      <input_file id="fl-10a">
         <path>C:\ti\ccs1281\ccs\tools\compiler\ti-cgt-arm_20.2.7.LTS\lib\</path>
         <kind>archive</kind>
         <file>rtsv7M4_T_le_v4SPD16_eabi.lib</file>
         <name>strlen.c.obj</name>
      </input_file>
      <input_file id="fl-10b">
         <path>C:\ti\ccs1281\ccs\tools\compiler\ti-cgt-arm_20.2.7.LTS\lib\</path>
         <kind>archive</kind>
         <file>rtsv7M4_T_le_v4SPD16_eabi.lib</file>
         <name>strncmp.c.obj</name>
      </input_file>
      <input_file id="fl-10c">
         <path>C:\ti\ccs1281\ccs\tools\compiler\ti-cgt-arm_20.2.7.LTS\lib\</path>
         <kind>archive</kind>
         <file>rtsv7M4_T_le_v4SPD16_eabi.lib</file>
         <name>strncpy.c.obj</name>
      </input_file>
      <input_file id="fl-10d">
         <path>C:\ti\ccs1281\ccs\tools\compiler\ti-cgt-arm_20.2.7.LTS\lib\</path>
         <kind>archive</kind>
         <file>rtsv7M4_T_le_v4SPD16_eabi.lib</file>
         <name>boot_cortex_m.c.obj</name>
      </input_file>
      <input_file id="fl-10e">
         <path>C:\ti\ccs1281\ccs\tools\compiler\ti-cgt-arm_20.2.7.LTS\lib\</path>
         <kind>archive</kind>
         <file>rtsv7M4_T_le_v4SPD16_eabi.lib</file>
         <name>stdlib_exception.cpp.obj</name>
      </input_file>
      <input_file id="fl-10f">
         <path>C:\ti\ccs1281\ccs\tools\compiler\ti-cgt-arm_20.2.7.LTS\lib\</path>
         <kind>archive</kind>
         <file>rtsv7M4_T_le_v4SPD16_eabi.lib</file>
         <name>div0.asm.obj</name>
      </input_file>
      <input_file id="fl-110">
         <path>C:\ti\ccs1281\ccs\tools\compiler\ti-cgt-arm_20.2.7.LTS\lib\</path>
         <kind>archive</kind>
         <file>rtsv7M4_T_le_v4SPD16_eabi.lib</file>
         <name>autoinit.c.obj</name>
      </input_file>
      <input_file id="fl-111">
         <path>C:\ti\ccs1281\ccs\tools\compiler\ti-cgt-arm_20.2.7.LTS\lib\</path>
         <kind>archive</kind>
         <file>rtsv7M4_T_le_v4SPD16_eabi.lib</file>
         <name>pre_init.c.obj</name>
      </input_file>
      <input_file id="fl-112">
         <path>C:\ti\ccs1281\ccs\tools\compiler\ti-cgt-arm_20.2.7.LTS\lib\</path>
         <kind>archive</kind>
         <file>rtsv7M4_T_le_v4SPD16_eabi.lib</file>
         <name>cpy_tbl.c.obj</name>
      </input_file>
      <input_file id="fl-113">
         <path>C:\ti\ccs1281\ccs\tools\compiler\ti-cgt-arm_20.2.7.LTS\lib\</path>
         <kind>archive</kind>
         <file>rtsv7M4_T_le_v4SPD16_eabi.lib</file>
         <name>args_main.c.obj</name>
      </input_file>
      <input_file id="fl-114">
         <path>C:\ti\TivaWare_C_Series-2.2.0.295\driverlib\ccs\Release\</path>
         <kind>archive</kind>
         <file>driverlib.lib</file>
         <name>emac.obj</name>
      </input_file>
      <input_file id="fl-115">
         <path>C:\ti\TivaWare_C_Series-2.2.0.295\driverlib\ccs\Release\</path>
         <kind>archive</kind>
         <file>driverlib.lib</file>
         <name>flash.obj</name>
      </input_file>
      <input_file id="fl-116">
         <path>C:\ti\TivaWare_C_Series-2.2.0.295\driverlib\ccs\Release\</path>
         <kind>archive</kind>
         <file>driverlib.lib</file>
         <name>gpio.obj</name>
      </input_file>
      <input_file id="fl-117">
         <path>C:\ti\TivaWare_C_Series-2.2.0.295\driverlib\ccs\Release\</path>
         <kind>archive</kind>
         <file>driverlib.lib</file>
         <name>interrupt.obj</name>
      </input_file>
      <input_file id="fl-118">
         <path>C:\ti\TivaWare_C_Series-2.2.0.295\driverlib\ccs\Release\</path>
         <kind>archive</kind>
         <file>driverlib.lib</file>
         <name>sw_crc.obj</name>
      </input_file>
      <input_file id="fl-119">
         <path>C:\ti\TivaWare_C_Series-2.2.0.295\driverlib\ccs\Release\</path>
         <kind>archive</kind>
         <file>driverlib.lib</file>
         <name>sysctl.obj</name>
      </input_file>
      <input_file id="fl-11a">
         <path>C:\ti\TivaWare_C_Series-2.2.0.295\driverlib\ccs\Release\</path>
         <kind>archive</kind>
         <file>driverlib.lib</file>
         <name>uart.obj</name>
      </input_file>
      <input_file id="fl-11b">
         <path>C:\ti\TivaWare_C_Series-2.2.0.295\driverlib\ccs\Release\</path>
         <kind>archive</kind>
         <file>driverlib.lib</file>
         <name>cpu.obj</name>
      </input_file>
   </input_file_list>
   <object_component_list>
      <object_component id="oc-12">
         <name>.intvecs</name>
         <load_address>0x0</load_address>
         <run_address>0x0</run_address>
         <size>0x208</size>
         <input_file_ref idref="fl-2"/>
      </object_component>
      <object_component id="oc-86">
         <name>.text</name>
         <load_address>0x208</load_address>
         <run_address>0x208</run_address>
         <size>0x2498</size>
         <input_file_ref idref="fl-9"/>
      </object_component>
      <object_component id="oc-36e">
         <name>.text</name>
         <load_address>0x26a0</load_address>
         <run_address>0x26a0</run_address>
         <size>0xda4</size>
         <input_file_ref idref="fl-7"/>
      </object_component>
      <object_component id="oc-ec">
         <name>.text</name>
         <load_address>0x3444</load_address>
         <run_address>0x3444</run_address>
         <size>0x420</size>
         <input_file_ref idref="fl-d"/>
      </object_component>
      <object_component id="oc-14a">
         <name>.text</name>
         <load_address>0x3864</load_address>
         <run_address>0x3864</run_address>
         <size>0x228</size>
         <input_file_ref idref="fl-3e"/>
      </object_component>
      <object_component id="oc-22a">
         <name>.text:SysCtlClockFreqSet</name>
         <load_address>0x3a8c</load_address>
         <run_address>0x3a8c</run_address>
         <size>0x200</size>
         <input_file_ref idref="fl-119"/>
      </object_component>
      <object_component id="oc-c9">
         <name>.text</name>
         <load_address>0x3c8c</load_address>
         <run_address>0x3c8c</run_address>
         <size>0x1f8</size>
         <input_file_ref idref="fl-3b"/>
      </object_component>
      <object_component id="oc-241">
         <name>.text:GPIOPadConfigSet</name>
         <load_address>0x3e84</load_address>
         <run_address>0x3e84</run_address>
         <size>0x16c</size>
         <input_file_ref idref="fl-116"/>
      </object_component>
      <object_component id="oc-35">
         <name>.text</name>
         <load_address>0x3ff0</load_address>
         <run_address>0x3ff0</run_address>
         <size>0x13c</size>
         <input_file_ref idref="fl-b"/>
      </object_component>
      <object_component id="oc-f2">
         <name>.text</name>
         <load_address>0x412c</load_address>
         <run_address>0x412c</run_address>
         <size>0x130</size>
         <input_file_ref idref="fl-6"/>
      </object_component>
      <object_component id="oc-4a3">
         <name>.text:free</name>
         <load_address>0x425c</load_address>
         <run_address>0x425c</run_address>
         <size>0xe4</size>
         <input_file_ref idref="fl-107"/>
      </object_component>
      <object_component id="oc-150">
         <name>.text</name>
         <load_address>0x4340</load_address>
         <run_address>0x4340</run_address>
         <size>0xe4</size>
         <input_file_ref idref="fl-3c"/>
      </object_component>
      <object_component id="oc-30">
         <name>.text</name>
         <load_address>0x4424</load_address>
         <run_address>0x4424</run_address>
         <size>0xda</size>
         <input_file_ref idref="fl-c"/>
      </object_component>
      <object_component id="oc-49">
         <name>.text</name>
         <load_address>0x44fe</load_address>
         <run_address>0x44fe</run_address>
         <size>0x9c</size>
         <input_file_ref idref="fl-fd"/>
      </object_component>
      <object_component id="oc-bd">
         <name>.text</name>
         <load_address>0x459a</load_address>
         <run_address>0x459a</run_address>
         <size>0x7a</size>
         <input_file_ref idref="fl-fe"/>
      </object_component>
      <object_component id="oc-15">
         <name>.text:decompress:lzss:__TI_decompress_lzss</name>
         <load_address>0x4614</load_address>
         <run_address>0x4614</run_address>
         <size>0x68</size>
         <input_file_ref idref="fl-102"/>
      </object_component>
      <object_component id="oc-230">
         <name>.text:_ZN6System4UART4UARTINS0_15UART_REG_MFC_MSEE7preinitEv</name>
         <load_address>0x467c</load_address>
         <run_address>0x467c</run_address>
         <size>0x60</size>
         <input_file_ref idref="fl-3e"/>
      </object_component>
      <object_component id="oc-15c">
         <name>.text:GPIOPinConfigure</name>
         <load_address>0x46dc</load_address>
         <run_address>0x46dc</run_address>
         <size>0x4c</size>
         <input_file_ref idref="fl-116"/>
      </object_component>
      <object_component id="oc-34c">
         <name>.text:_SysCtlFrequencyGet</name>
         <load_address>0x4728</load_address>
         <run_address>0x4728</run_address>
         <size>0x48</size>
         <input_file_ref idref="fl-119"/>
      </object_component>
      <object_component id="oc-237">
         <name>.text:UARTConfigSetExpClk</name>
         <load_address>0x4770</load_address>
         <run_address>0x4770</run_address>
         <size>0x46</size>
         <input_file_ref idref="fl-11a"/>
      </object_component>
      <object_component id="oc-485">
         <name>.text:_ZNSt9type_infoD1Ev</name>
         <load_address>0x47b6</load_address>
         <run_address>0x47b6</run_address>
         <size>0x2</size>
         <input_file_ref idref="fl-fb"/>
      </object_component>
      <object_component id="oc-1a4">
         <name>.text:__TI_auto_init_nobinit_nopinit:__TI_auto_init_nobinit_nopinit</name>
         <load_address>0x47b8</load_address>
         <run_address>0x47b8</run_address>
         <size>0x44</size>
         <input_file_ref idref="fl-110"/>
      </object_component>
      <object_component id="oc-247">
         <name>.text:_ZNK6System4UART4UARTINS0_15UART_REG_MFC_MSEE5nputsEPKcj</name>
         <load_address>0x47fc</load_address>
         <run_address>0x47fc</run_address>
         <size>0x3c</size>
         <input_file_ref idref="fl-3c"/>
      </object_component>
      <object_component id="oc-181">
         <name>.text</name>
         <load_address>0x4838</load_address>
         <run_address>0x4838</run_address>
         <size>0x36</size>
         <input_file_ref idref="fl-3f"/>
      </object_component>
      <object_component id="oc-3a2">
         <name>.text:_nop</name>
         <load_address>0x486e</load_address>
         <run_address>0x486e</run_address>
         <size>0x2</size>
         <input_file_ref idref="fl-104"/>
      </object_component>
      <object_component id="oc-35c">
         <name>.text:SysCtlPeripheralEnable</name>
         <load_address>0x4870</load_address>
         <run_address>0x4870</run_address>
         <size>0x34</size>
         <input_file_ref idref="fl-119"/>
      </object_component>
      <object_component id="oc-67">
         <name>.text:_c_int00_noargs:_c_int00_noargs</name>
         <load_address>0x48a4</load_address>
         <run_address>0x48a4</run_address>
         <size>0x34</size>
         <input_file_ref idref="fl-10d"/>
      </object_component>
      <object_component id="oc-261">
         <name>.text:GPIODirModeSet</name>
         <load_address>0x48d8</load_address>
         <run_address>0x48d8</run_address>
         <size>0x2c</size>
         <input_file_ref idref="fl-116"/>
      </object_component>
      <object_component id="oc-4c3">
         <name>.text:free_list_insert</name>
         <load_address>0x4904</load_address>
         <run_address>0x4904</run_address>
         <size>0x28</size>
         <input_file_ref idref="fl-107"/>
      </object_component>
      <object_component id="oc-374">
         <name>.text:UARTDisable</name>
         <load_address>0x492c</load_address>
         <run_address>0x492c</run_address>
         <size>0x20</size>
         <input_file_ref idref="fl-11a"/>
      </object_component>
      <object_component id="oc-346">
         <name>.text:_SysCtlMemTimingGet</name>
         <load_address>0x494c</load_address>
         <run_address>0x494c</run_address>
         <size>0x20</size>
         <input_file_ref idref="fl-119"/>
      </object_component>
      <object_component id="oc-3f8">
         <name>.text:_ZN6System4UART4UARTINS0_15UART_REG_MFC_MSEE7_aquireEj</name>
         <load_address>0x496c</load_address>
         <run_address>0x496c</run_address>
         <size>0x1c</size>
         <input_file_ref idref="fl-3c"/>
      </object_component>
      <object_component id="oc-4bd">
         <name>.text:free_list_remove</name>
         <load_address>0x4988</load_address>
         <run_address>0x4988</run_address>
         <size>0x1c</size>
         <input_file_ref idref="fl-107"/>
      </object_component>
      <object_component id="oc-162">
         <name>.text:GPIOPinTypeEthernetLED</name>
         <load_address>0x49a4</load_address>
         <run_address>0x49a4</run_address>
         <size>0x16</size>
         <input_file_ref idref="fl-116"/>
      </object_component>
      <object_component id="oc-368">
         <name>.text:GPIOPinTypeUART</name>
         <load_address>0x49ba</load_address>
         <run_address>0x49ba</run_address>
         <size>0x16</size>
         <input_file_ref idref="fl-116"/>
      </object_component>
      <object_component id="oc-37a">
         <name>.text:UARTEnable</name>
         <load_address>0x49d0</load_address>
         <run_address>0x49d0</run_address>
         <size>0x14</size>
         <input_file_ref idref="fl-11a"/>
      </object_component>
      <object_component id="oc-3ff">
         <name>.text:_ZN6System4UART4UARTINS0_15UART_REG_MFC_MSEE8_releaseEv</name>
         <load_address>0x49e4</load_address>
         <run_address>0x49e4</run_address>
         <size>0x14</size>
         <input_file_ref idref="fl-3c"/>
      </object_component>
      <object_component id="oc-168">
         <name>.text:IntMasterDisable</name>
         <load_address>0x49f8</load_address>
         <run_address>0x49f8</run_address>
         <size>0x10</size>
         <input_file_ref idref="fl-117"/>
      </object_component>
      <object_component id="oc-475">
         <name>.text:_ZN10__cxxabiv117__class_type_infoD0Ev</name>
         <load_address>0x4a08</load_address>
         <run_address>0x4a08</run_address>
         <size>0xe</size>
         <input_file_ref idref="fl-fa"/>
      </object_component>
      <object_component id="oc-439">
         <name>.text:_ZN10__cxxabiv120__si_class_type_infoD0Ev</name>
         <load_address>0x4a16</load_address>
         <run_address>0x4a16</run_address>
         <size>0xe</size>
         <input_file_ref idref="fl-fa"/>
      </object_component>
      <object_component id="oc-1b">
         <name>.text:decompress:none:__TI_decompress_none</name>
         <load_address>0x4a24</load_address>
         <run_address>0x4a24</run_address>
         <size>0xe</size>
         <input_file_ref idref="fl-101"/>
      </object_component>
      <object_component id="oc-268">
         <name>.text:CPUcpsid</name>
         <load_address>0x4a32</load_address>
         <run_address>0x4a32</run_address>
         <size>0xc</size>
         <input_file_ref idref="fl-11b"/>
      </object_component>
      <object_component id="oc-156">
         <name>.text</name>
         <load_address>0x4a3e</load_address>
         <run_address>0x4a3e</run_address>
         <size>0x2</size>
         <input_file_ref idref="fl-3d"/>
      </object_component>
      <object_component id="oc-224">
         <name>.text:SysCtlMOSCConfigSet</name>
         <load_address>0x4a40</load_address>
         <run_address>0x4a40</run_address>
         <size>0xc</size>
         <input_file_ref idref="fl-119"/>
      </object_component>
      <object_component id="oc-5b">
         <name>.text:decompress:ZI:__TI_zero_init</name>
         <load_address>0x4a4c</load_address>
         <run_address>0x4a4c</run_address>
         <size>0xc</size>
         <input_file_ref idref="fl-100"/>
      </object_component>
      <object_component id="oc-2a">
         <name>.text</name>
         <load_address>0x4a58</load_address>
         <run_address>0x4a58</run_address>
         <size>0xc</size>
         <input_file_ref idref="fl-2"/>
      </object_component>
      <object_component id="oc-38a">
         <name>.text:UARTCharPut</name>
         <load_address>0x4a64</load_address>
         <run_address>0x4a64</run_address>
         <size>0xa</size>
         <input_file_ref idref="fl-11a"/>
      </object_component>
      <object_component id="oc-48c">
         <name>.text:_ZdlPv</name>
         <load_address>0x4a6e</load_address>
         <run_address>0x4a6e</run_address>
         <size>0x8</size>
         <input_file_ref idref="fl-fc"/>
      </object_component>
      <object_component id="oc-24e">
         <name>.text:SysCtlDelay</name>
         <load_address>0x4a76</load_address>
         <run_address>0x4a76</run_address>
         <size>0x6</size>
         <input_file_ref idref="fl-119"/>
      </object_component>
      <object_component id="oc-362">
         <name>.text:UARTClockSourceSet</name>
         <load_address>0x4a7c</load_address>
         <run_address>0x4a7c</run_address>
         <size>0x6</size>
         <input_file_ref idref="fl-11a"/>
      </object_component>
      <object_component id="oc-455">
         <name>.text:_ZN10__cxxabiv117__class_type_infoD1Ev</name>
         <load_address>0x4a82</load_address>
         <run_address>0x4a82</run_address>
         <size>0x4</size>
         <input_file_ref idref="fl-fa"/>
      </object_component>
      <object_component id="oc-433">
         <name>.text:_ZN10__cxxabiv120__si_class_type_infoD1Ev</name>
         <load_address>0x4a86</load_address>
         <run_address>0x4a86</run_address>
         <size>0x4</size>
         <input_file_ref idref="fl-fa"/>
      </object_component>
      <object_component id="oc-461">
         <name>.text:_ZdlPvj</name>
         <load_address>0x4a8a</load_address>
         <run_address>0x4a8a</run_address>
         <size>0x4</size>
         <input_file_ref idref="fl-fc"/>
      </object_component>
      <object_component id="oc-c3">
         <name>.text:_system_pre_init</name>
         <load_address>0x4a8e</load_address>
         <run_address>0x4a8e</run_address>
         <size>0x4</size>
         <input_file_ref idref="fl-111"/>
      </object_component>
      <object_component id="oc-198">
         <name>.text:abort:abort</name>
         <load_address>0x4a92</load_address>
         <run_address>0x4a92</run_address>
         <size>0x4</size>
         <input_file_ref idref="fl-103"/>
      </object_component>
      <object_component id="oc-355">
         <name>.const:g_pppui32XTALtoVCO</name>
         <load_address>0x4a98</load_address>
         <run_address>0x4a98</run_address>
         <size>0x1b0</size>
         <input_file_ref idref="fl-119"/>
      </object_component>
      <object_component id="oc-17e">
         <name>.const:.string:$P$T1$1</name>
         <load_address>0x4c48</load_address>
         <run_address>0x4c48</run_address>
         <size>0xdf</size>
         <input_file_ref idref="fl-3b"/>
      </object_component>
      <object_component id="oc-25c">
         <name>.const:g_pui32GPIOBaseAddrs</name>
         <load_address>0x4d28</load_address>
         <run_address>0x4d28</run_address>
         <size>0x90</size>
         <input_file_ref idref="fl-116"/>
      </object_component>
      <object_component id="oc-352">
         <name>.const:g_pui32Xtals</name>
         <load_address>0x4db8</load_address>
         <run_address>0x4db8</run_address>
         <size>0x6c</size>
         <input_file_ref idref="fl-119"/>
      </object_component>
      <object_component id="oc-3d8">
         <name>.const:g_sXTALtoMEMTIM</name>
         <load_address>0x4e24</load_address>
         <run_address>0x4e24</run_address>
         <size>0x30</size>
         <input_file_ref idref="fl-119"/>
      </object_component>
      <object_component id="oc-424">
         <name>.const:.typeinfo:_ZTSN6System4UART4UARTINS0_15UART_REG_MFC_MSEEE</name>
         <load_address>0x4e54</load_address>
         <run_address>0x4e54</run_address>
         <size>0x2c</size>
         <input_file_ref idref="fl-3c"/>
      </object_component>
      <object_component id="oc-44b">
         <name>.const:.typeinfo:_ZTSN10__cxxabiv120__si_class_type_infoE</name>
         <load_address>0x4e80</load_address>
         <run_address>0x4e80</run_address>
         <size>0x25</size>
         <input_file_ref idref="fl-fa"/>
      </object_component>
      <object_component id="oc-47b">
         <name>.const:.typeinfo:_ZTSN10__cxxabiv117__class_type_infoE</name>
         <load_address>0x4ea5</load_address>
         <run_address>0x4ea5</run_address>
         <size>0x22</size>
         <input_file_ref idref="fl-fa"/>
      </object_component>
      <object_component id="oc-446">
         <name>.const:.typeinfo:_ZTSN6System15LOCKABLE_SIMPLEE</name>
         <load_address>0x4ec7</load_address>
         <run_address>0x4ec7</run_address>
         <size>0x1b</size>
         <input_file_ref idref="fl-3c"/>
      </object_component>
      <object_component id="oc-441">
         <name>.const:_ZTVN10__cxxabiv117__class_type_infoE</name>
         <load_address>0x4ee4</load_address>
         <run_address>0x4ee4</run_address>
         <size>0x10</size>
         <input_file_ref idref="fl-fa"/>
      </object_component>
      <object_component id="oc-41f">
         <name>.const:_ZTVN10__cxxabiv120__si_class_type_infoE</name>
         <load_address>0x4ef4</load_address>
         <run_address>0x4ef4</run_address>
         <size>0x10</size>
         <input_file_ref idref="fl-fa"/>
      </object_component>
      <object_component id="oc-382">
         <name>.const:_ZTVN6System4UART4UARTINS0_15UART_REG_MFC_MSEEE</name>
         <load_address>0x4f04</load_address>
         <run_address>0x4f04</run_address>
         <size>0x10</size>
         <input_file_ref idref="fl-3c"/>
      </object_component>
      <object_component id="oc-496">
         <name>.const:.typeinfo:_ZTSSt9type_info</name>
         <load_address>0x4f14</load_address>
         <run_address>0x4f14</run_address>
         <size>0xd</size>
         <input_file_ref idref="fl-fb"/>
      </object_component>
      <object_component id="oc-450">
         <name>.const:.typeinfo:_ZTIN10__cxxabiv117__class_type_infoE</name>
         <load_address>0x4f24</load_address>
         <run_address>0x4f24</run_address>
         <size>0xc</size>
         <input_file_ref idref="fl-fa"/>
      </object_component>
      <object_component id="oc-42e">
         <name>.const:.typeinfo:_ZTIN10__cxxabiv120__si_class_type_infoE</name>
         <load_address>0x4f30</load_address>
         <run_address>0x4f30</run_address>
         <size>0xc</size>
         <input_file_ref idref="fl-fa"/>
      </object_component>
      <object_component id="oc-3f3">
         <name>.const:.typeinfo:_ZTIN6System4UART4UARTINS0_15UART_REG_MFC_MSEEE</name>
         <load_address>0x4f3c</load_address>
         <run_address>0x4f3c</run_address>
         <size>0xc</size>
         <input_file_ref idref="fl-3c"/>
      </object_component>
      <object_component id="oc-187">
         <name>.const:args$2</name>
         <load_address>0x4f48</load_address>
         <run_address>0x4f48</run_address>
         <size>0xc</size>
         <input_file_ref idref="fl-3b"/>
      </object_component>
      <object_component id="oc-429">
         <name>.const:.typeinfo:_ZTIN6System15LOCKABLE_SIMPLEE</name>
         <load_address>0x4f54</load_address>
         <run_address>0x4f54</run_address>
         <size>0x8</size>
         <input_file_ref idref="fl-3c"/>
      </object_component>
      <object_component id="oc-480">
         <name>.const:.typeinfo:_ZTISt9type_info</name>
         <load_address>0x4f5c</load_address>
         <run_address>0x4f5c</run_address>
         <size>0x8</size>
         <input_file_ref idref="fl-fb"/>
      </object_component>
      <object_component id="oc-358">
         <name>.const:g_pui32VCOFrequencies</name>
         <load_address>0x4f64</load_address>
         <run_address>0x4f64</run_address>
         <size>0x8</size>
         <input_file_ref idref="fl-119"/>
      </object_component>
      <object_component id="oc-83">
         <name>.const</name>
         <load_address>0x4f6c</load_address>
         <run_address>0x4f6c</run_address>
         <size>0x4</size>
         <input_file_ref idref="fl-b"/>
      </object_component>
      <object_component id="oc-10d">
         <name>.const</name>
         <load_address>0x4f70</load_address>
         <run_address>0x4f70</run_address>
         <size>0x4</size>
         <input_file_ref idref="fl-9"/>
      </object_component>
      <object_component id="oc-4fc">
         <name>.cinit..data.load</name>
         <load_address>0x4f78</load_address>
         <run_address>0x4f78</run_address>
         <size>0x4a</size>
      </object_component>
      <object_component id="oc-4fa">
         <name>__TI_handler_table</name>
         <load_address>0x4fc4</load_address>
         <run_address>0x4fc4</run_address>
         <size>0xc</size>
      </object_component>
      <object_component id="oc-4fd">
         <name>.cinit..bss.load</name>
         <load_address>0x4fd0</load_address>
         <run_address>0x4fd0</run_address>
         <size>0x8</size>
      </object_component>
      <object_component id="oc-4fb">
         <name>__TI_cinit_table</name>
         <load_address>0x4fd8</load_address>
         <run_address>0x4fd8</run_address>
         <size>0x10</size>
      </object_component>
      <object_component id="oc-80">
         <name>.data</name>
         <load_address>0x20006c78</load_address>
         <run_address>0x20006c78</run_address>
         <size>0x2c</size>
         <input_file_ref idref="fl-9"/>
      </object_component>
      <object_component id="oc-107">
         <name>.data:xYieldPendings</name>
         <load_address>0x20006d0c</load_address>
         <run_address>0x20006d0c</run_address>
         <size>0x4</size>
         <input_file_ref idref="fl-9"/>
      </object_component>
      <object_component id="oc-8d">
         <name>.data</name>
         <load_address>0x20006d08</load_address>
         <run_address>0x20006d08</run_address>
         <size>0x4</size>
         <input_file_ref idref="fl-b"/>
      </object_component>
      <object_component id="oc-1f1">
         <name>.data</name>
         <load_address>0x20006ce4</load_address>
         <run_address>0x20006ce4</run_address>
         <size>0x14</size>
         <input_file_ref idref="fl-d"/>
      </object_component>
      <object_component id="oc-23d">
         <name>.data:_ZN6System5uart0E</name>
         <load_address>0x20006ca4</load_address>
         <run_address>0x20006ca4</run_address>
         <size>0x28</size>
         <input_file_ref idref="fl-3c"/>
      </object_component>
      <object_component id="oc-24f">
         <name>.data:str$1</name>
         <load_address>0x20006ccc</load_address>
         <run_address>0x20006ccc</run_address>
         <size>0x15</size>
         <input_file_ref idref="fl-3c"/>
      </object_component>
      <object_component id="oc-30c">
         <name>.data:$O1$$</name>
         <load_address>0x20006cf8</load_address>
         <run_address>0x20006cf8</run_address>
         <size>0x8</size>
         <input_file_ref idref="fl-104"/>
      </object_component>
      <object_component id="oc-4ca">
         <name>.data:$O1$$</name>
         <load_address>0x20006d00</load_address>
         <run_address>0x20006d00</run_address>
         <size>0x8</size>
         <input_file_ref idref="fl-107"/>
      </object_component>
      <object_component id="oc-f8">
         <name>.bss:pxReadyTasksLists</name>
         <uninitialized>true</uninitialized>
         <run_address>0x20004f10</run_address>
         <size>0x140</size>
         <input_file_ref idref="fl-9"/>
      </object_component>
      <object_component id="oc-110">
         <name>.bss:xDelayedTaskList1</name>
         <uninitialized>true</uninitialized>
         <run_address>0x200050a0</run_address>
         <size>0x14</size>
         <input_file_ref idref="fl-9"/>
      </object_component>
      <object_component id="oc-113">
         <name>.bss:xDelayedTaskList2</name>
         <uninitialized>true</uninitialized>
         <run_address>0x200050b4</run_address>
         <size>0x14</size>
         <input_file_ref idref="fl-9"/>
      </object_component>
      <object_component id="oc-fe">
         <name>.bss</name>
         <uninitialized>true</uninitialized>
         <run_address>0x20005104</run_address>
         <size>0x8</size>
         <input_file_ref idref="fl-9"/>
      </object_component>
      <object_component id="oc-101">
         <name>.bss:xPendingReadyList</name>
         <uninitialized>true</uninitialized>
         <run_address>0x200050c8</run_address>
         <size>0x14</size>
         <input_file_ref idref="fl-9"/>
      </object_component>
      <object_component id="oc-fb">
         <name>.bss:xTasksWaitingTermination</name>
         <uninitialized>true</uninitialized>
         <run_address>0x200050f0</run_address>
         <size>0x14</size>
         <input_file_ref idref="fl-9"/>
      </object_component>
      <object_component id="oc-104">
         <name>.bss:xSuspendedTaskList</name>
         <uninitialized>true</uninitialized>
         <run_address>0x200050dc</run_address>
         <size>0x14</size>
         <input_file_ref idref="fl-9"/>
      </object_component>
      <object_component id="oc-10a">
         <name>.bss:xIdleTaskHandles</name>
         <uninitialized>true</uninitialized>
         <run_address>0x20005114</run_address>
         <size>0x4</size>
         <input_file_ref idref="fl-9"/>
      </object_component>
      <object_component id="oc-1f7">
         <name>.bss:ucHeap</name>
         <uninitialized>true</uninitialized>
         <run_address>0x20000000</run_address>
         <size>0x4f10</size>
         <input_file_ref idref="fl-d"/>
      </object_component>
      <object_component id="oc-1f4">
         <name>.bss:xStart</name>
         <uninitialized>true</uninitialized>
         <run_address>0x2000510c</run_address>
         <size>0x8</size>
         <input_file_ref idref="fl-d"/>
      </object_component>
      <object_component id="oc-3e6">
         <name>.common:xQueueRegistry</name>
         <uninitialized>true</uninitialized>
         <run_address>0x20005050</run_address>
         <size>0x50</size>
      </object_component>
      <object_component id="oc-16e">
         <name>.common:_ZN6System8CPU_FREQE</name>
         <uninitialized>true</uninitialized>
         <run_address>0x20005118</run_address>
         <size>0x4</size>
      </object_component>
      <object_component id="oc-24">
         <name>.sysmem</name>
         <uninitialized>true</uninitialized>
         <run_address>0x20006d10</run_address>
         <size>0x10</size>
         <input_file_ref idref="fl-107"/>
      </object_component>
      <object_component id="oc-500">
         <name>.sysmem</name>
         <uninitialized>true</uninitialized>
         <run_address>0x20006d10</run_address>
         <size>0x0</size>
      </object_component>
      <object_component id="oc-27">
         <name>.stack</name>
         <uninitialized>true</uninitialized>
         <run_address>0x20005120</run_address>
         <size>0x4</size>
         <input_file_ref idref="fl-10d"/>
      </object_component>
      <object_component id="oc-4ff">
         <name>.stack</name>
         <uninitialized>true</uninitialized>
         <run_address>0x20005120</run_address>
         <size>0x0</size>
      </object_component>
      <object_component id="oc-3d">
         <name>.debug_info</name>
         <load_address>0x0</load_address>
         <run_address>0x0</run_address>
         <size>0x329</size>
         <input_file_ref idref="fl-2"/>
      </object_component>
      <object_component id="oc-13">
         <name>.debug_info</name>
         <load_address>0x329</load_address>
         <run_address>0x329</run_address>
         <size>0xe8</size>
         <input_file_ref idref="fl-2"/>
      </object_component>
      <object_component id="oc-2b">
         <name>.debug_info</name>
         <load_address>0x411</load_address>
         <run_address>0x411</run_address>
         <size>0x267</size>
         <input_file_ref idref="fl-2"/>
      </object_component>
      <object_component id="oc-9e">
         <name>.debug_info</name>
         <load_address>0x678</load_address>
         <run_address>0x678</run_address>
         <size>0x26b</size>
         <input_file_ref idref="fl-2"/>
      </object_component>
      <object_component id="oc-44">
         <name>.debug_info</name>
         <load_address>0x8e3</load_address>
         <run_address>0x8e3</run_address>
         <size>0x84</size>
         <input_file_ref idref="fl-2"/>
      </object_component>
      <object_component id="oc-135">
         <name>.debug_info</name>
         <load_address>0x967</load_address>
         <run_address>0x967</run_address>
         <size>0x2a4</size>
         <input_file_ref idref="fl-2"/>
      </object_component>
      <object_component id="oc-3d3">
         <name>.debug_info</name>
         <load_address>0xc0b</load_address>
         <run_address>0xc0b</run_address>
         <size>0xef</size>
         <input_file_ref idref="fl-2"/>
      </object_component>
      <object_component id="oc-a3">
         <name>.debug_info</name>
         <load_address>0xcfa</load_address>
         <run_address>0xcfa</run_address>
         <size>0xbb</size>
         <input_file_ref idref="fl-2"/>
      </object_component>
      <object_component id="oc-134">
         <name>.debug_info</name>
         <load_address>0xdb5</load_address>
         <run_address>0xdb5</run_address>
         <size>0x520</size>
         <input_file_ref idref="fl-3"/>
      </object_component>
      <object_component id="oc-125">
         <name>.debug_info</name>
         <load_address>0x12d5</load_address>
         <run_address>0x12d5</run_address>
         <size>0x322</size>
         <input_file_ref idref="fl-3"/>
      </object_component>
      <object_component id="oc-21f">
         <name>.debug_info</name>
         <load_address>0x15f7</load_address>
         <run_address>0x15f7</run_address>
         <size>0x476</size>
         <input_file_ref idref="fl-3"/>
      </object_component>
      <object_component id="oc-92">
         <name>.debug_info</name>
         <load_address>0x1a6d</load_address>
         <run_address>0x1a6d</run_address>
         <size>0x2c</size>
         <input_file_ref idref="fl-3"/>
      </object_component>
      <object_component id="oc-97">
         <name>.debug_info</name>
         <load_address>0x1a99</load_address>
         <run_address>0x1a99</run_address>
         <size>0x53</size>
         <input_file_ref idref="fl-3"/>
      </object_component>
      <object_component id="oc-141">
         <name>.debug_info</name>
         <load_address>0x1aec</load_address>
         <run_address>0x1aec</run_address>
         <size>0x2c</size>
         <input_file_ref idref="fl-3"/>
      </object_component>
      <object_component id="oc-215">
         <name>.debug_info</name>
         <load_address>0x1b18</load_address>
         <run_address>0x1b18</run_address>
         <size>0x97</size>
         <input_file_ref idref="fl-3"/>
      </object_component>
      <object_component id="oc-1e2">
         <name>.debug_info</name>
         <load_address>0x1baf</load_address>
         <run_address>0x1baf</run_address>
         <size>0x35</size>
         <input_file_ref idref="fl-3"/>
      </object_component>
      <object_component id="oc-21a">
         <name>.debug_info</name>
         <load_address>0x1be4</load_address>
         <run_address>0x1be4</run_address>
         <size>0x62</size>
         <input_file_ref idref="fl-3"/>
      </object_component>
      <object_component id="oc-12a">
         <name>.debug_info</name>
         <load_address>0x1c46</load_address>
         <run_address>0x1c46</run_address>
         <size>0x14c</size>
         <input_file_ref idref="fl-3"/>
      </object_component>
      <object_component id="oc-212">
         <name>.debug_info</name>
         <load_address>0x1d92</load_address>
         <run_address>0x1d92</run_address>
         <size>0x218</size>
         <input_file_ref idref="fl-4"/>
      </object_component>
      <object_component id="oc-12f">
         <name>.debug_info</name>
         <load_address>0x1faa</load_address>
         <run_address>0x1faa</run_address>
         <size>0x476</size>
         <input_file_ref idref="fl-4"/>
      </object_component>
      <object_component id="oc-33f">
         <name>.debug_info</name>
         <load_address>0x2420</load_address>
         <run_address>0x2420</run_address>
         <size>0xcc</size>
         <input_file_ref idref="fl-4"/>
      </object_component>
      <object_component id="oc-120">
         <name>.debug_info</name>
         <load_address>0x24ec</load_address>
         <run_address>0x24ec</run_address>
         <size>0x53</size>
         <input_file_ref idref="fl-4"/>
      </object_component>
      <object_component id="oc-328">
         <name>.debug_info</name>
         <load_address>0x253f</load_address>
         <run_address>0x253f</run_address>
         <size>0x663</size>
         <input_file_ref idref="fl-5"/>
      </object_component>
      <object_component id="oc-1dd">
         <name>.debug_info</name>
         <load_address>0x2ba2</load_address>
         <run_address>0x2ba2</run_address>
         <size>0x110</size>
         <input_file_ref idref="fl-5"/>
      </object_component>
      <object_component id="oc-1ec">
         <name>.debug_info</name>
         <load_address>0x2cb2</load_address>
         <run_address>0x2cb2</run_address>
         <size>0x476</size>
         <input_file_ref idref="fl-5"/>
      </object_component>
      <object_component id="oc-3c3">
         <name>.debug_info</name>
         <load_address>0x3128</load_address>
         <run_address>0x3128</run_address>
         <size>0x76</size>
         <input_file_ref idref="fl-5"/>
      </object_component>
      <object_component id="oc-3c8">
         <name>.debug_info</name>
         <load_address>0x319e</load_address>
         <run_address>0x319e</run_address>
         <size>0x39</size>
         <input_file_ref idref="fl-5"/>
      </object_component>
      <object_component id="oc-336">
         <name>.debug_info</name>
         <load_address>0x31d7</load_address>
         <run_address>0x31d7</run_address>
         <size>0x109</size>
         <input_file_ref idref="fl-5"/>
      </object_component>
      <object_component id="oc-1d8">
         <name>.debug_info</name>
         <load_address>0x32e0</load_address>
         <run_address>0x32e0</run_address>
         <size>0x4f</size>
         <input_file_ref idref="fl-5"/>
      </object_component>
      <object_component id="oc-1fd">
         <name>.debug_info</name>
         <load_address>0x332f</load_address>
         <run_address>0x332f</run_address>
         <size>0x394</size>
         <input_file_ref idref="fl-6"/>
      </object_component>
      <object_component id="oc-f4">
         <name>.debug_info</name>
         <load_address>0x36c3</load_address>
         <run_address>0x36c3</run_address>
         <size>0x603</size>
         <input_file_ref idref="fl-6"/>
      </object_component>
      <object_component id="oc-3e7">
         <name>.debug_info</name>
         <load_address>0x3cc6</load_address>
         <run_address>0x3cc6</run_address>
         <size>0x8b2</size>
         <input_file_ref idref="fl-7"/>
      </object_component>
      <object_component id="oc-370">
         <name>.debug_info</name>
         <load_address>0x4578</load_address>
         <run_address>0x4578</run_address>
         <size>0x413f</size>
         <input_file_ref idref="fl-7"/>
      </object_component>
      <object_component id="oc-41a">
         <name>.debug_info</name>
         <load_address>0x86b7</load_address>
         <run_address>0x86b7</run_address>
         <size>0x23f</size>
         <input_file_ref idref="fl-7"/>
      </object_component>
      <object_component id="oc-3ea">
         <name>.debug_info</name>
         <load_address>0x88f6</load_address>
         <run_address>0x88f6</run_address>
         <size>0x46</size>
         <input_file_ref idref="fl-7"/>
      </object_component>
      <object_component id="oc-e9">
         <name>.debug_info</name>
         <load_address>0x893c</load_address>
         <run_address>0x893c</run_address>
         <size>0x857</size>
         <input_file_ref idref="fl-9"/>
      </object_component>
      <object_component id="oc-81">
         <name>.debug_info</name>
         <load_address>0x9193</load_address>
         <run_address>0x9193</run_address>
         <size>0x304</size>
         <input_file_ref idref="fl-9"/>
      </object_component>
      <object_component id="oc-f9">
         <name>.debug_info</name>
         <load_address>0x9497</load_address>
         <run_address>0x9497</run_address>
         <size>0x107</size>
         <input_file_ref idref="fl-9"/>
      </object_component>
      <object_component id="oc-111">
         <name>.debug_info</name>
         <load_address>0x959e</load_address>
         <run_address>0x959e</run_address>
         <size>0x107</size>
         <input_file_ref idref="fl-9"/>
      </object_component>
      <object_component id="oc-114">
         <name>.debug_info</name>
         <load_address>0x96a5</load_address>
         <run_address>0x96a5</run_address>
         <size>0x107</size>
         <input_file_ref idref="fl-9"/>
      </object_component>
      <object_component id="oc-ff">
         <name>.debug_info</name>
         <load_address>0x97ac</load_address>
         <run_address>0x97ac</run_address>
         <size>0x14a</size>
         <input_file_ref idref="fl-9"/>
      </object_component>
      <object_component id="oc-102">
         <name>.debug_info</name>
         <load_address>0x98f6</load_address>
         <run_address>0x98f6</run_address>
         <size>0x107</size>
         <input_file_ref idref="fl-9"/>
      </object_component>
      <object_component id="oc-fc">
         <name>.debug_info</name>
         <load_address>0x99fd</load_address>
         <run_address>0x99fd</run_address>
         <size>0x115</size>
         <input_file_ref idref="fl-9"/>
      </object_component>
      <object_component id="oc-105">
         <name>.debug_info</name>
         <load_address>0x9b12</load_address>
         <run_address>0x9b12</run_address>
         <size>0x109</size>
         <input_file_ref idref="fl-9"/>
      </object_component>
      <object_component id="oc-108">
         <name>.debug_info</name>
         <load_address>0x9c1b</load_address>
         <run_address>0x9c1b</run_address>
         <size>0x101</size>
         <input_file_ref idref="fl-9"/>
      </object_component>
      <object_component id="oc-10b">
         <name>.debug_info</name>
         <load_address>0x9d1c</load_address>
         <run_address>0x9d1c</run_address>
         <size>0x105</size>
         <input_file_ref idref="fl-9"/>
      </object_component>
      <object_component id="oc-10e">
         <name>.debug_info</name>
         <load_address>0x9e21</load_address>
         <run_address>0x9e21</run_address>
         <size>0x107</size>
         <input_file_ref idref="fl-9"/>
      </object_component>
      <object_component id="oc-89">
         <name>.debug_info</name>
         <load_address>0x9f28</load_address>
         <run_address>0x9f28</run_address>
         <size>0x72d4</size>
         <input_file_ref idref="fl-9"/>
      </object_component>
      <object_component id="oc-117">
         <name>.debug_info</name>
         <load_address>0x111fc</load_address>
         <run_address>0x111fc</run_address>
         <size>0x319</size>
         <input_file_ref idref="fl-9"/>
      </object_component>
      <object_component id="oc-1e7">
         <name>.debug_info</name>
         <load_address>0x11515</load_address>
         <run_address>0x11515</run_address>
         <size>0x146</size>
         <input_file_ref idref="fl-9"/>
      </object_component>
      <object_component id="oc-91">
         <name>.debug_info</name>
         <load_address>0x1165b</load_address>
         <run_address>0x1165b</run_address>
         <size>0x435</size>
         <input_file_ref idref="fl-b"/>
      </object_component>
      <object_component id="oc-84">
         <name>.debug_info</name>
         <load_address>0x11a90</load_address>
         <run_address>0x11a90</run_address>
         <size>0x134</size>
         <input_file_ref idref="fl-b"/>
      </object_component>
      <object_component id="oc-8e">
         <name>.debug_info</name>
         <load_address>0x11bc4</load_address>
         <run_address>0x11bc4</run_address>
         <size>0x11b</size>
         <input_file_ref idref="fl-b"/>
      </object_component>
      <object_component id="oc-36">
         <name>.debug_info</name>
         <load_address>0x11cdf</load_address>
         <run_address>0x11cdf</run_address>
         <size>0x8cb</size>
         <input_file_ref idref="fl-b"/>
      </object_component>
      <object_component id="oc-32">
         <name>.debug_info</name>
         <load_address>0x125aa</load_address>
         <run_address>0x125aa</run_address>
         <size>0x269</size>
         <input_file_ref idref="fl-c"/>
      </object_component>
      <object_component id="oc-1fb">
         <name>.debug_info</name>
         <load_address>0x12813</load_address>
         <run_address>0x12813</run_address>
         <size>0x4d2</size>
         <input_file_ref idref="fl-d"/>
      </object_component>
      <object_component id="oc-1f8">
         <name>.debug_info</name>
         <load_address>0x12ce5</load_address>
         <run_address>0x12ce5</run_address>
         <size>0x102</size>
         <input_file_ref idref="fl-d"/>
      </object_component>
      <object_component id="oc-1f5">
         <name>.debug_info</name>
         <load_address>0x12de7</load_address>
         <run_address>0x12de7</run_address>
         <size>0x102</size>
         <input_file_ref idref="fl-d"/>
      </object_component>
      <object_component id="oc-1f2">
         <name>.debug_info</name>
         <load_address>0x12ee9</load_address>
         <run_address>0x12ee9</run_address>
         <size>0x20e</size>
         <input_file_ref idref="fl-d"/>
      </object_component>
      <object_component id="oc-ee">
         <name>.debug_info</name>
         <load_address>0x130f7</load_address>
         <run_address>0x130f7</run_address>
         <size>0xd77</size>
         <input_file_ref idref="fl-d"/>
      </object_component>
      <object_component id="oc-32d">
         <name>.debug_info</name>
         <load_address>0x13e6e</load_address>
         <run_address>0x13e6e</run_address>
         <size>0x62</size>
         <input_file_ref idref="fl-d"/>
      </object_component>
      <object_component id="oc-189">
         <name>.debug_info</name>
         <load_address>0x13ed0</load_address>
         <run_address>0x13ed0</run_address>
         <size>0x8b</size>
         <input_file_ref idref="fl-3a"/>
      </object_component>
      <object_component id="oc-16f">
         <name>.debug_info</name>
         <load_address>0x13f5b</load_address>
         <run_address>0x13f5b</run_address>
         <size>0x1d8c</size>
         <input_file_ref idref="fl-3b"/>
      </object_component>
      <object_component id="oc-17f">
         <name>.debug_info</name>
         <load_address>0x15ce7</load_address>
         <run_address>0x15ce7</run_address>
         <size>0xd3</size>
         <input_file_ref idref="fl-3b"/>
      </object_component>
      <object_component id="oc-ca">
         <name>.debug_info</name>
         <load_address>0x15dba</load_address>
         <run_address>0x15dba</run_address>
         <size>0x633</size>
         <input_file_ref idref="fl-3b"/>
      </object_component>
      <object_component id="oc-271">
         <name>.debug_info</name>
         <load_address>0x163ed</load_address>
         <run_address>0x163ed</run_address>
         <size>0x7e5</size>
         <input_file_ref idref="fl-3b"/>
      </object_component>
      <object_component id="oc-276">
         <name>.debug_info</name>
         <load_address>0x16bd2</load_address>
         <run_address>0x16bd2</run_address>
         <size>0x1281</size>
         <input_file_ref idref="fl-3b"/>
      </object_component>
      <object_component id="oc-27b">
         <name>.debug_info</name>
         <load_address>0x17e53</load_address>
         <run_address>0x17e53</run_address>
         <size>0x642</size>
         <input_file_ref idref="fl-3b"/>
      </object_component>
      <object_component id="oc-280">
         <name>.debug_info</name>
         <load_address>0x18495</load_address>
         <run_address>0x18495</run_address>
         <size>0x4e4</size>
         <input_file_ref idref="fl-3b"/>
      </object_component>
      <object_component id="oc-285">
         <name>.debug_info</name>
         <load_address>0x18979</load_address>
         <run_address>0x18979</run_address>
         <size>0x54e</size>
         <input_file_ref idref="fl-3b"/>
      </object_component>
      <object_component id="oc-28a">
         <name>.debug_info</name>
         <load_address>0x18ec7</load_address>
         <run_address>0x18ec7</run_address>
         <size>0x638</size>
         <input_file_ref idref="fl-3b"/>
      </object_component>
      <object_component id="oc-28f">
         <name>.debug_info</name>
         <load_address>0x194ff</load_address>
         <run_address>0x194ff</run_address>
         <size>0x87</size>
         <input_file_ref idref="fl-3b"/>
      </object_component>
      <object_component id="oc-294">
         <name>.debug_info</name>
         <load_address>0x19586</load_address>
         <run_address>0x19586</run_address>
         <size>0x42</size>
         <input_file_ref idref="fl-3b"/>
      </object_component>
      <object_component id="oc-299">
         <name>.debug_info</name>
         <load_address>0x195c8</load_address>
         <run_address>0x195c8</run_address>
         <size>0x16d</size>
         <input_file_ref idref="fl-3b"/>
      </object_component>
      <object_component id="oc-29e">
         <name>.debug_info</name>
         <load_address>0x19735</load_address>
         <run_address>0x19735</run_address>
         <size>0x16a</size>
         <input_file_ref idref="fl-3b"/>
      </object_component>
      <object_component id="oc-2a3">
         <name>.debug_info</name>
         <load_address>0x1989f</load_address>
         <run_address>0x1989f</run_address>
         <size>0x4f</size>
         <input_file_ref idref="fl-3b"/>
      </object_component>
      <object_component id="oc-390">
         <name>.debug_info</name>
         <load_address>0x198ee</load_address>
         <run_address>0x198ee</run_address>
         <size>0x2c</size>
         <input_file_ref idref="fl-3b"/>
      </object_component>
      <object_component id="oc-2f3">
         <name>.debug_info</name>
         <load_address>0x1991a</load_address>
         <run_address>0x1991a</run_address>
         <size>0x2c</size>
         <input_file_ref idref="fl-3b"/>
      </object_component>
      <object_component id="oc-2a8">
         <name>.debug_info</name>
         <load_address>0x19946</load_address>
         <run_address>0x19946</run_address>
         <size>0x4f</size>
         <input_file_ref idref="fl-3b"/>
      </object_component>
      <object_component id="oc-2bc">
         <name>.debug_info</name>
         <load_address>0x19995</load_address>
         <run_address>0x19995</run_address>
         <size>0x2d6</size>
         <input_file_ref idref="fl-3b"/>
      </object_component>
      <object_component id="oc-256">
         <name>.debug_info</name>
         <load_address>0x19c6b</load_address>
         <run_address>0x19c6b</run_address>
         <size>0xbb</size>
         <input_file_ref idref="fl-3b"/>
      </object_component>
      <object_component id="oc-2b2">
         <name>.debug_info</name>
         <load_address>0x19d26</load_address>
         <run_address>0x19d26</run_address>
         <size>0x2a1</size>
         <input_file_ref idref="fl-3b"/>
      </object_component>
      <object_component id="oc-193">
         <name>.debug_info</name>
         <load_address>0x19fc7</load_address>
         <run_address>0x19fc7</run_address>
         <size>0x46</size>
         <input_file_ref idref="fl-3b"/>
      </object_component>
      <object_component id="oc-2ad">
         <name>.debug_info</name>
         <load_address>0x1a00d</load_address>
         <run_address>0x1a00d</run_address>
         <size>0x53</size>
         <input_file_ref idref="fl-3b"/>
      </object_component>
      <object_component id="oc-18e">
         <name>.debug_info</name>
         <load_address>0x1a060</load_address>
         <run_address>0x1a060</run_address>
         <size>0x3f6</size>
         <input_file_ref idref="fl-3b"/>
      </object_component>
      <object_component id="oc-2b7">
         <name>.debug_info</name>
         <load_address>0x1a456</load_address>
         <run_address>0x1a456</run_address>
         <size>0xf1</size>
         <input_file_ref idref="fl-3b"/>
      </object_component>
      <object_component id="oc-2c1">
         <name>.debug_info</name>
         <load_address>0x1a547</load_address>
         <run_address>0x1a547</run_address>
         <size>0x35</size>
         <input_file_ref idref="fl-3b"/>
      </object_component>
      <object_component id="oc-2d0">
         <name>.debug_info</name>
         <load_address>0x1a57c</load_address>
         <run_address>0x1a57c</run_address>
         <size>0x475</size>
         <input_file_ref idref="fl-3b"/>
      </object_component>
      <object_component id="oc-2e4">
         <name>.debug_info</name>
         <load_address>0x1a9f1</load_address>
         <run_address>0x1a9f1</run_address>
         <size>0x285</size>
         <input_file_ref idref="fl-3b"/>
      </object_component>
      <object_component id="oc-39b">
         <name>.debug_info</name>
         <load_address>0x1ac76</load_address>
         <run_address>0x1ac76</run_address>
         <size>0xa6</size>
         <input_file_ref idref="fl-3b"/>
      </object_component>
      <object_component id="oc-2c6">
         <name>.debug_info</name>
         <load_address>0x1ad1c</load_address>
         <run_address>0x1ad1c</run_address>
         <size>0x206</size>
         <input_file_ref idref="fl-3b"/>
      </object_component>
      <object_component id="oc-2cb">
         <name>.debug_info</name>
         <load_address>0x1af22</load_address>
         <run_address>0x1af22</run_address>
         <size>0x299</size>
         <input_file_ref idref="fl-3b"/>
      </object_component>
      <object_component id="oc-2d5">
         <name>.debug_info</name>
         <load_address>0x1b1bb</load_address>
         <run_address>0x1b1bb</run_address>
         <size>0xbf</size>
         <input_file_ref idref="fl-3b"/>
      </object_component>
      <object_component id="oc-2da">
         <name>.debug_info</name>
         <load_address>0x1b27a</load_address>
         <run_address>0x1b27a</run_address>
         <size>0x6b9</size>
         <input_file_ref idref="fl-3b"/>
      </object_component>
      <object_component id="oc-2df">
         <name>.debug_info</name>
         <load_address>0x1b933</load_address>
         <run_address>0x1b933</run_address>
         <size>0x344</size>
         <input_file_ref idref="fl-3b"/>
      </object_component>
      <object_component id="oc-2e9">
         <name>.debug_info</name>
         <load_address>0x1bc77</load_address>
         <run_address>0x1bc77</run_address>
         <size>0x1e2</size>
         <input_file_ref idref="fl-3b"/>
      </object_component>
      <object_component id="oc-2ee">
         <name>.debug_info</name>
         <load_address>0x1be59</load_address>
         <run_address>0x1be59</run_address>
         <size>0xe4</size>
         <input_file_ref idref="fl-3b"/>
      </object_component>
      <object_component id="oc-172">
         <name>.debug_info</name>
         <load_address>0x1bf3d</load_address>
         <run_address>0x1bf3d</run_address>
         <size>0x121d</size>
         <input_file_ref idref="fl-3c"/>
      </object_component>
      <object_component id="oc-383">
         <name>.debug_info</name>
         <load_address>0x1d15a</load_address>
         <run_address>0x1d15a</run_address>
         <size>0x124</size>
         <input_file_ref idref="fl-3c"/>
      </object_component>
      <object_component id="oc-42a">
         <name>.debug_info</name>
         <load_address>0x1d27e</load_address>
         <run_address>0x1d27e</run_address>
         <size>0x10a</size>
         <input_file_ref idref="fl-3c"/>
      </object_component>
      <object_component id="oc-3f4">
         <name>.debug_info</name>
         <load_address>0x1d388</load_address>
         <run_address>0x1d388</run_address>
         <size>0x116</size>
         <input_file_ref idref="fl-3c"/>
      </object_component>
      <object_component id="oc-447">
         <name>.debug_info</name>
         <load_address>0x1d49e</load_address>
         <run_address>0x1d49e</run_address>
         <size>0x10f</size>
         <input_file_ref idref="fl-3c"/>
      </object_component>
      <object_component id="oc-425">
         <name>.debug_info</name>
         <load_address>0x1d5ad</load_address>
         <run_address>0x1d5ad</run_address>
         <size>0x11b</size>
         <input_file_ref idref="fl-3c"/>
      </object_component>
      <object_component id="oc-23e">
         <name>.debug_info</name>
         <load_address>0x1d6c8</load_address>
         <run_address>0x1d6c8</run_address>
         <size>0xe6</size>
         <input_file_ref idref="fl-3c"/>
      </object_component>
      <object_component id="oc-3fa">
         <name>.debug_info</name>
         <load_address>0x1d7ae</load_address>
         <run_address>0x1d7ae</run_address>
         <size>0x1fe</size>
         <input_file_ref idref="fl-3c"/>
      </object_component>
      <object_component id="oc-400">
         <name>.debug_info</name>
         <load_address>0x1d9ac</load_address>
         <run_address>0x1d9ac</run_address>
         <size>0x1cb</size>
         <input_file_ref idref="fl-3c"/>
      </object_component>
      <object_component id="oc-249">
         <name>.debug_info</name>
         <load_address>0x1db77</load_address>
         <run_address>0x1db77</run_address>
         <size>0x20f</size>
         <input_file_ref idref="fl-3c"/>
      </object_component>
      <object_component id="oc-153">
         <name>.debug_info</name>
         <load_address>0x1dd86</load_address>
         <run_address>0x1dd86</run_address>
         <size>0x698</size>
         <input_file_ref idref="fl-3c"/>
      </object_component>
      <object_component id="oc-251">
         <name>.debug_info</name>
         <load_address>0x1e41e</load_address>
         <run_address>0x1e41e</run_address>
         <size>0x62e</size>
         <input_file_ref idref="fl-3c"/>
      </object_component>
      <object_component id="oc-2fa">
         <name>.debug_info</name>
         <load_address>0x1ea4c</load_address>
         <run_address>0x1ea4c</run_address>
         <size>0xa9</size>
         <input_file_ref idref="fl-3c"/>
      </object_component>
      <object_component id="oc-175">
         <name>.debug_info</name>
         <load_address>0x1eaf5</load_address>
         <run_address>0x1eaf5</run_address>
         <size>0xa33</size>
         <input_file_ref idref="fl-3d"/>
      </object_component>
      <object_component id="oc-157">
         <name>.debug_info</name>
         <load_address>0x1f528</load_address>
         <run_address>0x1f528</run_address>
         <size>0x15e</size>
         <input_file_ref idref="fl-3d"/>
      </object_component>
      <object_component id="oc-178">
         <name>.debug_info</name>
         <load_address>0x1f686</load_address>
         <run_address>0x1f686</run_address>
         <size>0xcf5</size>
         <input_file_ref idref="fl-3e"/>
      </object_component>
      <object_component id="oc-232">
         <name>.debug_info</name>
         <load_address>0x2037b</load_address>
         <run_address>0x2037b</run_address>
         <size>0x256</size>
         <input_file_ref idref="fl-3e"/>
      </object_component>
      <object_component id="oc-14d">
         <name>.debug_info</name>
         <load_address>0x205d1</load_address>
         <run_address>0x205d1</run_address>
         <size>0x2b5</size>
         <input_file_ref idref="fl-3e"/>
      </object_component>
      <object_component id="oc-17b">
         <name>.debug_info</name>
         <load_address>0x20886</load_address>
         <run_address>0x20886</run_address>
         <size>0xb47</size>
         <input_file_ref idref="fl-3f"/>
      </object_component>
      <object_component id="oc-182">
         <name>.debug_info</name>
         <load_address>0x213cd</load_address>
         <run_address>0x213cd</run_address>
         <size>0x20d</size>
         <input_file_ref idref="fl-3f"/>
      </object_component>
      <object_component id="oc-43e">
         <name>.debug_info</name>
         <load_address>0x215da</load_address>
         <run_address>0x215da</run_address>
         <size>0x8a0</size>
         <input_file_ref idref="fl-fa"/>
      </object_component>
      <object_component id="oc-442">
         <name>.debug_info</name>
         <load_address>0x21e7a</load_address>
         <run_address>0x21e7a</run_address>
[...]
         <name>xTaskIncrementTick</name>
         <value>0x1089</value>
         <object_component_ref idref="oc-86"/>
      </symbol>
      <symbol id="sm-470">
         <name>vTaskSwitchContext</name>
         <value>0x1265</value>
         <object_component_ref idref="oc-86"/>
      </symbol>
      <symbol id="sm-471">
         <name>uxTaskResetEventItemValue</name>
         <value>0x1da9</value>
         <object_component_ref idref="oc-86"/>
      </symbol>
      <symbol id="sm-472">
         <name>xTaskGetSchedulerState</name>
         <value>0x1a8f</value>
         <object_component_ref idref="oc-86"/>
      </symbol>
      <symbol id="sm-473">
         <name>xTaskResumeFromISR</name>
         <value>0xb3d</value>
         <object_component_ref idref="oc-86"/>
      </symbol>
      <symbol id="sm-474">
         <name>xTaskGetCurrentTaskHandleForCore</name>
         <value>0x1a65</value>
         <object_component_ref idref="oc-86"/>
      </symbol>
      <symbol id="sm-475">
         <name>xTaskGetCurrentTaskHandle</name>
         <value>0x1a3d</value>
         <object_component_ref idref="oc-86"/>
      </symbol>
      <symbol id="sm-476">
         <name>vTaskResetState</name>
         <value>0x25ed</value>
         <object_component_ref idref="oc-86"/>
      </symbol>
      <symbol id="sm-477">
         <name>vTaskPlaceOnUnorderedEventList</name>
         <value>0x1359</value>
         <object_component_ref idref="oc-86"/>
      </symbol>
      <symbol id="sm-478">
         <name>xTaskRemoveFromEventList</name>
         <value>0x13d5</value>
         <object_component_ref idref="oc-86"/>
      </symbol>
      <symbol id="sm-479">
         <name>xTaskPriorityInherit</name>
         <value>0x1ab9</value>
         <object_component_ref idref="oc-86"/>
      </symbol>
      <symbol id="sm-4aa">
         <name>ulMaxSyscallInterruptPriority</name>
         <value>0x4f6c</value>
         <object_component_ref idref="oc-83"/>
      </symbol>
      <symbol id="sm-4ab">
         <name>vPortSetupTimerInterrupt</name>
         <value>0x40ef</value>
         <object_component_ref idref="oc-35"/>
      </symbol>
      <symbol id="sm-4ac">
         <name>vPortEndScheduler</name>
         <value>0x4091</value>
         <object_component_ref idref="oc-35"/>
      </symbol>
      <symbol id="sm-4ad">
         <name>xPortSysTickHandler</name>
         <value>0x40c9</value>
         <object_component_ref idref="oc-35"/>
      </symbol>
      <symbol id="sm-4ae">
         <name>pxPortInitialiseStack</name>
         <value>0x3ff1</value>
         <object_component_ref idref="oc-35"/>
      </symbol>
      <symbol id="sm-4af">
         <name>vPortExitCritical</name>
         <value>0x40b3</value>
         <object_component_ref idref="oc-35"/>
      </symbol>
      <symbol id="sm-4b0">
         <name>xPortStartScheduler</name>
         <value>0x405b</value>
         <object_component_ref idref="oc-35"/>
      </symbol>
      <symbol id="sm-4b1">
         <name>vPortEnterCritical</name>
         <value>0x4093</value>
         <object_component_ref idref="oc-35"/>
      </symbol>
      <symbol id="sm-4c0">
         <name>vPortStartFirstTask</name>
         <value>0x44cd</value>
         <object_component_ref idref="oc-30"/>
      </symbol>
      <symbol id="sm-4c1">
         <name>ulPortGetIPSR</name>
         <value>0x4435</value>
         <object_component_ref idref="oc-30"/>
      </symbol>
      <symbol id="sm-4c2">
         <name>vPortEnableVFP</name>
         <value>0x44f1</value>
         <object_component_ref idref="oc-30"/>
      </symbol>
      <symbol id="sm-4c3">
         <name>xPortPendSVHandler</name>
         <value>0x444d</value>
         <object_component_ref idref="oc-30"/>
      </symbol>
      <symbol id="sm-4c4">
         <name>vPortSVCHandler</name>
         <value>0x44ad</value>
         <object_component_ref idref="oc-30"/>
      </symbol>
      <symbol id="sm-52b">
         <name>vPortInitialiseBlocks</name>
         <value>0x35ef</value>
         <object_component_ref idref="oc-ec"/>
      </symbol>
      <symbol id="sm-52c">
         <name>vPortGetHeapStats</name>
         <value>0x377d</value>
         <object_component_ref idref="oc-ec"/>
      </symbol>
      <symbol id="sm-52d">
         <name>vPortHeapResetState</name>
         <value>0x3823</value>
         <object_component_ref idref="oc-ec"/>
      </symbol>
      <symbol id="sm-52e">
         <name>xPortGetFreeHeapSize</name>
         <value>0x35e3</value>
         <object_component_ref idref="oc-ec"/>
      </symbol>
      <symbol id="sm-52f">
         <name>pvPortCalloc</name>
         <value>0x35f1</value>
         <object_component_ref idref="oc-ec"/>
      </symbol>
      <symbol id="sm-530">
         <name>pvPortMalloc</name>
         <value>0x3445</value>
         <object_component_ref idref="oc-ec"/>
      </symbol>
      <symbol id="sm-531">
         <name>vPortFree</name>
         <value>0x3589</value>
         <object_component_ref idref="oc-ec"/>
      </symbol>
      <symbol id="sm-532">
         <name>xPortGetMinimumEverFreeHeapSize</name>
         <value>0x35e9</value>
         <object_component_ref idref="oc-ec"/>
      </symbol>
      <symbol id="sm-639">
         <name>_ZN6System8CPU_FREQE</name>
         <value>0x20005118</value>
      </symbol>
      <symbol id="sm-63a">
         <name>vApplicationStackOverflowHook</name>
         <value>0x3d25</value>
         <object_component_ref idref="oc-c9"/>
      </symbol>
      <symbol id="sm-63b">
         <name>vApplicationIdleHook</name>
         <value>0x3d23</value>
         <object_component_ref idref="oc-c9"/>
      </symbol>
      <symbol id="sm-63c">
         <name>_Z6mallocj</name>
         <value>0x3d31</value>
         <object_component_ref idref="oc-c9"/>
      </symbol>
      <symbol id="sm-63d">
         <name>_Z28vApplicationMallocFailedHookv</name>
         <value>0x3d1b</value>
         <object_component_ref idref="oc-c9"/>
      </symbol>
      <symbol id="sm-63e">
         <name>main</name>
         <value>0x3c8d</value>
         <object_component_ref idref="oc-c9"/>
      </symbol>
      <symbol id="sm-63f">
         <name>_Z25pcApplicatoinHostnameHookv</name>
         <value>0x3d3b</value>
         <object_component_ref idref="oc-c9"/>
      </symbol>
      <symbol id="sm-6a8">
         <name>_ZN6System5uart0E</name>
         <value>0x20006ca4</value>
         <object_component_ref idref="oc-23d"/>
      </symbol>
      <symbol id="sm-6a9">
         <name>_ZNK6System4GPIO8GPIO_REG8getValueEv</name>
         <value>0x43ab</value>
         <object_component_ref idref="oc-150"/>
      </symbol>
      <symbol id="sm-6aa">
         <name>_ZNK6System4GPIO8GPIO_REG8setValueEb</name>
         <value>0x438d</value>
         <object_component_ref idref="oc-150"/>
      </symbol>
      <symbol id="sm-6ab">
         <name>_ZN6System11nputsUIUARTEPKcj</name>
         <value>0x43ff</value>
         <object_component_ref idref="oc-150"/>
      </symbol>
      <symbol id="sm-6ac">
         <name>_ZTVN6System4UART4UARTINS0_15UART_REG_MFC_MSEEE</name>
         <value>0x4f04</value>
         <object_component_ref idref="oc-382"/>
      </symbol>
      <symbol id="sm-6ad">
         <name>_ZN6System4UART4UARTINS0_15UART_REG_MFC_MSEE8_releaseEv</name>
         <value>0x49e5</value>
         <object_component_ref idref="oc-3ff"/>
      </symbol>
      <symbol id="sm-6ae">
         <name>_ZNK6System4GPIO8GPIO_REG18defaultInitAsInputEv</name>
         <value>0x4367</value>
         <object_component_ref idref="oc-150"/>
      </symbol>
      <symbol id="sm-6af">
         <name>_ZN6System4UART4UARTINS0_15UART_REG_MFC_MSEE7_aquireEj</name>
         <value>0x496d</value>
         <object_component_ref idref="oc-3f8"/>
      </symbol>
      <symbol id="sm-6b0">
         <name>_ZN6System8FailHardEPKc</name>
         <value>0x43c1</value>
         <object_component_ref idref="oc-150"/>
      </symbol>
      <symbol id="sm-6b1">
         <name>_ZNK6System4GPIO8GPIO_REG19defaultInitAsOutputEv</name>
         <value>0x4341</value>
         <object_component_ref idref="oc-150"/>
      </symbol>
      <symbol id="sm-6b2">
         <name>_ZTIN6System4UART4UARTINS0_15UART_REG_MFC_MSEEE</name>
         <value>0x4f3c</value>
         <object_component_ref idref="oc-3f3"/>
      </symbol>
      <symbol id="sm-6b3">
         <name>_ZNK6System4UART4UARTINS0_15UART_REG_MFC_MSEE5nputsEPKcj</name>
         <value>0x47fd</value>
         <object_component_ref idref="oc-247"/>
      </symbol>
      <symbol id="sm-6b4">
         <name>_ZTSN6System15LOCKABLE_SIMPLEE</name>
         <value>0x4ec7</value>
         <object_component_ref idref="oc-446"/>
      </symbol>
      <symbol id="sm-6b5">
         <name>_ZTIN6System15LOCKABLE_SIMPLEE</name>
         <value>0x4f54</value>
         <object_component_ref idref="oc-429"/>
      </symbol>
      <symbol id="sm-6b6">
         <name>_ZTSN6System4UART4UARTINS0_15UART_REG_MFC_MSEEE</name>
         <value>0x4e54</value>
         <object_component_ref idref="oc-424"/>
      </symbol>
      <symbol id="sm-6c5">
         <name>_Z19system_init_offchipv</name>
         <value>0x4a3f</value>
         <object_component_ref idref="oc-156"/>
      </symbol>
      <symbol id="sm-6f7">
         <name>_ZN6System4UART4UARTINS0_15UART_REG_MFC_MSEE7preinitEv</name>
         <value>0x467d</value>
         <object_component_ref idref="oc-230"/>
      </symbol>
      <symbol id="sm-6f8">
         <name>_Z18system_init_onchipv</name>
         <value>0x3865</value>
         <object_component_ref idref="oc-14a"/>
      </symbol>
      <symbol id="sm-709">
         <name>_ZN4Task5Blink4mainEPv</name>
         <value>0x4839</value>
         <object_component_ref idref="oc-181"/>
      </symbol>
      <symbol id="sm-763">
         <name>_ZN10__cxxabiv117__class_type_infoD1Ev</name>
         <value>0x4a83</value>
         <object_component_ref idref="oc-455"/>
      </symbol>
      <symbol id="sm-764">
         <name>_ZTSN10__cxxabiv120__si_class_type_infoE</name>
         <value>0x4e80</value>
         <object_component_ref idref="oc-44b"/>
      </symbol>
      <symbol id="sm-765">
         <name>_ZTSN10__cxxabiv117__class_type_infoE</name>
         <value>0x4ea5</value>
         <object_component_ref idref="oc-47b"/>
      </symbol>
      <symbol id="sm-766">
         <name>_ZN10__cxxabiv117__class_type_infoD2Ev</name>
         <value>0x4a83</value>
         <object_component_ref idref="oc-455"/>
      </symbol>
      <symbol id="sm-767">
         <name>_ZN10__cxxabiv120__si_class_type_infoD2Ev</name>
         <value>0x4a87</value>
         <object_component_ref idref="oc-433"/>
      </symbol>
      <symbol id="sm-768">
         <name>_ZTVN10__cxxabiv117__class_type_infoE</name>
         <value>0x4ee4</value>
         <object_component_ref idref="oc-441"/>
      </symbol>
      <symbol id="sm-769">
         <name>_ZTIN10__cxxabiv117__class_type_infoE</name>
         <value>0x4f24</value>
         <object_component_ref idref="oc-450"/>
      </symbol>
      <symbol id="sm-76a">
         <name>_ZN10__cxxabiv120__si_class_type_infoD1Ev</name>
         <value>0x4a87</value>
         <object_component_ref idref="oc-433"/>
      </symbol>
      <symbol id="sm-76b">
         <name>_ZTIN10__cxxabiv120__si_class_type_infoE</name>
         <value>0x4f30</value>
         <object_component_ref idref="oc-42e"/>
      </symbol>
      <symbol id="sm-76c">
         <name>_ZN10__cxxabiv117__class_type_infoD0Ev</name>
         <value>0x4a09</value>
         <object_component_ref idref="oc-475"/>
      </symbol>
      <symbol id="sm-76d">
         <name>_ZTVN10__cxxabiv120__si_class_type_infoE</name>
         <value>0x4ef4</value>
         <object_component_ref idref="oc-41f"/>
      </symbol>
      <symbol id="sm-76e">
         <name>_ZN10__cxxabiv120__si_class_type_infoD0Ev</name>
         <value>0x4a17</value>
         <object_component_ref idref="oc-439"/>
      </symbol>
      <symbol id="sm-797">
         <name>_ZTSSt9type_info</name>
         <value>0x4f14</value>
         <object_component_ref idref="oc-496"/>
      </symbol>
      <symbol id="sm-798">
         <name>_ZNSt9type_infoD2Ev</name>
         <value>0x47b7</value>
         <object_component_ref idref="oc-485"/>
      </symbol>
      <symbol id="sm-799">
         <name>_ZNSt9type_infoD1Ev</name>
         <value>0x47b7</value>
         <object_component_ref idref="oc-485"/>
      </symbol>
      <symbol id="sm-79a">
         <name>_ZTISt9type_info</name>
         <value>0x4f5c</value>
         <object_component_ref idref="oc-480"/>
      </symbol>
      <symbol id="sm-7b6">
         <name>_ZdlPv</name>
         <value>0x4a6f</value>
         <object_component_ref idref="oc-48c"/>
      </symbol>
      <symbol id="sm-7b7">
         <name>_ZdlPvj</name>
         <value>0x4a8b</value>
         <object_component_ref idref="oc-461"/>
      </symbol>
      <symbol id="sm-7d2">
         <name>memcpy</name>
         <value>0x44ff</value>
         <object_component_ref idref="oc-49"/>
      </symbol>
      <symbol id="sm-7d3">
         <name>__aeabi_memcpy</name>
         <value>0x44ff</value>
         <object_component_ref idref="oc-49"/>
      </symbol>
      <symbol id="sm-7d4">
         <name>__aeabi_memcpy8</name>
         <value>0x44ff</value>
         <object_component_ref idref="oc-49"/>
      </symbol>
      <symbol id="sm-7d5">
         <name>__aeabi_memcpy4</name>
         <value>0x44ff</value>
         <object_component_ref idref="oc-49"/>
      </symbol>
      <symbol id="sm-7e4">
         <name>__aeabi_memset</name>
         <value>0x459d</value>
         <object_component_ref idref="oc-bd"/>
      </symbol>
      <symbol id="sm-7e5">
         <name>memset</name>
         <value>0x45a3</value>
         <object_component_ref idref="oc-bd"/>
      </symbol>
      <symbol id="sm-7e6">
         <name>__aeabi_memset8</name>
         <value>0x459d</value>
         <object_component_ref idref="oc-bd"/>
      </symbol>
      <symbol id="sm-7e7">
         <name>__aeabi_memset4</name>
         <value>0x459d</value>
         <object_component_ref idref="oc-bd"/>
      </symbol>
      <symbol id="sm-7e8">
         <name>__aeabi_memclr8</name>
         <value>0x459b</value>
         <object_component_ref idref="oc-bd"/>
      </symbol>
      <symbol id="sm-7e9">
         <name>__aeabi_memclr4</name>
         <value>0x459b</value>
         <object_component_ref idref="oc-bd"/>
      </symbol>
      <symbol id="sm-7ea">
         <name>__aeabi_memclr</name>
         <value>0x459b</value>
         <object_component_ref idref="oc-bd"/>
      </symbol>
      <symbol id="sm-7fd">
         <name>__TI_zero_init</name>
         <value>0x4a4d</value>
         <object_component_ref idref="oc-5b"/>
      </symbol>
      <symbol id="sm-814">
         <name>__TI_decompress_none</name>
         <value>0x4a25</value>
         <object_component_ref idref="oc-1b"/>
      </symbol>
      <symbol id="sm-837">
         <name>__TI_decompress_lzss</name>
         <value>0x4615</value>
         <object_component_ref idref="oc-15"/>
      </symbol>
      <symbol id="sm-842">
         <name>C$$EXIT</name>
         <value>0x4a93</value>
         <object_component_ref idref="oc-198"/>
      </symbol>
      <symbol id="sm-843">
         <name>abort</name>
         <value>0x4a93</value>
         <object_component_ref idref="oc-198"/>
      </symbol>
      <symbol id="sm-858">
         <name>_nop</name>
         <value>0x486f</value>
         <object_component_ref idref="oc-3a2"/>
      </symbol>
      <symbol id="sm-859">
         <name>_lock</name>
         <value>0x20006cf8</value>
         <object_component_ref idref="oc-30c"/>
      </symbol>
      <symbol id="sm-85a">
         <name>_unlock</name>
         <value>0x20006cfc</value>
         <object_component_ref idref="oc-30c"/>
      </symbol>
      <symbol id="sm-8b1">
         <name>_sys_memory</name>
         <value>0x20006d10</value>
         <object_component_ref idref="oc-24"/>
      </symbol>
      <symbol id="sm-8b2">
         <name>free</name>
         <value>0x425d</value>
         <object_component_ref idref="oc-4a3"/>
      </symbol>
      <symbol id="sm-8ca">
         <name>__stack</name>
         <value>0x20005120</value>
         <object_component_ref idref="oc-27"/>
      </symbol>
      <symbol id="sm-8cb">
         <name>_c_int00_noargs</name>
         <value>0x48a5</value>
         <object_component_ref idref="oc-67"/>
      </symbol>
      <symbol id="sm-8f5">
         <name>__TI_auto_init_nobinit_nopinit</name>
         <value>0x47b9</value>
         <object_component_ref idref="oc-1a4"/>
      </symbol>
      <symbol id="sm-8ff">
         <name>_system_pre_init</name>
         <value>0x4a8f</value>
         <object_component_ref idref="oc-c3"/>
      </symbol>
      <symbol id="sm-945">
         <name>GPIOPinConfigure</name>
         <value>0x46dd</value>
         <object_component_ref idref="oc-15c"/>
      </symbol>
      <symbol id="sm-946">
         <name>GPIOPinTypeUART</name>
         <value>0x49bb</value>
         <object_component_ref idref="oc-368"/>
      </symbol>
      <symbol id="sm-947">
         <name>GPIODirModeSet</name>
         <value>0x48d9</value>
         <object_component_ref idref="oc-261"/>
      </symbol>
      <symbol id="sm-948">
         <name>GPIOPadConfigSet</name>
         <value>0x3e85</value>
         <object_component_ref idref="oc-241"/>
      </symbol>
      <symbol id="sm-949">
         <name>GPIOPinTypeEthernetLED</name>
         <value>0x49a5</value>
         <object_component_ref idref="oc-162"/>
      </symbol>
      <symbol id="sm-954">
         <name>IntMasterDisable</name>
         <value>0x49f9</value>
         <object_component_ref idref="oc-168"/>
      </symbol>
      <symbol id="sm-9cf">
         <name>SysCtlDelay</name>
         <value>0x4a77</value>
         <object_component_ref idref="oc-24e"/>
      </symbol>
      <symbol id="sm-9d0">
         <name>SysCtlMOSCConfigSet</name>
         <value>0x4a41</value>
         <object_component_ref idref="oc-224"/>
      </symbol>
      <symbol id="sm-9d1">
         <name>SysCtlPeripheralEnable</name>
         <value>0x4871</value>
         <object_component_ref idref="oc-35c"/>
      </symbol>
      <symbol id="sm-9d2">
         <name>SysCtlClockFreqSet</name>
         <value>0x3a8d</value>
         <object_component_ref idref="oc-22a"/>
      </symbol>
      <symbol id="sm-a04">
         <name>UARTConfigSetExpClk</name>
         <value>0x4771</value>
         <object_component_ref idref="oc-237"/>
      </symbol>
      <symbol id="sm-a05">
         <name>UARTDisable</name>
         <value>0x492d</value>
         <object_component_ref idref="oc-374"/>
      </symbol>
      <symbol id="sm-a06">
         <name>UARTClockSourceSet</name>
         <value>0x4a7d</value>
         <object_component_ref idref="oc-362"/>
      </symbol>
      <symbol id="sm-a07">
         <name>UARTCharPut</name>
         <value>0x4a65</value>
         <object_component_ref idref="oc-38a"/>
      </symbol>
      <symbol id="sm-a08">
         <name>UARTEnable</name>
         <value>0x49d1</value>
         <object_component_ref idref="oc-37a"/>
      </symbol>
      <symbol id="sm-a12">
         <name>CPUcpsid</name>
         <value>0x4a33</value>
         <object_component_ref idref="oc-268"/>
      </symbol>
      <symbol id="sm-a13">
         <name>__TI_static_base__</name>
         <value>0x0</value>
      </symbol>
      <symbol id="sm-a16">
         <name>__mpu_init</name>
         <value>0x0</value>
      </symbol>
      <symbol id="sm-a17">
         <name>_system_post_cinit</name>
         <value>0x0</value>
      </symbol>
      <symbol id="sm-a18">
         <name>_ZSt17__throw_bad_allocv</name>
         <value>0x4a93</value>
      </symbol>
   </symbol_table>
   <title>Link successful</title>
</link_info>
