******************************************************************************
                  TI ARM Linker PC v20.2.7                     
******************************************************************************
>> Linked Fri May 23 23:31:06 2025

OUTPUT FILE NAME:   <VT_TM4C123.out>
ENTRY POINT SYMBOL: "_c_int00_noargs"  address: 00004b61


MEMORY CONFIGURATION

         name            origin    length      used     unused   attr    fill
----------------------  --------  ---------  --------  --------  ----  --------
  FLASH                 00000000   00040000  00005076  0003af8a  R  X
  SRAM                  20000000   00008000  00006d3c  000012c4  RW X


SEGMENT ALLOCATION MAP

run origin  load origin   length   init length attrs members
----------  ----------- ---------- ----------- ----- -------
00000000    00000000    00005078   00005078    r-x
  00000000    00000000    0000026c   0000026c    r-- .intvecs
  0000026c    0000026c    00004b16   00004b16    r-x .text
  00004d84    00004d84    00000264   00000264    r-- .const
  00004fe8    00004fe8    00000090   00000090    r-- .cinit
20000000    20000000    00006d40   00000000    rw-
  20000000    20000000    00005118   00000000    rw- .bss
  20005118    20005118    00001b58   00000000    rw- .stack
  20006c70    20006c70    000000bc   00000000    rw- .data
  20006d30    20006d30    00000010   00000000    rw- .sysmem


SECTION ALLOCATION MAP

 output                                  attributes/
section   page    origin      length       input sections
--------  ----  ----------  ----------   ----------------
.intvecs   0    00000000    0000026c     
                  00000000    0000026c     tm4c123gh6pm_startup_ccs.obj (.intvecs)

.text      0    0000026c    00004b16     
                  0000026c    00002498     tasks.obj (.text)
                  00002704    00000da4     queue.obj (.text)
                  000034a8    00000420     heap_4.obj (.text)
                  000038c8    000001bc     main.obj (.text)
                  00003a84    0000016c     driverlib.lib : gpio.obj (.text:GPIOPadConfigSet)
                  00003bf0    0000016c     system.obj (.text)
                  00003d5c    0000013c     port.obj (.text)
                  00003e98    00000134     driverlib.lib : can.obj (.text:CANMessageSet)
                  00003fcc    00000130     list.obj (.text)
                  000040fc    00000120     system_init_onchip.obj (.text)
                  0000421c    00000118     driverlib.lib : sysctl.obj (.text:SysCtlClockGet)
                  00004334    000000f4                   : sysctl.obj (.text:SysCtlClockSet)
                  00004428    000000e4     rtsv7M4_T_le_v4SPD16_eabi.lib : memory.c.obj (.text:free)
                  0000450c    000000da     portasm.obj (.text)
                  000045e6    00000002     rtsv7M4_T_le_v4SPD16_eabi.lib : stdlib_typeinfo.cpp.obj (.text:_ZNSt9type_infoD1Ev)
                  000045e8    000000b8     fiddle_task.obj (.text)
                  000046a0    0000009c     rtsv7M4_T_le_v4SPD16_eabi.lib : memcpy_t2.asm.obj (.text)
                  0000473c    0000007a                                   : memset_t2.asm.obj (.text)
                  000047b6    00000002                                   : _lock.c.obj (.text:_nop)
                  000047b8    0000006c     driverlib.lib : can.obj (.text:CANBitRateSet)
                  00004824    00000068     rtsv7M4_T_le_v4SPD16_eabi.lib : copy_decompress_lzss.c.obj (.text:decompress:lzss:__TI_decompress_lzss)
                  0000488c    00000060     system_init_onchip.obj (.text:_ZN6System4UART4UARTINS0_15UART_REG_MFC_MSEE7preinitEv)
                  000048ec    0000004c     driverlib.lib : gpio.obj (.text:GPIOPinConfigure)
                  00004938    00000046                   : uart.obj (.text:UARTConfigSetExpClk)
                  0000497e    00000002     system_init_offchip.obj (.text)
                  00004980    00000044     rtsv7M4_T_le_v4SPD16_eabi.lib : autoinit.c.obj (.text:__TI_auto_init_nobinit_nopinit:__TI_auto_init_nobinit_nopinit)
                  000049c4    00000040     driverlib.lib : can.obj (.text:CANStatusGet)
                  00004a04    00000040     OrionBMS.obj (.text)
                  00004a44    0000003c     system.obj (.text:_ZNK6System4UART4UARTINS0_15UART_REG_MFC_MSEE5nputsEPKcj)
                  00004a80    0000003a     driverlib.lib : can.obj (.text:CANInit)
                  00004aba    00000002     --HOLE-- [fill = 0]
                  00004abc    00000038                   : sysctl.obj (.text:SysCtlPeripheralReady)
                  00004af4    00000036     blink_task.obj (.text)
                  00004b2a    00000002     --HOLE-- [fill = 0]
                  00004b2c    00000034     driverlib.lib : sysctl.obj (.text:SysCtlPeripheralEnable)
                  00004b60    00000034     rtsv7M4_T_le_v4SPD16_eabi.lib : boot_cortex_m.c.obj (.text:_c_int00_noargs:_c_int00_noargs)
                  00004b94    0000002c     driverlib.lib : gpio.obj (.text:GPIODirModeSet)
                  00004bc0    00000028     rtsv7M4_T_le_v4SPD16_eabi.lib : memory.c.obj (.text:free_list_insert)
                  00004be8    00000024     driverlib.lib : can.obj (.text:_CANDataRegWrite)
                  00004c0c    00000020                   : uart.obj (.text:UARTDisable)
                  00004c2c    0000001c     system.obj (.text:_ZN6System3CAN3CAN7_aquireEj)
                  00004c48    0000001c     system.obj (.text:_ZN6System4UART4UARTINS0_15UART_REG_MFC_MSEE7_aquireEj)
                  00004c64    0000001c     rtsv7M4_T_le_v4SPD16_eabi.lib : memory.c.obj (.text:free_list_remove)
                  00004c80    00000016     driverlib.lib : gpio.obj (.text:GPIOPinTypeCAN)
                  00004c96    00000016                   : gpio.obj (.text:GPIOPinTypeUART)
                  00004cac    00000014                   : uart.obj (.text:UARTEnable)
                  00004cc0    00000014     system.obj (.text:_ZN6System3CAN3CAN8_releaseEv)
                  00004cd4    00000014     system.obj (.text:_ZN6System4UART4UARTINS0_15UART_REG_MFC_MSEE8_releaseEv)
                  00004ce8    00000010     driverlib.lib : interrupt.obj (.text:IntMasterDisable)
                  00004cf8    0000000e     rtsv7M4_T_le_v4SPD16_eabi.lib : typeinfo.c.obj (.text:_ZN10__cxxabiv117__class_type_infoD0Ev)
                  00004d06    0000000e                                   : typeinfo.c.obj (.text:_ZN10__cxxabiv120__si_class_type_infoD0Ev)
                  00004d14    0000000e                                   : copy_decompress_none.c.obj (.text:decompress:none:__TI_decompress_none)
                  00004d22    0000000c     driverlib.lib : cpu.obj (.text:CPUcpsid)
                  00004d2e    0000000c     rtsv7M4_T_le_v4SPD16_eabi.lib : copy_zero_init.c.obj (.text:decompress:ZI:__TI_zero_init)
                  00004d3a    0000000c     tm4c123gh6pm_startup_ccs.obj (.text)
                  00004d46    0000000a     driverlib.lib : can.obj (.text:CANEnable)
                  00004d50    0000000a                   : uart.obj (.text:UARTCharPut)
                  00004d5a    00000008     rtsv7M4_T_le_v4SPD16_eabi.lib : new.cpp.obj (.text:_ZdlPv)
                  00004d62    00000006     driverlib.lib : sysctl.obj (.text:SysCtlDelay)
                  00004d68    00000006                   : uart.obj (.text:UARTClockSourceSet)
                  00004d6e    00000004     rtsv7M4_T_le_v4SPD16_eabi.lib : typeinfo.c.obj (.text:_ZN10__cxxabiv117__class_type_infoD1Ev)
                  00004d72    00000004                                   : typeinfo.c.obj (.text:_ZN10__cxxabiv120__si_class_type_infoD1Ev)
                  00004d76    00000004                                   : new.cpp.obj (.text:_ZdlPvj)
                  00004d7a    00000004                                   : pre_init.c.obj (.text:_system_pre_init)
                  00004d7e    00000004                                   : exit.c.obj (.text:abort:abort)

.const     0    00004d84    00000264     
                  00004d84    00000090     driverlib.lib : gpio.obj (.const:g_pui32GPIOBaseAddrs)
                  00004e14    0000006c                   : sysctl.obj (.const:g_pui32Xtals)
                  00004e80    0000002c     system.obj (.const:.typeinfo:_ZTSN6System4UART4UARTINS0_15UART_REG_MFC_MSEEE)
                  00004eac    00000025     rtsv7M4_T_le_v4SPD16_eabi.lib : typeinfo.c.obj (.const:.typeinfo:_ZTSN10__cxxabiv120__si_class_type_infoE)
                  00004ed1    00000022                                   : typeinfo.c.obj (.const:.typeinfo:_ZTSN10__cxxabiv117__class_type_infoE)
                  00004ef3    00000001     --HOLE-- [fill = 0]
                  00004ef4    00000020     driverlib.lib : can.obj (.const:g_ui16CANBitValues)
                  00004f14    0000001b     system.obj (.const:.typeinfo:_ZTSN6System15LOCKABLE_SIMPLEE)
                  00004f2f    00000012     system.obj (.const:.typeinfo:_ZTSN6System3CAN3CANE)
                  00004f41    00000003     --HOLE-- [fill = 0]
                  00004f44    00000010     rtsv7M4_T_le_v4SPD16_eabi.lib : typeinfo.c.obj (.const:_ZTVN10__cxxabiv117__class_type_infoE)
                  00004f54    00000010                                   : typeinfo.c.obj (.const:_ZTVN10__cxxabiv120__si_class_type_infoE)
                  00004f64    00000010     system.obj (.const:_ZTVN6System3CAN3CANE)
                  00004f74    00000010     system.obj (.const:_ZTVN6System4UART4UARTINS0_15UART_REG_MFC_MSEEE)
                  00004f84    0000000d     rtsv7M4_T_le_v4SPD16_eabi.lib : stdlib_typeinfo.cpp.obj (.const:.typeinfo:_ZTSSt9type_info)
                  00004f91    00000003     --HOLE-- [fill = 0]
                  00004f94    0000000c                                   : typeinfo.c.obj (.const:.typeinfo:_ZTIN10__cxxabiv117__class_type_infoE)
                  00004fa0    0000000c                                   : typeinfo.c.obj (.const:.typeinfo:_ZTIN10__cxxabiv120__si_class_type_infoE)
                  00004fac    0000000c     system.obj (.const:.typeinfo:_ZTIN6System3CAN3CANE)
                  00004fb8    0000000c     system.obj (.const:.typeinfo:_ZTIN6System4UART4UARTINS0_15UART_REG_MFC_MSEEE)
                  00004fc4    0000000c     main.obj (.const:args$1)
                  00004fd0    00000008     system.obj (.const:.typeinfo:_ZTIN6System15LOCKABLE_SIMPLEE)
                  00004fd8    00000008     rtsv7M4_T_le_v4SPD16_eabi.lib : stdlib_typeinfo.cpp.obj (.const:.typeinfo:_ZTISt9type_info)
                  00004fe0    00000004     port.obj (.const)
                  00004fe4    00000004     tasks.obj (.const)

.cinit     0    00004fe8    00000090     
                  00004fe8    00000069     (.cinit..data.load) [load image, compression = lzss]
                  00005051    00000003     --HOLE-- [fill = 0]
                  00005054    0000000c     (__TI_handler_table)
                  00005060    00000008     (.cinit..bss.load) [load image, compression = zero_init]
                  00005068    00000010     (__TI_cinit_table)

.init_array 
*          0    00000000    00000000     UNINITIALIZED

.bss       0    20000000    00005118     UNINITIALIZED
                  20000000    00004f10     heap_4.obj (.bss:ucHeap)
                  20004f10    00000140     tasks.obj (.bss:pxReadyTasksLists)
                  20005050    00000050     (.common:xQueueRegistry)
                  200050a0    00000014     tasks.obj (.bss:xDelayedTaskList1)
                  200050b4    00000014     tasks.obj (.bss:xDelayedTaskList2)
                  200050c8    00000014     tasks.obj (.bss:xPendingReadyList)
                  200050dc    00000014     tasks.obj (.bss:xSuspendedTaskList)
                  200050f0    00000014     tasks.obj (.bss:xTasksWaitingTermination)
                  20005104    00000008     tasks.obj (.bss)
                  2000510c    00000008     heap_4.obj (.bss:xStart)
                  20005114    00000004     tasks.obj (.bss:xIdleTaskHandles)

.stack     0    20005118    00001b58     UNINITIALIZED
                  20005118    00000004     rtsv7M4_T_le_v4SPD16_eabi.lib : boot_cortex_m.c.obj (.stack)
                  2000511c    00001b54     --HOLE--

.data      0    20006c70    000000bc     UNINITIALIZED
                  20006c70    0000002c     tasks.obj (.data)
                  20006c9c    00000028     system.obj (.data:_ZN6System5uart0E)
                  20006cc4    00000024     system.obj (.data:_ZN6System4can0E)
                  20006ce8    00000015     system.obj (.data:str$1)
                  20006cfd    00000003     --HOLE--
                  20006d00    00000014     heap_4.obj (.data)
                  20006d14    00000008     rtsv7M4_T_le_v4SPD16_eabi.lib : _lock.c.obj (.data:$O1$$)
                  20006d1c    00000008                                   : memory.c.obj (.data:$O1$$)
                  20006d24    00000004     port.obj (.data)
                  20006d28    00000004     tasks.obj (.data:xYieldPendings)

.sysmem    0    20006d30    00000010     UNINITIALIZED
                  20006d30    00000010     rtsv7M4_T_le_v4SPD16_eabi.lib : memory.c.obj (.sysmem)

__llvm_prf_cnts 
*          0    20000000    00000000     UNINITIALIZED

MODULE SUMMARY

       Module                         code    ro data   rw data
       ------                         ----    -------   -------
    .\
       tm4c123gh6pm_startup_ccs.obj   12      620       0      
    +--+------------------------------+-------+---------+---------+
       Total:                         12      620       0      
                                                               
    .\FreeRTOS\Kernal\source\
       tasks.obj                      9368    4         480    
       queue.obj                      3492    0         80     
       list.obj                       304     0         0      
    +--+------------------------------+-------+---------+---------+
       Total:                         13164   4         560    
                                                               
    .\FreeRTOS\Kernal\source\portable\CCS\ARC_CM4F\
       port.obj                       316     4         4      
       portasm.obj                    218     0         0      
    +--+------------------------------+-------+---------+---------+
       Total:                         534     4         4      
                                                               
    .\FreeRTOS\Kernal\source\portable\MemMang\
       heap_4.obj                     1056    0         20268  
    +--+------------------------------+-------+---------+---------+
       Total:                         1056    0         20268  
                                                               
    .\src\Core\
       system.obj                     520     153       97     
       main.obj                       444     12        0      
       system_init_onchip.obj         384     0         0      
       system_init_offchip.obj        2       0         0      
    +--+------------------------------+-------+---------+---------+
       Total:                         1350    165       97     
                                                               
    .\src\Middleware\
       OrionBMS.obj                   64      0         0      
    +--+------------------------------+-------+---------+---------+
       Total:                         64      0         0      
                                                               
    .\src\Tasks\
       fiddle_task.obj                184     0         0      
       blink_task.obj                 54      0         0      
    +--+------------------------------+-------+---------+---------+
       Total:                         238     0         0      
                                                               
    C:/ti/TivaWare_C_Series-2.2.0.295/driverlib/ccs/Release/driverlib.lib
       sysctl.obj                     638     108       0      
       gpio.obj                       528     144       0      
       can.obj                        584     32        0      
       uart.obj                       138     0         0      
       interrupt.obj                  16      0         0      
       cpu.obj                        12      0         0      
    +--+------------------------------+-------+---------+---------+
       Total:                         1916    284       0      
                                                               
    C:\ti\ccs1281\ccs\tools\compiler\ti-cgt-arm_20.2.7.LTS\lib\rtsv7M4_T_le_v4SPD16_eabi.lib
       memory.c.obj                   296     0         8      
       typeinfo.c.obj                 36      127       0      
       memcpy_t2.asm.obj              156     0         0      
       memset_t2.asm.obj              122     0         0      
       copy_decompress_lzss.c.obj     104     0         0      
       autoinit.c.obj                 68      0         0      
       boot_cortex_m.c.obj            52      0         0      
       stdlib_typeinfo.cpp.obj        2       21        0      
       copy_decompress_none.c.obj     14      0         0      
       copy_zero_init.c.obj           12      0         0      
       new.cpp.obj                    12      0         0      
       _lock.c.obj                    2       0         8      
       exit.c.obj                     4       0         0      
       pre_init.c.obj                 4       0         0      
    +--+------------------------------+-------+---------+---------+
       Total:                         884     148       16     
                                                               
       Heap:                          0       0         16     
       Stack:                         0       0         7000   
       Linker Generated:              0       141       0      
    +--+------------------------------+-------+---------+---------+
       Grand Total:                   19218   1366      27961  


LINKER GENERATED COPY TABLES

__TI_cinit_table @ 00005068 records: 2, size/record: 8, table size: 16
	.data: load addr=00004fe8, load size=00000069 bytes, run addr=20006c70, run size=000000bc bytes, compression=lzss
	.bss: load addr=00005060, load size=00000008 bytes, run addr=20000000, run size=00005118 bytes, compression=zero_init


LINKER GENERATED HANDLER TABLE

__TI_handler_table @ 00005054 records: 3, size/record: 4, table size: 12
	index: 0, handler: __TI_decompress_lzss
	index: 1, handler: __TI_decompress_none
	index: 2, handler: __TI_zero_init


GLOBAL SYMBOLS: SORTED ALPHABETICALLY BY Name 

address   name                                                    
-------   ----                                                    
00004d7f  C$$EXIT                                                 
000047b9  CANBitRateSet                                           
00004d47  CANEnable                                               
00004a81  CANInit                                                 
00003e99  CANMessageSet                                           
000049c5  CANStatusGet                                            
00004d23  CPUcpsid                                                
00004b95  GPIODirModeSet                                          
00003a85  GPIOPadConfigSet                                        
000048ed  GPIOPinConfigure                                        
00004c81  GPIOPinTypeCAN                                          
00004c97  GPIOPinTypeUART                                         
00004ce9  IntMasterDisable                                        
00004d3b  ResetISR                                                
0000421d  SysCtlClockGet                                          
00004335  SysCtlClockSet                                          
00004d63  SysCtlDelay                                             
00004b2d  SysCtlPeripheralEnable                                  
00004abd  SysCtlPeripheralReady                                   
00004d51  UARTCharPut                                             
00004d69  UARTClockSourceSet                                      
00004939  UARTConfigSetExpClk                                     
00004c0d  UARTDisable                                             
00004cad  UARTEnable                                              
000040fd  _Z18system_init_onchipv                                 
0000497f  _Z19system_init_offchipv                                
0000394f  _Z25pcApplicatoinHostnameHookv                          
0000392f  _Z28vApplicationMallocFailedHookv                       
00003945  _Z6mallocj                                              
00004cf9  _ZN10__cxxabiv117__class_type_infoD0Ev                  
00004d6f  _ZN10__cxxabiv117__class_type_infoD1Ev                  
00004d6f  _ZN10__cxxabiv117__class_type_infoD2Ev                  
00004d07  _ZN10__cxxabiv120__si_class_type_infoD0Ev               
00004d73  _ZN10__cxxabiv120__si_class_type_infoD1Ev               
00004d73  _ZN10__cxxabiv120__si_class_type_infoD2Ev               
00004af5  _ZN4Task5Blink4mainEPv                                  
000045e9  _ZN4Task6Fiddle4mainEPv                                 
00003d39  _ZN6System11nputsUIUARTEPKcj                            
00004c2d  _ZN6System3CAN3CAN7_aquireEj                            
00003cab  _ZN6System3CAN3CAN7preinitEv                            
00004cc1  _ZN6System3CAN3CAN8_releaseEv                           
00004c49  _ZN6System4UART4UARTINS0_15UART_REG_MFC_MSEE7_aquireEj  
0000488d  _ZN6System4UART4UARTINS0_15UART_REG_MFC_MSEE7preinitEv  
00004cd5  _ZN6System4UART4UARTINS0_15UART_REG_MFC_MSEE8_releaseEv 
20006cc4  _ZN6System4can0E                                        
20006c9c  _ZN6System5uart0E                                       
00003cfb  _ZN6System8FailHardEPKc                                 
00004a05  _ZN8OrionBMS3TEM3CAN7TMtoBMS6Packet14updateChecksumEv   
00003c2b  _ZNK6System4GPIO8GPIO_REG18defaultInitAsInputEv         
00003bf1  _ZNK6System4GPIO8GPIO_REG19defaultInitAsOutputEv        
00003c95  _ZNK6System4GPIO8GPIO_REG8getValueEv                    
00003c65  _ZNK6System4GPIO8GPIO_REG8setValueEb                    
00004a45  _ZNK6System4UART4UARTINS0_15UART_REG_MFC_MSEE5nputsEPKcj
000045e7  _ZNSt9type_infoD1Ev                                     
000045e7  _ZNSt9type_infoD2Ev                                     
00004d7f  _ZSt17__throw_bad_allocv                                
00004f94  _ZTIN10__cxxabiv117__class_type_infoE                   
00004fa0  _ZTIN10__cxxabiv120__si_class_type_infoE                
00004fd0  _ZTIN6System15LOCKABLE_SIMPLEE                          
00004fac  _ZTIN6System3CAN3CANE                                   
00004fb8  _ZTIN6System4UART4UARTINS0_15UART_REG_MFC_MSEEE         
00004fd8  _ZTISt9type_info                                        
00004ed1  _ZTSN10__cxxabiv117__class_type_infoE                   
00004eac  _ZTSN10__cxxabiv120__si_class_type_infoE                
00004f14  _ZTSN6System15LOCKABLE_SIMPLEE                          
00004f2f  _ZTSN6System3CAN3CANE                                   
00004e80  _ZTSN6System4UART4UARTINS0_15UART_REG_MFC_MSEEE         
00004f84  _ZTSSt9type_info                                        
00004f44  _ZTVN10__cxxabiv117__class_type_infoE                   
00004f54  _ZTVN10__cxxabiv120__si_class_type_infoE                
00004f64  _ZTVN6System3CAN3CANE                                   
00004f74  _ZTVN6System4UART4UARTINS0_15UART_REG_MFC_MSEEE         
00004d5b  _ZdlPv                                                  
00004d77  _ZdlPvj                                                 
20006c70  __STACK_END                                             
00001b58  __STACK_SIZE                                            
20005318  __STACK_TOP                                             
00000010  __SYSMEM_SIZE                                           
00005068  __TI_CINIT_Base                                         
00005078  __TI_CINIT_Limit                                        
00005054  __TI_Handler_Table_Base                                 
00005060  __TI_Handler_Table_Limit                                
00004981  __TI_auto_init_nobinit_nopinit                          
00004825  __TI_decompress_lzss                                    
00004d15  __TI_decompress_none                                    
ffffffff  __TI_pprof_out_hndl                                     
ffffffff  __TI_prof_data_size                                     
ffffffff  __TI_prof_data_start                                    
00000000  __TI_static_base__                                      
00004d2f  __TI_zero_init                                          
0000473d  __aeabi_memclr                                          
0000473d  __aeabi_memclr4                                         
0000473d  __aeabi_memclr8                                         
000046a1  __aeabi_memcpy                                          
000046a1  __aeabi_memcpy4                                         
000046a1  __aeabi_memcpy8                                         
0000473f  __aeabi_memset                                          
0000473f  __aeabi_memset4                                         
0000473f  __aeabi_memset8                                         
ffffffff  __binit__                                               
ffffffff  __c_args__                                              
UNDEFED   __mpu_init                                              
20005118  __stack                                                 
20000000  __start___llvm_prf_cnts                                 
20000000  __stop___llvm_prf_cnts                                  
00004b61  _c_int00_noargs                                         
20006d14  _lock                                                   
000047b7  _nop                                                    
20006d30  _sys_memory                                             
UNDEFED   _system_post_cinit                                      
00004d7b  _system_pre_init                                        
20006d18  _unlock                                                 
00004d7f  abort                                                   
ffffffff  binit                                                   
00000665  eTaskGetState                                           
00004429  free                                                    
00000000  g_pfnVectors                                            
000038c9  main                                                    
000046a1  memcpy                                                  
00004745  memset                                                  
0000341b  pcQueueGetName                                          
00000fa7  pcTaskGetName                                           
00003655  pvPortCalloc                                            
000034a9  pvPortMalloc                                            
00001e35  pvTaskIncrementMutexHeldCount                           
20006c70  pxCurrentTCB                                            
00003d5d  pxPortInitialiseStack                                   
0000312b  ucQueueGetQueueType                                     
00004fe0  ulMaxSyscallInterruptPriority                           
0000451d  ulPortGetIPSR                                           
00001e55  ulTaskGenericNotifyTake                                 
00002543  ulTaskGenericNotifyValueClear                           
000040b3  uxListRemove                                            
0000313b  uxQueueGetQueueItemSize                                 
00003149  uxQueueGetQueueLength                                   
0000310b  uxQueueGetQueueNumber                                   
000030a9  uxQueueMessagesWaiting                                  
000030df  uxQueueMessagesWaitingFromISR                           
000030bf  uxQueueSpacesAvailable                                  
000007a5  uxTaskBasePriorityGet                                   
000007cd  uxTaskBasePriorityGetFromISR                            
00000fa1  uxTaskGetNumberOfTasks                                  
00001a25  uxTaskGetStackHighWaterMark                             
00000fd9  uxTaskGetSystemState                                    
00001789  uxTaskGetTaskNumber                                     
00000741  uxTaskPriorityGet                                       
00000765  uxTaskPriorityGetFromISR                                
00001e0d  uxTaskResetEventItemValue                               
00003937  vApplicationIdleHook                                    
00003939  vApplicationStackOverflowHook                           
00003fcd  vListInitialise                                         
00003ffd  vListInitialiseItem                                     
0000404b  vListInsert                                             
0000400d  vListInsertEnd                                          
000045d9  vPortEnableVFP                                          
00003dfd  vPortEndScheduler                                       
00003dff  vPortEnterCritical                                      
00003e1f  vPortExitCritical                                       
000035ed  vPortFree                                               
000037e1  vPortGetHeapStats                                       
00003887  vPortHeapResetState                                     
00003653  vPortInitialiseBlocks                                   
00004595  vPortSVCHandler                                         
00003e5b  vPortSetupTimerInterrupt                                
000045b5  vPortStartFirstTask                                     
000033ad  vQueueAddToRegistry                                     
000030f5  vQueueDelete                                            
00003119  vQueueSetQueueNumber                                    
0000345b  vQueueUnregisterQueue                                   
00000617  vTaskDelay                                              
000004d5  vTaskDelete                                             
00000d47  vTaskEndScheduler                                       
00002385  vTaskGenericNotifyGiveFromISR                           
00001881  vTaskGetInfo                                            
000016d7  vTaskInternalSetTimeOutState                            
00001779  vTaskMissedYield                                        
00001399  vTaskPlaceOnEventList                                   
000013bd  vTaskPlaceOnUnorderedEventList                          
00001d09  vTaskPriorityDisinheritAfterTimeout                     
0000081d  vTaskPrioritySet                                        
0000159b  vTaskRemoveFromUnorderedEventList                       
00002651  vTaskResetState                                         
00000abd  vTaskResume                                             
000017ad  vTaskSetTaskNumber                                      
000016b9  vTaskSetTimeOutState                                    
00000d0d  vTaskStartScheduler                                     
00000983  vTaskSuspend                                            
00000d89  vTaskSuspendAll                                         
000012c9  vTaskSwitchContext                                      
00003647  xPortGetFreeHeapSize                                    
0000364d  xPortGetMinimumEverFreeHeapSize                         
00004535  xPortPendSVHandler                                      
00003dc7  xPortStartScheduler                                     
00003e35  xPortSysTickHandler                                     
0000295d  xQueueCreateCountingSemaphore                           
000028b1  xQueueCreateMutex                                       
000027d7  xQueueGenericCreate                                     
00002705  xQueueGenericReset                                      
0000298d  xQueueGenericSend                                       
00002abd  xQueueGenericSendFromISR                                
00002b6f  xQueueGiveFromISR                                       
000028dd  xQueueGiveMutexRecursive                                
00003341  xQueueIsQueueEmptyFromISR                               
00003387  xQueueIsQueueFullFromISR                                
00002e8b  xQueuePeek                                              
00003057  xQueuePeekFromISR                                       
00002c13  xQueueReceive                                           
00002fad  xQueueReceiveFromISR                                    
20005050  xQueueRegistry                                          
00002d31  xQueueSemaphoreTake                                     
00002919  xQueueTakeMutexRecursive                                
000010b1  xTaskCatchUpTicks                                       
000016f5  xTaskCheckForTimeOut                                    
000002d9  xTaskCreate                                             
00000587  xTaskDelayUntil                                         
00002001  xTaskGenericNotify                                      
00002191  xTaskGenericNotifyFromISR                               
000024f9  xTaskGenericNotifyStateClear                            
00001f15  xTaskGenericNotifyWait                                  
00001aa1  xTaskGetCurrentTaskHandle                               
00001ac9  xTaskGetCurrentTaskHandleForCore                        
00001af3  xTaskGetSchedulerState                                  
00000f73  xTaskGetTickCount                                       
00000f8d  xTaskGetTickCountFromISR                                
000010ed  xTaskIncrementTick                                      
00001c29  xTaskPriorityDisinherit                                 
00001b1d  xTaskPriorityInherit                                    
00001439  xTaskRemoveFromEventList                                
00000da5  xTaskResumeAll                                          
00000ba1  xTaskResumeFromISR                                      


GLOBAL SYMBOLS: SORTED BY Symbol Address 

address   name                                                    
-------   ----                                                    
00000000  __TI_static_base__                                      
00000000  g_pfnVectors                                            
00000010  __SYSMEM_SIZE                                           
000002d9  xTaskCreate                                             
000004d5  vTaskDelete                                             
00000587  xTaskDelayUntil                                         
00000617  vTaskDelay                                              
00000665  eTaskGetState                                           
00000741  uxTaskPriorityGet                                       
00000765  uxTaskPriorityGetFromISR                                
000007a5  uxTaskBasePriorityGet                                   
000007cd  uxTaskBasePriorityGetFromISR                            
0000081d  vTaskPrioritySet                                        
00000983  vTaskSuspend                                            
00000abd  vTaskResume                                             
00000ba1  xTaskResumeFromISR                                      
00000d0d  vTaskStartScheduler                                     
00000d47  vTaskEndScheduler                                       
00000d89  vTaskSuspendAll                                         
00000da5  xTaskResumeAll                                          
00000f73  xTaskGetTickCount                                       
00000f8d  xTaskGetTickCountFromISR                                
00000fa1  uxTaskGetNumberOfTasks                                  
00000fa7  pcTaskGetName                                           
00000fd9  uxTaskGetSystemState                                    
000010b1  xTaskCatchUpTicks                                       
000010ed  xTaskIncrementTick                                      
000012c9  vTaskSwitchContext                                      
00001399  vTaskPlaceOnEventList                                   
000013bd  vTaskPlaceOnUnorderedEventList                          
00001439  xTaskRemoveFromEventList                                
0000159b  vTaskRemoveFromUnorderedEventList                       
000016b9  vTaskSetTimeOutState                                    
000016d7  vTaskInternalSetTimeOutState                            
000016f5  xTaskCheckForTimeOut                                    
00001779  vTaskMissedYield                                        
00001789  uxTaskGetTaskNumber                                     
000017ad  vTaskSetTaskNumber                                      
00001881  vTaskGetInfo                                            
00001a25  uxTaskGetStackHighWaterMark                             
00001aa1  xTaskGetCurrentTaskHandle                               
00001ac9  xTaskGetCurrentTaskHandleForCore                        
00001af3  xTaskGetSchedulerState                                  
00001b1d  xTaskPriorityInherit                                    
00001b58  __STACK_SIZE                                            
00001c29  xTaskPriorityDisinherit                                 
00001d09  vTaskPriorityDisinheritAfterTimeout                     
00001e0d  uxTaskResetEventItemValue                               
00001e35  pvTaskIncrementMutexHeldCount                           
00001e55  ulTaskGenericNotifyTake                                 
00001f15  xTaskGenericNotifyWait                                  
00002001  xTaskGenericNotify                                      
00002191  xTaskGenericNotifyFromISR                               
00002385  vTaskGenericNotifyGiveFromISR                           
000024f9  xTaskGenericNotifyStateClear                            
00002543  ulTaskGenericNotifyValueClear                           
00002651  vTaskResetState                                         
00002705  xQueueGenericReset                                      
000027d7  xQueueGenericCreate                                     
000028b1  xQueueCreateMutex                                       
000028dd  xQueueGiveMutexRecursive                                
00002919  xQueueTakeMutexRecursive                                
0000295d  xQueueCreateCountingSemaphore                           
0000298d  xQueueGenericSend                                       
00002abd  xQueueGenericSendFromISR                                
00002b6f  xQueueGiveFromISR                                       
00002c13  xQueueReceive                                           
00002d31  xQueueSemaphoreTake                                     
00002e8b  xQueuePeek                                              
00002fad  xQueueReceiveFromISR                                    
00003057  xQueuePeekFromISR                                       
000030a9  uxQueueMessagesWaiting                                  
000030bf  uxQueueSpacesAvailable                                  
000030df  uxQueueMessagesWaitingFromISR                           
000030f5  vQueueDelete                                            
0000310b  uxQueueGetQueueNumber                                   
00003119  vQueueSetQueueNumber                                    
0000312b  ucQueueGetQueueType                                     
0000313b  uxQueueGetQueueItemSize                                 
00003149  uxQueueGetQueueLength                                   
00003341  xQueueIsQueueEmptyFromISR                               
00003387  xQueueIsQueueFullFromISR                                
000033ad  vQueueAddToRegistry                                     
0000341b  pcQueueGetName                                          
0000345b  vQueueUnregisterQueue                                   
000034a9  pvPortMalloc                                            
000035ed  vPortFree                                               
00003647  xPortGetFreeHeapSize                                    
0000364d  xPortGetMinimumEverFreeHeapSize                         
00003653  vPortInitialiseBlocks                                   
00003655  pvPortCalloc                                            
000037e1  vPortGetHeapStats                                       
00003887  vPortHeapResetState                                     
000038c9  main                                                    
0000392f  _Z28vApplicationMallocFailedHookv                       
00003937  vApplicationIdleHook                                    
00003939  vApplicationStackOverflowHook                           
00003945  _Z6mallocj                                              
0000394f  _Z25pcApplicatoinHostnameHookv                          
00003a85  GPIOPadConfigSet                                        
00003bf1  _ZNK6System4GPIO8GPIO_REG19defaultInitAsOutputEv        
00003c2b  _ZNK6System4GPIO8GPIO_REG18defaultInitAsInputEv         
00003c65  _ZNK6System4GPIO8GPIO_REG8setValueEb                    
00003c95  _ZNK6System4GPIO8GPIO_REG8getValueEv                    
00003cab  _ZN6System3CAN3CAN7preinitEv                            
00003cfb  _ZN6System8FailHardEPKc                                 
00003d39  _ZN6System11nputsUIUARTEPKcj                            
00003d5d  pxPortInitialiseStack                                   
00003dc7  xPortStartScheduler                                     
00003dfd  vPortEndScheduler                                       
00003dff  vPortEnterCritical                                      
00003e1f  vPortExitCritical                                       
00003e35  xPortSysTickHandler                                     
00003e5b  vPortSetupTimerInterrupt                                
00003e99  CANMessageSet                                           
00003fcd  vListInitialise                                         
00003ffd  vListInitialiseItem                                     
0000400d  vListInsertEnd                                          
0000404b  vListInsert                                             
000040b3  uxListRemove                                            
000040fd  _Z18system_init_onchipv                                 
0000421d  SysCtlClockGet                                          
00004335  SysCtlClockSet                                          
00004429  free                                                    
0000451d  ulPortGetIPSR                                           
00004535  xPortPendSVHandler                                      
00004595  vPortSVCHandler                                         
000045b5  vPortStartFirstTask                                     
000045d9  vPortEnableVFP                                          
000045e7  _ZNSt9type_infoD1Ev                                     
000045e7  _ZNSt9type_infoD2Ev                                     
000045e9  _ZN4Task6Fiddle4mainEPv                                 
000046a1  __aeabi_memcpy                                          
000046a1  __aeabi_memcpy4                                         
000046a1  __aeabi_memcpy8                                         
000046a1  memcpy                                                  
0000473d  __aeabi_memclr                                          
0000473d  __aeabi_memclr4                                         
0000473d  __aeabi_memclr8                                         
0000473f  __aeabi_memset                                          
0000473f  __aeabi_memset4                                         
0000473f  __aeabi_memset8                                         
00004745  memset                                                  
000047b7  _nop                                                    
000047b9  CANBitRateSet                                           
00004825  __TI_decompress_lzss                                    
0000488d  _ZN6System4UART4UARTINS0_15UART_REG_MFC_MSEE7preinitEv  
000048ed  GPIOPinConfigure                                        
00004939  UARTConfigSetExpClk                                     
0000497f  _Z19system_init_offchipv                                
00004981  __TI_auto_init_nobinit_nopinit                          
000049c5  CANStatusGet                                            
00004a05  _ZN8OrionBMS3TEM3CAN7TMtoBMS6Packet14updateChecksumEv   
00004a45  _ZNK6System4UART4UARTINS0_15UART_REG_MFC_MSEE5nputsEPKcj
00004a81  CANInit                                                 
00004abd  SysCtlPeripheralReady                                   
00004af5  _ZN4Task5Blink4mainEPv                                  
00004b2d  SysCtlPeripheralEnable                                  
00004b61  _c_int00_noargs                                         
00004b95  GPIODirModeSet                                          
00004c0d  UARTDisable                                             
00004c2d  _ZN6System3CAN3CAN7_aquireEj                            
00004c49  _ZN6System4UART4UARTINS0_15UART_REG_MFC_MSEE7_aquireEj  
00004c81  GPIOPinTypeCAN                                          
00004c97  GPIOPinTypeUART                                         
00004cad  UARTEnable                                              
00004cc1  _ZN6System3CAN3CAN8_releaseEv                           
00004cd5  _ZN6System4UART4UARTINS0_15UART_REG_MFC_MSEE8_releaseEv 
00004ce9  IntMasterDisable                                        
00004cf9  _ZN10__cxxabiv117__class_type_infoD0Ev                  
00004d07  _ZN10__cxxabiv120__si_class_type_infoD0Ev               
00004d15  __TI_decompress_none                                    
00004d23  CPUcpsid                                                
00004d2f  __TI_zero_init                                          
00004d3b  ResetISR                                                
00004d47  CANEnable                                               
00004d51  UARTCharPut                                             
00004d5b  _ZdlPv                                                  
00004d63  SysCtlDelay                                             
00004d69  UARTClockSourceSet                                      
00004d6f  _ZN10__cxxabiv117__class_type_infoD1Ev                  
00004d6f  _ZN10__cxxabiv117__class_type_infoD2Ev                  
00004d73  _ZN10__cxxabiv120__si_class_type_infoD1Ev               
00004d73  _ZN10__cxxabiv120__si_class_type_infoD2Ev               
00004d77  _ZdlPvj                                                 
00004d7b  _system_pre_init                                        
00004d7f  C$$EXIT                                                 
00004d7f  _ZSt17__throw_bad_allocv                                
00004d7f  abort                                                   
00004e80  _ZTSN6System4UART4UARTINS0_15UART_REG_MFC_MSEEE         
00004eac  _ZTSN10__cxxabiv120__si_class_type_infoE                
00004ed1  _ZTSN10__cxxabiv117__class_type_infoE                   
00004f14  _ZTSN6System15LOCKABLE_SIMPLEE                          
00004f2f  _ZTSN6System3CAN3CANE                                   
00004f44  _ZTVN10__cxxabiv117__class_type_infoE                   
00004f54  _ZTVN10__cxxabiv120__si_class_type_infoE                
00004f64  _ZTVN6System3CAN3CANE                                   
00004f74  _ZTVN6System4UART4UARTINS0_15UART_REG_MFC_MSEEE         
00004f84  _ZTSSt9type_info                                        
00004f94  _ZTIN10__cxxabiv117__class_type_infoE                   
00004fa0  _ZTIN10__cxxabiv120__si_class_type_infoE                
00004fac  _ZTIN6System3CAN3CANE                                   
00004fb8  _ZTIN6System4UART4UARTINS0_15UART_REG_MFC_MSEEE         
00004fd0  _ZTIN6System15LOCKABLE_SIMPLEE                          
00004fd8  _ZTISt9type_info                                        
00004fe0  ulMaxSyscallInterruptPriority                           
00005054  __TI_Handler_Table_Base                                 
00005060  __TI_Handler_Table_Limit                                
00005068  __TI_CINIT_Base                                         
00005078  __TI_CINIT_Limit                                        
20000000  __start___llvm_prf_cnts                                 
20000000  __stop___llvm_prf_cnts                                  
20005050  xQueueRegistry                                          
20005118  __stack                                                 
20005318  __STACK_TOP                                             
20006c70  __STACK_END                                             
20006c70  pxCurrentTCB                                            
20006c9c  _ZN6System5uart0E                                       
20006cc4  _ZN6System4can0E                                        
20006d14  _lock                                                   
20006d18  _unlock                                                 
20006d30  _sys_memory                                             
ffffffff  __TI_pprof_out_hndl                                     
ffffffff  __TI_prof_data_size                                     
ffffffff  __TI_prof_data_start                                    
ffffffff  __binit__                                               
ffffffff  __c_args__                                              
ffffffff  binit                                                   
UNDEFED   __mpu_init                                              
UNDEFED   _system_post_cinit                                      

[230 symbols]
