<?xml version="1.0" encoding="ISO-8859-1" ?>
<link_info>
   <banner>TI ARM Linker PC v20.2.7.LTS</banner>
   <copyright>Copyright (c) 1996-2018 Texas Instruments Incorporated</copyright>
   <link_time>0x68314b8a</link_time>
   <link_errors>0x0</link_errors>
   <output_file>VT_TM4C123.out</output_file>
   <entry_point>
      <name>_c_int00_noargs</name>
      <address>0x4b61</address>
   </entry_point>
   <input_file_list>
      <input_file id="fl-2">
         <path>.\</path>
         <kind>object</kind>
         <file>tm4c123gh6pm_startup_ccs.obj</file>
         <name>tm4c123gh6pm_startup_ccs.obj</name>
      </input_file>
      <input_file id="fl-3">
         <path>.\FreeRTOS\CLI\</path>
         <kind>object</kind>
         <file>FreeRTOS_CLI.obj</file>
         <name>FreeRTOS_CLI.obj</name>
      </input_file>
      <input_file id="fl-4">
         <path>.\FreeRTOS\Kernal\source\</path>
         <kind>object</kind>
         <file>croutine.obj</file>
         <name>croutine.obj</name>
      </input_file>
      <input_file id="fl-5">
         <path>.\FreeRTOS\Kernal\source\</path>
         <kind>object</kind>
         <file>event_groups.obj</file>
         <name>event_groups.obj</name>
      </input_file>
      <input_file id="fl-6">
         <path>.\FreeRTOS\Kernal\source\</path>
         <kind>object</kind>
         <file>list.obj</file>
         <name>list.obj</name>
      </input_file>
      <input_file id="fl-7">
         <path>.\FreeRTOS\Kernal\source\</path>
         <kind>object</kind>
         <file>queue.obj</file>
         <name>queue.obj</name>
      </input_file>
      <input_file id="fl-8">
         <path>.\FreeRTOS\Kernal\source\</path>
         <kind>object</kind>
         <file>stream_buffer.obj</file>
         <name>stream_buffer.obj</name>
      </input_file>
      <input_file id="fl-9">
         <path>.\FreeRTOS\Kernal\source\</path>
         <kind>object</kind>
         <file>tasks.obj</file>
         <name>tasks.obj</name>
      </input_file>
      <input_file id="fl-a">
         <path>.\FreeRTOS\Kernal\source\</path>
         <kind>object</kind>
         <file>timers.obj</file>
         <name>timers.obj</name>
      </input_file>
      <input_file id="fl-b">
         <path>.\FreeRTOS\Kernal\source\portable\CCS\ARC_CM4F\</path>
         <kind>object</kind>
         <file>port.obj</file>
         <name>port.obj</name>
      </input_file>
      <input_file id="fl-c">
         <path>.\FreeRTOS\Kernal\source\portable\CCS\ARC_CM4F\</path>
         <kind>object</kind>
         <file>portasm.obj</file>
         <name>portasm.obj</name>
      </input_file>
      <input_file id="fl-d">
         <path>.\FreeRTOS\Kernal\source\portable\MemMang\</path>
         <kind>object</kind>
         <file>heap_4.obj</file>
         <name>heap_4.obj</name>
      </input_file>
      <input_file id="fl-e">
         <path>.\src\Core\</path>
         <kind>object</kind>
         <file>main.obj</file>
         <name>main.obj</name>
      </input_file>
      <input_file id="fl-f">
         <path>.\src\Core\</path>
         <kind>object</kind>
         <file>system.obj</file>
         <name>system.obj</name>
      </input_file>
      <input_file id="fl-10">
         <path>.\src\Core\</path>
         <kind>object</kind>
         <file>system_init_offchip.obj</file>
         <name>system_init_offchip.obj</name>
      </input_file>
      <input_file id="fl-11">
         <path>.\src\Core\</path>
         <kind>object</kind>
         <file>system_init_onchip.obj</file>
         <name>system_init_onchip.obj</name>
      </input_file>
      <input_file id="fl-12">
         <path>.\src\Middleware\</path>
         <kind>object</kind>
         <file>OrionBMS.obj</file>
         <name>OrionBMS.obj</name>
      </input_file>
      <input_file id="fl-13">
         <path>.\src\Tasks\</path>
         <kind>object</kind>
         <file>blink_task.obj</file>
         <name>blink_task.obj</name>
      </input_file>
      <input_file id="fl-14">
         <path>.\src\Tasks\</path>
         <kind>object</kind>
         <file>fiddle_task.obj</file>
         <name>fiddle_task.obj</name>
      </input_file>
      <input_file id="fl-19">
         <kind>object</kind>
         <file>&lt;internal&gt;</file>
         <name>&lt;internal&gt;</name>
      </input_file>
      <input_file id="fl-cf">
         <path>C:\ti\ccs1281\ccs\tools\compiler\ti-cgt-arm_20.2.7.LTS\lib\</path>
         <kind>archive</kind>
         <file>rtsv7M4_T_le_v4SPD16_eabi.lib</file>
         <name>typeinfo.c.obj</name>
      </input_file>
      <input_file id="fl-d0">
         <path>C:\ti\ccs1281\ccs\tools\compiler\ti-cgt-arm_20.2.7.LTS\lib\</path>
         <kind>archive</kind>
         <file>rtsv7M4_T_le_v4SPD16_eabi.lib</file>
         <name>stdlib_typeinfo.cpp.obj</name>
      </input_file>
      <input_file id="fl-d1">
         <path>C:\ti\ccs1281\ccs\tools\compiler\ti-cgt-arm_20.2.7.LTS\lib\</path>
         <kind>archive</kind>
         <file>rtsv7M4_T_le_v4SPD16_eabi.lib</file>
         <name>new.cpp.obj</name>
      </input_file>
      <input_file id="fl-d2">
         <path>C:\ti\ccs1281\ccs\tools\compiler\ti-cgt-arm_20.2.7.LTS\lib\</path>
         <kind>archive</kind>
         <file>rtsv7M4_T_le_v4SPD16_eabi.lib</file>
         <name>memcpy_t2.asm.obj</name>
      </input_file>
      <input_file id="fl-d3">
         <path>C:\ti\ccs1281\ccs\tools\compiler\ti-cgt-arm_20.2.7.LTS\lib\</path>
         <kind>archive</kind>
         <file>rtsv7M4_T_le_v4SPD16_eabi.lib</file>
         <name>memset_t2.asm.obj</name>
      </input_file>
      <input_file id="fl-d4">
         <path>C:\ti\ccs1281\ccs\tools\compiler\ti-cgt-arm_20.2.7.LTS\lib\</path>
         <kind>archive</kind>
         <file>rtsv7M4_T_le_v4SPD16_eabi.lib</file>
         <name>copy_zero_init.c.obj</name>
      </input_file>
      <input_file id="fl-d5">
         <path>C:\ti\ccs1281\ccs\tools\compiler\ti-cgt-arm_20.2.7.LTS\lib\</path>
         <kind>archive</kind>
         <file>rtsv7M4_T_le_v4SPD16_eabi.lib</file>
         <name>copy_decompress_none.c.obj</name>
      </input_file>
      <input_file id="fl-d6">
         <path>C:\ti\ccs1281\ccs\tools\compiler\ti-cgt-arm_20.2.7.LTS\lib\</path>
         <kind>archive</kind>
         <file>rtsv7M4_T_le_v4SPD16_eabi.lib</file>
         <name>copy_decompress_lzss.c.obj</name>
      </input_file>
      <input_file id="fl-d7">
         <path>C:\ti\ccs1281\ccs\tools\compiler\ti-cgt-arm_20.2.7.LTS\lib\</path>
         <kind>archive</kind>
         <file>rtsv7M4_T_le_v4SPD16_eabi.lib</file>
         <name>exit.c.obj</name>
      </input_file>
      <input_file id="fl-d8">
         <path>C:\ti\ccs1281\ccs\tools\compiler\ti-cgt-arm_20.2.7.LTS\lib\</path>
         <kind>archive</kind>
         <file>rtsv7M4_T_le_v4SPD16_eabi.lib</file>
         <name>_lock.c.obj</name>
      </input_file>
      <input_file id="fl-d9">
         <path>C:\ti\ccs1281\ccs\tools\compiler\ti-cgt-arm_20.2.7.LTS\lib\</path>
         <kind>archive</kind>
         <file>rtsv7M4_T_le_v4SPD16_eabi.lib</file>
         <name>memory.c.obj</name>
      </input_file>
      <input_file id="fl-da">
         <path>C:\ti\ccs1281\ccs\tools\compiler\ti-cgt-arm_20.2.7.LTS\lib\</path>
         <kind>archive</kind>
         <file>rtsv7M4_T_le_v4SPD16_eabi.lib</file>
         <name>strlen.c.obj</name>
      </input_file>
      <input_file id="fl-db">
         <path>C:\ti\ccs1281\ccs\tools\compiler\ti-cgt-arm_20.2.7.LTS\lib\</path>
         <kind>archive</kind>
         <file>rtsv7M4_T_le_v4SPD16_eabi.lib</file>
         <name>strncmp.c.obj</name>
      </input_file>
      <input_file id="fl-dc">
         <path>C:\ti\ccs1281\ccs\tools\compiler\ti-cgt-arm_20.2.7.LTS\lib\</path>
         <kind>archive</kind>
         <file>rtsv7M4_T_le_v4SPD16_eabi.lib</file>
         <name>strncpy.c.obj</name>
      </input_file>
      <input_file id="fl-dd">
         <path>C:\ti\ccs1281\ccs\tools\compiler\ti-cgt-arm_20.2.7.LTS\lib\</path>
         <kind>archive</kind>
         <file>rtsv7M4_T_le_v4SPD16_eabi.lib</file>
         <name>boot_cortex_m.c.obj</name>
      </input_file>
      <input_file id="fl-de">
         <path>C:\ti\ccs1281\ccs\tools\compiler\ti-cgt-arm_20.2.7.LTS\lib\</path>
         <kind>archive</kind>
         <file>rtsv7M4_T_le_v4SPD16_eabi.lib</file>
         <name>stdlib_exception.cpp.obj</name>
      </input_file>
      <input_file id="fl-df">
         <path>C:\ti\ccs1281\ccs\tools\compiler\ti-cgt-arm_20.2.7.LTS\lib\</path>
         <kind>archive</kind>
         <file>rtsv7M4_T_le_v4SPD16_eabi.lib</file>
         <name>autoinit.c.obj</name>
      </input_file>
      <input_file id="fl-e0">
         <path>C:\ti\ccs1281\ccs\tools\compiler\ti-cgt-arm_20.2.7.LTS\lib\</path>
         <kind>archive</kind>
         <file>rtsv7M4_T_le_v4SPD16_eabi.lib</file>
         <name>pre_init.c.obj</name>
      </input_file>
      <input_file id="fl-e1">
         <path>C:\ti\ccs1281\ccs\tools\compiler\ti-cgt-arm_20.2.7.LTS\lib\</path>
         <kind>archive</kind>
         <file>rtsv7M4_T_le_v4SPD16_eabi.lib</file>
         <name>cpy_tbl.c.obj</name>
      </input_file>
      <input_file id="fl-e2">
         <path>C:\ti\ccs1281\ccs\tools\compiler\ti-cgt-arm_20.2.7.LTS\lib\</path>
         <kind>archive</kind>
         <file>rtsv7M4_T_le_v4SPD16_eabi.lib</file>
         <name>args_main.c.obj</name>
      </input_file>
      <input_file id="fl-e3">
         <path>C:\ti\TivaWare_C_Series-2.2.0.295\driverlib\ccs\Release\</path>
         <kind>archive</kind>
         <file>driverlib.lib</file>
         <name>can.obj</name>
      </input_file>
      <input_file id="fl-e4">
         <path>C:\ti\TivaWare_C_Series-2.2.0.295\driverlib\ccs\Release\</path>
         <kind>archive</kind>
         <file>driverlib.lib</file>
         <name>gpio.obj</name>
      </input_file>
      <input_file id="fl-e5">
         <path>C:\ti\TivaWare_C_Series-2.2.0.295\driverlib\ccs\Release\</path>
         <kind>archive</kind>
         <file>driverlib.lib</file>
         <name>interrupt.obj</name>
      </input_file>
      <input_file id="fl-e6">
         <path>C:\ti\TivaWare_C_Series-2.2.0.295\driverlib\ccs\Release\</path>
         <kind>archive</kind>
         <file>driverlib.lib</file>
         <name>sysctl.obj</name>
      </input_file>
      <input_file id="fl-e7">
         <path>C:\ti\TivaWare_C_Series-2.2.0.295\driverlib\ccs\Release\</path>
         <kind>archive</kind>
         <file>driverlib.lib</file>
         <name>uart.obj</name>
      </input_file>
      <input_file id="fl-e8">
         <path>C:\ti\TivaWare_C_Series-2.2.0.295\driverlib\ccs\Release\</path>
         <kind>archive</kind>
         <file>driverlib.lib</file>
         <name>cpu.obj</name>
      </input_file>
   </input_file_list>
   <object_component_list>
      <object_component id="oc-12">
         <name>.intvecs</name>
         <load_address>0x0</load_address>
         <run_address>0x0</run_address>
         <size>0x26c</size>
         <input_file_ref idref="fl-2"/>
      </object_component>
      <object_component id="oc-86">
         <name>.text</name>
         <load_address>0x26c</load_address>
         <run_address>0x26c</run_address>
         <size>0x2498</size>
         <input_file_ref idref="fl-9"/>
      </object_component>
      <object_component id="oc-23f">
         <name>.text</name>
         <load_address>0x2704</load_address>
         <run_address>0x2704</run_address>
         <size>0xda4</size>
         <input_file_ref idref="fl-7"/>
      </object_component>
      <object_component id="oc-ec">
         <name>.text</name>
         <load_address>0x34a8</load_address>
         <run_address>0x34a8</run_address>
         <size>0x420</size>
         <input_file_ref idref="fl-d"/>
      </object_component>
      <object_component id="oc-c9">
         <name>.text</name>
         <load_address>0x38c8</load_address>
         <run_address>0x38c8</run_address>
         <size>0x1bc</size>
         <input_file_ref idref="fl-e"/>
      </object_component>
      <object_component id="oc-239">
         <name>.text:GPIOPadConfigSet</name>
         <load_address>0x3a84</load_address>
         <run_address>0x3a84</run_address>
         <size>0x16c</size>
         <input_file_ref idref="fl-e4"/>
      </object_component>
      <object_component id="oc-150">
         <name>.text</name>
         <load_address>0x3bf0</load_address>
         <run_address>0x3bf0</run_address>
         <size>0x16c</size>
         <input_file_ref idref="fl-f"/>
      </object_component>
      <object_component id="oc-35">
         <name>.text</name>
         <load_address>0x3d5c</load_address>
         <run_address>0x3d5c</run_address>
         <size>0x13c</size>
         <input_file_ref idref="fl-b"/>
      </object_component>
      <object_component id="oc-28e">
         <name>.text:CANMessageSet</name>
         <load_address>0x3e98</load_address>
         <run_address>0x3e98</run_address>
         <size>0x134</size>
         <input_file_ref idref="fl-e3"/>
      </object_component>
      <object_component id="oc-f2">
         <name>.text</name>
         <load_address>0x3fcc</load_address>
         <run_address>0x3fcc</run_address>
         <size>0x130</size>
         <input_file_ref idref="fl-6"/>
      </object_component>
      <object_component id="oc-14a">
         <name>.text</name>
         <load_address>0x40fc</load_address>
         <run_address>0x40fc</run_address>
         <size>0x120</size>
         <input_file_ref idref="fl-11"/>
      </object_component>
      <object_component id="oc-156">
         <name>.text:SysCtlClockGet</name>
         <load_address>0x421c</load_address>
         <run_address>0x421c</run_address>
         <size>0x118</size>
         <input_file_ref idref="fl-e6"/>
      </object_component>
      <object_component id="oc-213">
         <name>.text:SysCtlClockSet</name>
         <load_address>0x4334</load_address>
         <run_address>0x4334</run_address>
         <size>0xf4</size>
         <input_file_ref idref="fl-e6"/>
      </object_component>
      <object_component id="oc-4ac">
         <name>.text:free</name>
         <load_address>0x4428</load_address>
         <run_address>0x4428</run_address>
         <size>0xe4</size>
         <input_file_ref idref="fl-d9"/>
      </object_component>
      <object_component id="oc-30">
         <name>.text</name>
         <load_address>0x450c</load_address>
         <run_address>0x450c</run_address>
         <size>0xda</size>
         <input_file_ref idref="fl-c"/>
      </object_component>
      <object_component id="oc-48e">
         <name>.text:_ZNSt9type_infoD1Ev</name>
         <load_address>0x45e6</load_address>
         <run_address>0x45e6</run_address>
         <size>0x2</size>
         <input_file_ref idref="fl-d0"/>
      </object_component>
      <object_component id="oc-16f">
         <name>.text</name>
         <load_address>0x45e8</load_address>
         <run_address>0x45e8</run_address>
         <size>0xb8</size>
         <input_file_ref idref="fl-14"/>
      </object_component>
      <object_component id="oc-49">
         <name>.text</name>
         <load_address>0x46a0</load_address>
         <run_address>0x46a0</run_address>
         <size>0x9c</size>
         <input_file_ref idref="fl-d2"/>
      </object_component>
      <object_component id="oc-bd">
         <name>.text</name>
         <load_address>0x473c</load_address>
         <run_address>0x473c</run_address>
         <size>0x7a</size>
         <input_file_ref idref="fl-d3"/>
      </object_component>
      <object_component id="oc-397">
         <name>.text:_nop</name>
         <load_address>0x47b6</load_address>
         <run_address>0x47b6</run_address>
         <size>0x2</size>
         <input_file_ref idref="fl-d8"/>
      </object_component>
      <object_component id="oc-226">
         <name>.text:CANBitRateSet</name>
         <load_address>0x47b8</load_address>
         <run_address>0x47b8</run_address>
         <size>0x6c</size>
         <input_file_ref idref="fl-e3"/>
      </object_component>
      <object_component id="oc-15">
         <name>.text:decompress:lzss:__TI_decompress_lzss</name>
         <load_address>0x4824</load_address>
         <run_address>0x4824</run_address>
         <size>0x68</size>
         <input_file_ref idref="fl-d6"/>
      </object_component>
      <object_component id="oc-219">
         <name>.text:_ZN6System4UART4UARTINS0_15UART_REG_MFC_MSEE7preinitEv</name>
         <load_address>0x488c</load_address>
         <run_address>0x488c</run_address>
         <size>0x60</size>
         <input_file_ref idref="fl-11"/>
      </object_component>
      <object_component id="oc-245">
         <name>.text:GPIOPinConfigure</name>
         <load_address>0x48ec</load_address>
         <run_address>0x48ec</run_address>
         <size>0x4c</size>
         <input_file_ref idref="fl-e4"/>
      </object_component>
      <object_component id="oc-220">
         <name>.text:UARTConfigSetExpClk</name>
         <load_address>0x4938</load_address>
         <run_address>0x4938</run_address>
         <size>0x46</size>
         <input_file_ref idref="fl-e7"/>
      </object_component>
      <object_component id="oc-15c">
         <name>.text</name>
         <load_address>0x497e</load_address>
         <run_address>0x497e</run_address>
         <size>0x2</size>
         <input_file_ref idref="fl-10"/>
      </object_component>
      <object_component id="oc-193">
         <name>.text:__TI_auto_init_nobinit_nopinit:__TI_auto_init_nobinit_nopinit</name>
         <load_address>0x4980</load_address>
         <run_address>0x4980</run_address>
         <size>0x44</size>
         <input_file_ref idref="fl-df"/>
      </object_component>
      <object_component id="oc-294">
         <name>.text:CANStatusGet</name>
         <load_address>0x49c4</load_address>
         <run_address>0x49c4</run_address>
         <size>0x40</size>
         <input_file_ref idref="fl-e3"/>
      </object_component>
      <object_component id="oc-288">
         <name>.text</name>
         <load_address>0x4a04</load_address>
         <run_address>0x4a04</run_address>
         <size>0x40</size>
         <input_file_ref idref="fl-12"/>
      </object_component>
      <object_component id="oc-263">
         <name>.text:_ZNK6System4UART4UARTINS0_15UART_REG_MFC_MSEE5nputsEPKcj</name>
         <load_address>0x4a44</load_address>
         <run_address>0x4a44</run_address>
         <size>0x3c</size>
         <input_file_ref idref="fl-f"/>
      </object_component>
      <object_component id="oc-25d">
         <name>.text:CANInit</name>
         <load_address>0x4a80</load_address>
         <run_address>0x4a80</run_address>
         <size>0x3a</size>
         <input_file_ref idref="fl-e3"/>
      </object_component>
      <object_component id="oc-257">
         <name>.text:SysCtlPeripheralReady</name>
         <load_address>0x4abc</load_address>
         <run_address>0x4abc</run_address>
         <size>0x38</size>
         <input_file_ref idref="fl-e6"/>
      </object_component>
      <object_component id="oc-168">
         <name>.text</name>
         <load_address>0x4af4</load_address>
         <run_address>0x4af4</run_address>
         <size>0x36</size>
         <input_file_ref idref="fl-13"/>
      </object_component>
      <object_component id="oc-251">
         <name>.text:SysCtlPeripheralEnable</name>
         <load_address>0x4b2c</load_address>
         <run_address>0x4b2c</run_address>
         <size>0x34</size>
         <input_file_ref idref="fl-e6"/>
      </object_component>
      <object_component id="oc-67">
         <name>.text:_c_int00_noargs:_c_int00_noargs</name>
         <load_address>0x4b60</load_address>
         <run_address>0x4b60</run_address>
         <size>0x34</size>
         <input_file_ref idref="fl-dd"/>
      </object_component>
      <object_component id="oc-358">
         <name>.text:GPIODirModeSet</name>
         <load_address>0x4b94</load_address>
         <run_address>0x4b94</run_address>
         <size>0x2c</size>
         <input_file_ref idref="fl-e4"/>
      </object_component>
      <object_component id="oc-4cc">
         <name>.text:free_list_insert</name>
         <load_address>0x4bc0</load_address>
         <run_address>0x4bc0</run_address>
         <size>0x28</size>
         <input_file_ref idref="fl-d9"/>
      </object_component>
      <object_component id="oc-38b">
         <name>.text:_CANDataRegWrite</name>
         <load_address>0x4be8</load_address>
         <run_address>0x4be8</run_address>
         <size>0x24</size>
         <input_file_ref idref="fl-e3"/>
      </object_component>
      <object_component id="oc-327">
         <name>.text:UARTDisable</name>
         <load_address>0x4c0c</load_address>
         <run_address>0x4c0c</run_address>
         <size>0x20</size>
         <input_file_ref idref="fl-e7"/>
      </object_component>
      <object_component id="oc-3f6">
         <name>.text:_ZN6System3CAN3CAN7_aquireEj</name>
         <load_address>0x4c2c</load_address>
         <run_address>0x4c2c</run_address>
         <size>0x1c</size>
         <input_file_ref idref="fl-f"/>
      </object_component>
      <object_component id="oc-3e3">
         <name>.text:_ZN6System4UART4UARTINS0_15UART_REG_MFC_MSEE7_aquireEj</name>
         <load_address>0x4c48</load_address>
         <run_address>0x4c48</run_address>
         <size>0x1c</size>
         <input_file_ref idref="fl-f"/>
      </object_component>
      <object_component id="oc-4c6">
         <name>.text:free_list_remove</name>
         <load_address>0x4c64</load_address>
         <run_address>0x4c64</run_address>
         <size>0x1c</size>
         <input_file_ref idref="fl-d9"/>
      </object_component>
      <object_component id="oc-24b">
         <name>.text:GPIOPinTypeCAN</name>
         <load_address>0x4c80</load_address>
         <run_address>0x4c80</run_address>
         <size>0x16</size>
         <input_file_ref idref="fl-e4"/>
      </object_component>
      <object_component id="oc-31f">
         <name>.text:GPIOPinTypeUART</name>
         <load_address>0x4c96</load_address>
         <run_address>0x4c96</run_address>
         <size>0x16</size>
         <input_file_ref idref="fl-e4"/>
      </object_component>
      <object_component id="oc-32d">
         <name>.text:UARTEnable</name>
         <load_address>0x4cac</load_address>
         <run_address>0x4cac</run_address>
         <size>0x14</size>
         <input_file_ref idref="fl-e7"/>
      </object_component>
      <object_component id="oc-3fd">
         <name>.text:_ZN6System3CAN3CAN8_releaseEv</name>
         <load_address>0x4cc0</load_address>
         <run_address>0x4cc0</run_address>
         <size>0x14</size>
         <input_file_ref idref="fl-f"/>
      </object_component>
      <object_component id="oc-3ea">
         <name>.text:_ZN6System4UART4UARTINS0_15UART_REG_MFC_MSEE8_releaseEv</name>
         <load_address>0x4cd4</load_address>
         <run_address>0x4cd4</run_address>
         <size>0x14</size>
         <input_file_ref idref="fl-f"/>
      </object_component>
      <object_component id="oc-162">
         <name>.text:IntMasterDisable</name>
         <load_address>0x4ce8</load_address>
         <run_address>0x4ce8</run_address>
         <size>0x10</size>
         <input_file_ref idref="fl-e5"/>
      </object_component>
      <object_component id="oc-47e">
         <name>.text:_ZN10__cxxabiv117__class_type_infoD0Ev</name>
         <load_address>0x4cf8</load_address>
         <run_address>0x4cf8</run_address>
         <size>0xe</size>
         <input_file_ref idref="fl-cf"/>
      </object_component>
      <object_component id="oc-442">
         <name>.text:_ZN10__cxxabiv120__si_class_type_infoD0Ev</name>
         <load_address>0x4d06</load_address>
         <run_address>0x4d06</run_address>
         <size>0xe</size>
         <input_file_ref idref="fl-cf"/>
      </object_component>
      <object_component id="oc-1b">
         <name>.text:decompress:none:__TI_decompress_none</name>
         <load_address>0x4d14</load_address>
         <run_address>0x4d14</run_address>
         <size>0xe</size>
         <input_file_ref idref="fl-d5"/>
      </object_component>
      <object_component id="oc-27e">
         <name>.text:CPUcpsid</name>
         <load_address>0x4d22</load_address>
         <run_address>0x4d22</run_address>
         <size>0xc</size>
         <input_file_ref idref="fl-e8"/>
      </object_component>
      <object_component id="oc-5b">
         <name>.text:decompress:ZI:__TI_zero_init</name>
         <load_address>0x4d2e</load_address>
         <run_address>0x4d2e</run_address>
         <size>0xc</size>
         <input_file_ref idref="fl-d4"/>
      </object_component>
      <object_component id="oc-2a">
         <name>.text</name>
         <load_address>0x4d3a</load_address>
         <run_address>0x4d3a</run_address>
         <size>0xc</size>
         <input_file_ref idref="fl-2"/>
      </object_component>
      <object_component id="oc-22c">
         <name>.text:CANEnable</name>
         <load_address>0x4d46</load_address>
         <run_address>0x4d46</run_address>
         <size>0xa</size>
         <input_file_ref idref="fl-e3"/>
      </object_component>
      <object_component id="oc-362">
         <name>.text:UARTCharPut</name>
         <load_address>0x4d50</load_address>
         <run_address>0x4d50</run_address>
         <size>0xa</size>
         <input_file_ref idref="fl-e7"/>
      </object_component>
      <object_component id="oc-495">
         <name>.text:_ZdlPv</name>
         <load_address>0x4d5a</load_address>
         <run_address>0x4d5a</run_address>
         <size>0x8</size>
         <input_file_ref idref="fl-d1"/>
      </object_component>
      <object_component id="oc-26a">
         <name>.text:SysCtlDelay</name>
         <load_address>0x4d62</load_address>
         <run_address>0x4d62</run_address>
         <size>0x6</size>
         <input_file_ref idref="fl-e6"/>
      </object_component>
      <object_component id="oc-319">
         <name>.text:UARTClockSourceSet</name>
         <load_address>0x4d68</load_address>
         <run_address>0x4d68</run_address>
         <size>0x6</size>
         <input_file_ref idref="fl-e7"/>
      </object_component>
      <object_component id="oc-45e">
         <name>.text:_ZN10__cxxabiv117__class_type_infoD1Ev</name>
         <load_address>0x4d6e</load_address>
         <run_address>0x4d6e</run_address>
         <size>0x4</size>
         <input_file_ref idref="fl-cf"/>
      </object_component>
      <object_component id="oc-43c">
         <name>.text:_ZN10__cxxabiv120__si_class_type_infoD1Ev</name>
         <load_address>0x4d72</load_address>
         <run_address>0x4d72</run_address>
         <size>0x4</size>
         <input_file_ref idref="fl-cf"/>
      </object_component>
      <object_component id="oc-46a">
         <name>.text:_ZdlPvj</name>
         <load_address>0x4d76</load_address>
         <run_address>0x4d76</run_address>
         <size>0x4</size>
         <input_file_ref idref="fl-d1"/>
      </object_component>
      <object_component id="oc-c3">
         <name>.text:_system_pre_init</name>
         <load_address>0x4d7a</load_address>
         <run_address>0x4d7a</run_address>
         <size>0x4</size>
         <input_file_ref idref="fl-e0"/>
      </object_component>
      <object_component id="oc-187">
         <name>.text:abort:abort</name>
         <load_address>0x4d7e</load_address>
         <run_address>0x4d7e</run_address>
         <size>0x4</size>
         <input_file_ref idref="fl-d7"/>
      </object_component>
      <object_component id="oc-354">
         <name>.const:g_pui32GPIOBaseAddrs</name>
         <load_address>0x4d84</load_address>
         <run_address>0x4d84</run_address>
         <size>0x90</size>
         <input_file_ref idref="fl-e4"/>
      </object_component>
      <object_component id="oc-279">
         <name>.const:g_pui32Xtals</name>
         <load_address>0x4e14</load_address>
         <run_address>0x4e14</run_address>
         <size>0x6c</size>
         <input_file_ref idref="fl-e6"/>
      </object_component>
      <object_component id="oc-428">
         <name>.const:.typeinfo:_ZTSN6System4UART4UARTINS0_15UART_REG_MFC_MSEEE</name>
         <load_address>0x4e80</load_address>
         <run_address>0x4e80</run_address>
         <size>0x2c</size>
         <input_file_ref idref="fl-f"/>
      </object_component>
      <object_component id="oc-454">
         <name>.const:.typeinfo:_ZTSN10__cxxabiv120__si_class_type_infoE</name>
         <load_address>0x4eac</load_address>
         <run_address>0x4eac</run_address>
         <size>0x25</size>
         <input_file_ref idref="fl-cf"/>
      </object_component>
      <object_component id="oc-484">
         <name>.const:.typeinfo:_ZTSN10__cxxabiv117__class_type_infoE</name>
         <load_address>0x4ed1</load_address>
         <run_address>0x4ed1</run_address>
         <size>0x22</size>
         <input_file_ref idref="fl-cf"/>
      </object_component>
      <object_component id="oc-335">
         <name>.const:g_ui16CANBitValues</name>
         <load_address>0x4ef4</load_address>
         <run_address>0x4ef4</run_address>
         <size>0x20</size>
         <input_file_ref idref="fl-e3"/>
      </object_component>
      <object_component id="oc-44f">
         <name>.const:.typeinfo:_ZTSN6System15LOCKABLE_SIMPLEE</name>
         <load_address>0x4f14</load_address>
         <run_address>0x4f14</run_address>
         <size>0x1b</size>
         <input_file_ref idref="fl-f"/>
      </object_component>
      <object_component id="oc-432">
         <name>.const:.typeinfo:_ZTSN6System3CAN3CANE</name>
         <load_address>0x4f2f</load_address>
         <run_address>0x4f2f</run_address>
         <size>0x12</size>
         <input_file_ref idref="fl-f"/>
      </object_component>
      <object_component id="oc-44a">
         <name>.const:_ZTVN10__cxxabiv117__class_type_infoE</name>
         <load_address>0x4f44</load_address>
         <run_address>0x4f44</run_address>
         <size>0x10</size>
         <input_file_ref idref="fl-cf"/>
      </object_component>
      <object_component id="oc-423">
         <name>.const:_ZTVN10__cxxabiv120__si_class_type_infoE</name>
         <load_address>0x4f54</load_address>
         <run_address>0x4f54</run_address>
         <size>0x10</size>
         <input_file_ref idref="fl-cf"/>
      </object_component>
      <object_component id="oc-342">
         <name>.const:_ZTVN6System3CAN3CANE</name>
         <load_address>0x4f64</load_address>
         <run_address>0x4f64</run_address>
         <size>0x10</size>
         <input_file_ref idref="fl-f"/>
      </object_component>
      <object_component id="oc-33b">
         <name>.const:_ZTVN6System4UART4UARTINS0_15UART_REG_MFC_MSEEE</name>
         <load_address>0x4f74</load_address>
         <run_address>0x4f74</run_address>
         <size>0x10</size>
         <input_file_ref idref="fl-f"/>
      </object_component>
      <object_component id="oc-49f">
         <name>.const:.typeinfo:_ZTSSt9type_info</name>
         <load_address>0x4f84</load_address>
         <run_address>0x4f84</run_address>
         <size>0xd</size>
         <input_file_ref idref="fl-d0"/>
      </object_component>
      <object_component id="oc-459">
         <name>.const:.typeinfo:_ZTIN10__cxxabiv117__class_type_infoE</name>
         <load_address>0x4f94</load_address>
         <run_address>0x4f94</run_address>
         <size>0xc</size>
         <input_file_ref idref="fl-cf"/>
      </object_component>
      <object_component id="oc-437">
         <name>.const:.typeinfo:_ZTIN10__cxxabiv120__si_class_type_infoE</name>
         <load_address>0x4fa0</load_address>
         <run_address>0x4fa0</run_address>
         <size>0xc</size>
         <input_file_ref idref="fl-cf"/>
      </object_component>
      <object_component id="oc-3f1">
         <name>.const:.typeinfo:_ZTIN6System3CAN3CANE</name>
         <load_address>0x4fac</load_address>
         <run_address>0x4fac</run_address>
         <size>0xc</size>
         <input_file_ref idref="fl-f"/>
      </object_component>
      <object_component id="oc-3de">
         <name>.const:.typeinfo:_ZTIN6System4UART4UARTINS0_15UART_REG_MFC_MSEEE</name>
         <load_address>0x4fb8</load_address>
         <run_address>0x4fb8</run_address>
         <size>0xc</size>
         <input_file_ref idref="fl-f"/>
      </object_component>
      <object_component id="oc-16e">
         <name>.const:args$1</name>
         <load_address>0x4fc4</load_address>
         <run_address>0x4fc4</run_address>
         <size>0xc</size>
         <input_file_ref idref="fl-e"/>
      </object_component>
      <object_component id="oc-42d">
         <name>.const:.typeinfo:_ZTIN6System15LOCKABLE_SIMPLEE</name>
         <load_address>0x4fd0</load_address>
         <run_address>0x4fd0</run_address>
         <size>0x8</size>
         <input_file_ref idref="fl-f"/>
      </object_component>
      <object_component id="oc-489">
         <name>.const:.typeinfo:_ZTISt9type_info</name>
         <load_address>0x4fd8</load_address>
         <run_address>0x4fd8</run_address>
         <size>0x8</size>
         <input_file_ref idref="fl-d0"/>
      </object_component>
      <object_component id="oc-83">
         <name>.const</name>
         <load_address>0x4fe0</load_address>
         <run_address>0x4fe0</run_address>
         <size>0x4</size>
         <input_file_ref idref="fl-b"/>
      </object_component>
      <object_component id="oc-10d">
         <name>.const</name>
         <load_address>0x4fe4</load_address>
         <run_address>0x4fe4</run_address>
         <size>0x4</size>
         <input_file_ref idref="fl-9"/>
      </object_component>
      <object_component id="oc-505">
         <name>.cinit..data.load</name>
         <load_address>0x4fe8</load_address>
         <run_address>0x4fe8</run_address>
         <size>0x69</size>
      </object_component>
      <object_component id="oc-503">
         <name>__TI_handler_table</name>
         <load_address>0x5054</load_address>
         <run_address>0x5054</run_address>
         <size>0xc</size>
      </object_component>
      <object_component id="oc-506">
         <name>.cinit..bss.load</name>
         <load_address>0x5060</load_address>
         <run_address>0x5060</run_address>
         <size>0x8</size>
      </object_component>
      <object_component id="oc-504">
         <name>__TI_cinit_table</name>
         <load_address>0x5068</load_address>
         <run_address>0x5068</run_address>
         <size>0x10</size>
      </object_component>
      <object_component id="oc-80">
         <name>.data</name>
         <load_address>0x20006c70</load_address>
         <run_address>0x20006c70</run_address>
         <size>0x2c</size>
         <input_file_ref idref="fl-9"/>
      </object_component>
      <object_component id="oc-107">
         <name>.data:xYieldPendings</name>
         <load_address>0x20006d28</load_address>
         <run_address>0x20006d28</run_address>
         <size>0x4</size>
         <input_file_ref idref="fl-9"/>
      </object_component>
      <object_component id="oc-8d">
         <name>.data</name>
         <load_address>0x20006d24</load_address>
         <run_address>0x20006d24</run_address>
         <size>0x4</size>
         <input_file_ref idref="fl-b"/>
      </object_component>
      <object_component id="oc-1e0">
         <name>.data</name>
         <load_address>0x20006d00</load_address>
         <run_address>0x20006d00</run_address>
         <size>0x14</size>
         <input_file_ref idref="fl-d"/>
      </object_component>
      <object_component id="oc-232">
         <name>.data:_ZN6System5uart0E</name>
         <load_address>0x20006c9c</load_address>
         <run_address>0x20006c9c</run_address>
         <size>0x28</size>
         <input_file_ref idref="fl-f"/>
      </object_component>
      <object_component id="oc-235">
         <name>.data:_ZN6System4can0E</name>
         <load_address>0x20006cc4</load_address>
         <run_address>0x20006cc4</run_address>
         <size>0x24</size>
         <input_file_ref idref="fl-f"/>
      </object_component>
      <object_component id="oc-26b">
         <name>.data:str$1</name>
         <load_address>0x20006ce8</load_address>
         <run_address>0x20006ce8</run_address>
         <size>0x15</size>
         <input_file_ref idref="fl-f"/>
      </object_component>
      <object_component id="oc-2df">
         <name>.data:$O1$$</name>
         <load_address>0x20006d14</load_address>
         <run_address>0x20006d14</run_address>
         <size>0x8</size>
         <input_file_ref idref="fl-d8"/>
      </object_component>
      <object_component id="oc-4d3">
         <name>.data:$O1$$</name>
         <load_address>0x20006d1c</load_address>
         <run_address>0x20006d1c</run_address>
         <size>0x8</size>
         <input_file_ref idref="fl-d9"/>
      </object_component>
      <object_component id="oc-f8">
         <name>.bss:pxReadyTasksLists</name>
         <uninitialized>true</uninitialized>
         <run_address>0x20004f10</run_address>
         <size>0x140</size>
         <input_file_ref idref="fl-9"/>
      </object_component>
      <object_component id="oc-110">
         <name>.bss:xDelayedTaskList1</name>
         <uninitialized>true</uninitialized>
         <run_address>0x200050a0</run_address>
         <size>0x14</size>
         <input_file_ref idref="fl-9"/>
      </object_component>
      <object_component id="oc-113">
         <name>.bss:xDelayedTaskList2</name>
         <uninitialized>true</uninitialized>
         <run_address>0x200050b4</run_address>
         <size>0x14</size>
         <input_file_ref idref="fl-9"/>
      </object_component>
      <object_component id="oc-fe">
         <name>.bss</name>
         <uninitialized>true</uninitialized>
         <run_address>0x20005104</run_address>
         <size>0x8</size>
         <input_file_ref idref="fl-9"/>
      </object_component>
      <object_component id="oc-101">
         <name>.bss:xPendingReadyList</name>
         <uninitialized>true</uninitialized>
         <run_address>0x200050c8</run_address>
         <size>0x14</size>
         <input_file_ref idref="fl-9"/>
      </object_component>
      <object_component id="oc-fb">
         <name>.bss:xTasksWaitingTermination</name>
         <uninitialized>true</uninitialized>
         <run_address>0x200050f0</run_address>
         <size>0x14</size>
         <input_file_ref idref="fl-9"/>
      </object_component>
      <object_component id="oc-104">
         <name>.bss:xSuspendedTaskList</name>
         <uninitialized>true</uninitialized>
         <run_address>0x200050dc</run_address>
         <size>0x14</size>
         <input_file_ref idref="fl-9"/>
      </object_component>
      <object_component id="oc-10a">
         <name>.bss:xIdleTaskHandles</name>
         <uninitialized>true</uninitialized>
         <run_address>0x20005114</run_address>
         <size>0x4</size>
         <input_file_ref idref="fl-9"/>
      </object_component>
      <object_component id="oc-1e6">
         <name>.bss:ucHeap</name>
         <uninitialized>true</uninitialized>
         <run_address>0x20000000</run_address>
         <size>0x4f10</size>
         <input_file_ref idref="fl-d"/>
      </object_component>
      <object_component id="oc-1e3">
         <name>.bss:xStart</name>
         <uninitialized>true</uninitialized>
         <run_address>0x2000510c</run_address>
         <size>0x8</size>
         <input_file_ref idref="fl-d"/>
      </object_component>
      <object_component id="oc-34b">
         <name>.common:xQueueRegistry</name>
         <uninitialized>true</uninitialized>
         <run_address>0x20005050</run_address>
         <size>0x50</size>
      </object_component>
      <object_component id="oc-24">
         <name>.sysmem</name>
         <uninitialized>true</uninitialized>
         <run_address>0x20006d30</run_address>
         <size>0x10</size>
         <input_file_ref idref="fl-d9"/>
      </object_component>
      <object_component id="oc-509">
         <name>.sysmem</name>
         <uninitialized>true</uninitialized>
         <run_address>0x20006d30</run_address>
         <size>0x0</size>
      </object_component>
      <object_component id="oc-27">
         <name>.stack</name>
         <uninitialized>true</uninitialized>
         <run_address>0x20005118</run_address>
         <size>0x4</size>
         <input_file_ref idref="fl-dd"/>
      </object_component>
      <object_component id="oc-508">
         <name>.stack</name>
         <uninitialized>true</uninitialized>
         <run_address>0x20005118</run_address>
         <size>0x0</size>
      </object_component>
      <object_component id="oc-3d">
         <name>.debug_info</name>
         <load_address>0x0</load_address>
         <run_address>0x0</run_address>
         <size>0x32d</size>
         <input_file_ref idref="fl-2"/>
      </object_component>
      <object_component id="oc-13">
         <name>.debug_info</name>
         <load_address>0x32d</load_address>
         <run_address>0x32d</run_address>
         <size>0xec</size>
         <input_file_ref idref="fl-2"/>
      </object_component>
      <object_component id="oc-2b">
         <name>.debug_info</name>
         <load_address>0x419</load_address>
         <run_address>0x419</run_address>
         <size>0x268</size>
         <input_file_ref idref="fl-2"/>
      </object_component>
      <object_component id="oc-9e">
         <name>.debug_info</name>
         <load_address>0x681</load_address>
         <run_address>0x681</run_address>
         <size>0x26b</size>
         <input_file_ref idref="fl-2"/>
      </object_component>
      <object_component id="oc-44">
         <name>.debug_info</name>
         <load_address>0x8ec</load_address>
         <run_address>0x8ec</run_address>
         <size>0x84</size>
         <input_file_ref idref="fl-2"/>
      </object_component>
      <object_component id="oc-135">
         <name>.debug_info</name>
         <load_address>0x970</load_address>
         <run_address>0x970</run_address>
         <size>0x2a4</size>
         <input_file_ref idref="fl-2"/>
      </object_component>
      <object_component id="oc-3c8">
         <name>.debug_info</name>
         <load_address>0xc14</load_address>
         <run_address>0xc14</run_address>
         <size>0xef</size>
         <input_file_ref idref="fl-2"/>
      </object_component>
      <object_component id="oc-a3">
         <name>.debug_info</name>
         <load_address>0xd03</load_address>
         <run_address>0xd03</run_address>
         <size>0xbb</size>
         <input_file_ref idref="fl-2"/>
      </object_component>
      <object_component id="oc-134">
         <name>.debug_info</name>
         <load_address>0xdbe</load_address>
         <run_address>0xdbe</run_address>
         <size>0x525</size>
         <input_file_ref idref="fl-3"/>
      </object_component>
      <object_component id="oc-125">
         <name>.debug_info</name>
         <load_address>0x12e3</load_address>
         <run_address>0x12e3</run_address>
         <size>0x322</size>
         <input_file_ref idref="fl-3"/>
      </object_component>
      <object_component id="oc-20e">
         <name>.debug_info</name>
         <load_address>0x1605</load_address>
         <run_address>0x1605</run_address>
         <size>0x476</size>
         <input_file_ref idref="fl-3"/>
      </object_component>
      <object_component id="oc-92">
         <name>.debug_info</name>
         <load_address>0x1a7b</load_address>
         <run_address>0x1a7b</run_address>
         <size>0x2c</size>
         <input_file_ref idref="fl-3"/>
      </object_component>
      <object_component id="oc-97">
         <name>.debug_info</name>
         <load_address>0x1aa7</load_address>
         <run_address>0x1aa7</run_address>
         <size>0x53</size>
         <input_file_ref idref="fl-3"/>
      </object_component>
      <object_component id="oc-141">
         <name>.debug_info</name>
         <load_address>0x1afa</load_address>
         <run_address>0x1afa</run_address>
         <size>0x2c</size>
         <input_file_ref idref="fl-3"/>
      </object_component>
      <object_component id="oc-204">
         <name>.debug_info</name>
         <load_address>0x1b26</load_address>
         <run_address>0x1b26</run_address>
         <size>0x97</size>
         <input_file_ref idref="fl-3"/>
      </object_component>
      <object_component id="oc-1d1">
         <name>.debug_info</name>
         <load_address>0x1bbd</load_address>
         <run_address>0x1bbd</run_address>
         <size>0x35</size>
         <input_file_ref idref="fl-3"/>
      </object_component>
      <object_component id="oc-209">
         <name>.debug_info</name>
         <load_address>0x1bf2</load_address>
         <run_address>0x1bf2</run_address>
         <size>0x62</size>
         <input_file_ref idref="fl-3"/>
      </object_component>
      <object_component id="oc-12a">
         <name>.debug_info</name>
         <load_address>0x1c54</load_address>
         <run_address>0x1c54</run_address>
         <size>0x14c</size>
         <input_file_ref idref="fl-3"/>
      </object_component>
      <object_component id="oc-201">
         <name>.debug_info</name>
         <load_address>0x1da0</load_address>
         <run_address>0x1da0</run_address>
         <size>0x21d</size>
         <input_file_ref idref="fl-4"/>
      </object_component>
      <object_component id="oc-12f">
         <name>.debug_info</name>
         <load_address>0x1fbd</load_address>
         <run_address>0x1fbd</run_address>
         <size>0x476</size>
         <input_file_ref idref="fl-4"/>
      </object_component>
      <object_component id="oc-312">
         <name>.debug_info</name>
         <load_address>0x2433</load_address>
         <run_address>0x2433</run_address>
         <size>0xcc</size>
         <input_file_ref idref="fl-4"/>
      </object_component>
      <object_component id="oc-120">
         <name>.debug_info</name>
         <load_address>0x24ff</load_address>
         <run_address>0x24ff</run_address>
         <size>0x53</size>
         <input_file_ref idref="fl-4"/>
      </object_component>
      <object_component id="oc-2fb">
         <name>.debug_info</name>
         <load_address>0x2552</load_address>
         <run_address>0x2552</run_address>
         <size>0x668</size>
         <input_file_ref idref="fl-5"/>
      </object_component>
      <object_component id="oc-1cc">
         <name>.debug_info</name>
         <load_address>0x2bba</load_address>
         <run_address>0x2bba</run_address>
         <size>0x110</size>
         <input_file_ref idref="fl-5"/>
      </object_component>
      <object_component id="oc-1db">
         <name>.debug_info</name>
         <load_address>0x2cca</load_address>
         <run_address>0x2cca</run_address>
         <size>0x476</size>
         <input_file_ref idref="fl-5"/>
      </object_component>
      <object_component id="oc-3b8">
         <name>.debug_info</name>
         <load_address>0x3140</load_address>
         <run_address>0x3140</run_address>
         <size>0x76</size>
         <input_file_ref idref="fl-5"/>
      </object_component>
      <object_component id="oc-3bd">
         <name>.debug_info</name>
         <load_address>0x31b6</load_address>
         <run_address>0x31b6</run_address>
         <size>0x39</size>
         <input_file_ref idref="fl-5"/>
      </object_component>
      <object_component id="oc-309">
         <name>.debug_info</name>
         <load_address>0x31ef</load_address>
         <run_address>0x31ef</run_address>
         <size>0x109</size>
         <input_file_ref idref="fl-5"/>
      </object_component>
      <object_component id="oc-1c7">
         <name>.debug_info</name>
         <load_address>0x32f8</load_address>
         <run_address>0x32f8</run_address>
         <size>0x4f</size>
         <input_file_ref idref="fl-5"/>
      </object_component>
      <object_component id="oc-1ec">
         <name>.debug_info</name>
         <load_address>0x3347</load_address>
         <run_address>0x3347</run_address>
         <size>0x399</size>
         <input_file_ref idref="fl-6"/>
      </object_component>
      <object_component id="oc-f4">
         <name>.debug_info</name>
         <load_address>0x36e0</load_address>
         <run_address>0x36e0</run_address>
         <size>0x608</size>
         <input_file_ref idref="fl-6"/>
      </object_component>
      <object_component id="oc-34c">
         <name>.debug_info</name>
         <load_address>0x3ce8</load_address>
         <run_address>0x3ce8</run_address>
         <size>0x8b7</size>
         <input_file_ref idref="fl-7"/>
      </object_component>
      <object_component id="oc-241">
         <name>.debug_info</name>
         <load_address>0x459f</load_address>
         <run_address>0x459f</run_address>
         <size>0x4144</size>
         <input_file_ref idref="fl-7"/>
      </object_component>
      <object_component id="oc-408">
         <name>.debug_info</name>
         <load_address>0x86e3</load_address>
         <run_address>0x86e3</run_address>
         <size>0x23f</size>
         <input_file_ref idref="fl-7"/>
      </object_component>
      <object_component id="oc-34f">
         <name>.debug_info</name>
         <load_address>0x8922</load_address>
         <run_address>0x8922</run_address>
         <size>0x46</size>
         <input_file_ref idref="fl-7"/>
      </object_component>
      <object_component id="oc-e9">
         <name>.debug_info</name>
         <load_address>0x8968</load_address>
         <run_address>0x8968</run_address>
         <size>0x85c</size>
         <input_file_ref idref="fl-9"/>
      </object_component>
      <object_component id="oc-81">
         <name>.debug_info</name>
         <load_address>0x91c4</load_address>
         <run_address>0x91c4</run_address>
         <size>0x309</size>
         <input_file_ref idref="fl-9"/>
      </object_component>
      <object_component id="oc-f9">
         <name>.debug_info</name>
         <load_address>0x94cd</load_address>
         <run_address>0x94cd</run_address>
         <size>0x10c</size>
         <input_file_ref idref="fl-9"/>
      </object_component>
      <object_component id="oc-111">
         <name>.debug_info</name>
         <load_address>0x95d9</load_address>
         <run_address>0x95d9</run_address>
         <size>0x10c</size>
         <input_file_ref idref="fl-9"/>
      </object_component>
      <object_component id="oc-114">
         <name>.debug_info</name>
         <load_address>0x96e5</load_address>
         <run_address>0x96e5</run_address>
         <size>0x10c</size>
         <input_file_ref idref="fl-9"/>
      </object_component>
      <object_component id="oc-ff">
         <name>.debug_info</name>
         <load_address>0x97f1</load_address>
         <run_address>0x97f1</run_address>
         <size>0x14f</size>
         <input_file_ref idref="fl-9"/>
      </object_component>
      <object_component id="oc-102">
         <name>.debug_info</name>
         <load_address>0x9940</load_address>
         <run_address>0x9940</run_address>
         <size>0x10c</size>
         <input_file_ref idref="fl-9"/>
      </object_component>
      <object_component id="oc-fc">
         <name>.debug_info</name>
         <load_address>0x9a4c</load_address>
         <run_address>0x9a4c</run_address>
         <size>0x11a</size>
         <input_file_ref idref="fl-9"/>
      </object_component>
      <object_component id="oc-105">
         <name>.debug_info</name>
         <load_address>0x9b66</load_address>
         <run_address>0x9b66</run_address>
         <size>0x10e</size>
         <input_file_ref idref="fl-9"/>
      </object_component>
      <object_component id="oc-108">
         <name>.debug_info</name>
         <load_address>0x9c74</load_address>
         <run_address>0x9c74</run_address>
         <size>0x106</size>
         <input_file_ref idref="fl-9"/>
      </object_component>
      <object_component id="oc-10b">
         <name>.debug_info</name>
         <load_address>0x9d7a</load_address>
         <run_address>0x9d7a</run_address>
         <size>0x10a</size>
         <input_file_ref idref="fl-9"/>
      </object_component>
      <object_component id="oc-10e">
         <name>.debug_info</name>
         <load_address>0x9e84</load_address>
         <run_address>0x9e84</run_address>
         <size>0x10c</size>
         <input_file_ref idref="fl-9"/>
      </object_component>
      <object_component id="oc-87">
         <name>.debug_info</name>
         <load_address>0x9f90</load_address>
         <run_address>0x9f90</run_address>
         <size>0x72d9</size>
         <input_file_ref idref="fl-9"/>
      </object_component>
      <object_component id="oc-117">
         <name>.debug_info</name>
         <load_address>0x11269</load_address>
         <run_address>0x11269</run_address>
         <size>0x319</size>
         <input_file_ref idref="fl-9"/>
      </object_component>
      <object_component id="oc-1d6">
         <name>.debug_info</name>
         <load_address>0x11582</load_address>
         <run_address>0x11582</run_address>
         <size>0x146</size>
         <input_file_ref idref="fl-9"/>
      </object_component>
      <object_component id="oc-91">
         <name>.debug_info</name>
         <load_address>0x116c8</load_address>
         <run_address>0x116c8</run_address>
         <size>0x43a</size>
         <input_file_ref idref="fl-b"/>
      </object_component>
      <object_component id="oc-84">
         <name>.debug_info</name>
         <load_address>0x11b02</load_address>
         <run_address>0x11b02</run_address>
         <size>0x139</size>
         <input_file_ref idref="fl-b"/>
      </object_component>
      <object_component id="oc-8e">
         <name>.debug_info</name>
         <load_address>0x11c3b</load_address>
         <run_address>0x11c3b</run_address>
         <size>0x120</size>
         <input_file_ref idref="fl-b"/>
      </object_component>
      <object_component id="oc-39">
         <name>.debug_info</name>
         <load_address>0x11d5b</load_address>
         <run_address>0x11d5b</run_address>
         <size>0x8d0</size>
         <input_file_ref idref="fl-b"/>
      </object_component>
      <object_component id="oc-31">
         <name>.debug_info</name>
         <load_address>0x1262b</load_address>
         <run_address>0x1262b</run_address>
         <size>0x26e</size>
         <input_file_ref idref="fl-c"/>
      </object_component>
      <object_component id="oc-1ea">
         <name>.debug_info</name>
         <load_address>0x12899</load_address>
         <run_address>0x12899</run_address>
         <size>0x4d7</size>
         <input_file_ref idref="fl-d"/>
      </object_component>
      <object_component id="oc-1e7">
         <name>.debug_info</name>
         <load_address>0x12d70</load_address>
         <run_address>0x12d70</run_address>
         <size>0x107</size>
         <input_file_ref idref="fl-d"/>
      </object_component>
      <object_component id="oc-1e4">
         <name>.debug_info</name>
         <load_address>0x12e77</load_address>
         <run_address>0x12e77</run_address>
         <size>0x107</size>
         <input_file_ref idref="fl-d"/>
      </object_component>
      <object_component id="oc-1e1">
         <name>.debug_info</name>
         <load_address>0x12f7e</load_address>
         <run_address>0x12f7e</run_address>
         <size>0x213</size>
         <input_file_ref idref="fl-d"/>
      </object_component>
      <object_component id="oc-f0">
         <name>.debug_info</name>
         <load_address>0x13191</load_address>
         <run_address>0x13191</run_address>
         <size>0xd7c</size>
         <input_file_ref idref="fl-d"/>
      </object_component>
      <object_component id="oc-300">
         <name>.debug_info</name>
         <load_address>0x13f0d</load_address>
         <run_address>0x13f0d</run_address>
         <size>0x62</size>
         <input_file_ref idref="fl-d"/>
      </object_component>
      <object_component id="oc-17b">
         <name>.debug_info</name>
         <load_address>0x13f6f</load_address>
         <run_address>0x13f6f</run_address>
         <size>0x10f0</size>
         <input_file_ref idref="fl-e"/>
      </object_component>
      <object_component id="oc-cc">
         <name>.debug_info</name>
         <load_address>0x1505f</load_address>
         <run_address>0x1505f</run_address>
         <size>0x57e</size>
         <input_file_ref idref="fl-e"/>
      </object_component>
      <object_component id="oc-2a9">
         <name>.debug_info</name>
         <load_address>0x155dd</load_address>
         <run_address>0x155dd</run_address>
         <size>0x638</size>
         <input_file_ref idref="fl-e"/>
      </object_component>
      <object_component id="oc-2ae">
         <name>.debug_info</name>
         <load_address>0x15c15</load_address>
         <run_address>0x15c15</run_address>
         <size>0x87</size>
         <input_file_ref idref="fl-e"/>
      </object_component>
      <object_component id="oc-2b3">
         <name>.debug_info</name>
         <load_address>0x15c9c</load_address>
         <run_address>0x15c9c</run_address>
         <size>0x60a</size>
         <input_file_ref idref="fl-e"/>
      </object_component>
      <object_component id="oc-2b8">
         <name>.debug_info</name>
         <load_address>0x162a6</load_address>
         <run_address>0x162a6</run_address>
         <size>0x16d</size>
         <input_file_ref idref="fl-e"/>
      </object_component>
      <object_component id="oc-2bd">
         <name>.debug_info</name>
         <load_address>0x16413</load_address>
         <run_address>0x16413</run_address>
         <size>0x4f</size>
         <input_file_ref idref="fl-e"/>
      </object_component>
      <object_component id="oc-37e">
         <name>.debug_info</name>
         <load_address>0x16462</load_address>
         <run_address>0x16462</run_address>
         <size>0x2c</size>
         <input_file_ref idref="fl-e"/>
      </object_component>
      <object_component id="oc-176">
         <name>.debug_info</name>
         <load_address>0x1648e</load_address>
         <run_address>0x1648e</run_address>
         <size>0x8b</size>
         <input_file_ref idref="fl-e"/>
      </object_component>
      <object_component id="oc-2d6">
         <name>.debug_info</name>
         <load_address>0x16519</load_address>
         <run_address>0x16519</run_address>
         <size>0x2c</size>
         <input_file_ref idref="fl-e"/>
      </object_component>
      <object_component id="oc-2cc">
         <name>.debug_info</name>
         <load_address>0x16545</load_address>
         <run_address>0x16545</run_address>
         <size>0x2d6</size>
         <input_file_ref idref="fl-e"/>
      </object_component>
      <object_component id="oc-274">
         <name>.debug_info</name>
         <load_address>0x1681b</load_address>
         <run_address>0x1681b</run_address>
         <size>0xbb</size>
         <input_file_ref idref="fl-e"/>
      </object_component>
      <object_component id="oc-2c7">
         <name>.debug_info</name>
         <load_address>0x168d6</load_address>
         <run_address>0x168d6</run_address>
         <size>0x2a1</size>
         <input_file_ref idref="fl-e"/>
      </object_component>
      <object_component id="oc-2c2">
         <name>.debug_info</name>
         <load_address>0x16b77</load_address>
         <run_address>0x16b77</run_address>
         <size>0x53</size>
         <input_file_ref idref="fl-e"/>
      </object_component>
      <object_component id="oc-182">
         <name>.debug_info</name>
         <load_address>0x16bca</load_address>
         <run_address>0x16bca</run_address>
         <size>0xfe</size>
         <input_file_ref idref="fl-e"/>
      </object_component>
      <object_component id="oc-17d">
         <name>.debug_info</name>
         <load_address>0x16cc8</load_address>
         <run_address>0x16cc8</run_address>
         <size>0x3f6</size>
         <input_file_ref idref="fl-e"/>
      </object_component>
      <object_component id="oc-2d1">
         <name>.debug_info</name>
         <load_address>0x170be</load_address>
         <run_address>0x170be</run_address>
         <size>0x1e2</size>
         <input_file_ref idref="fl-e"/>
      </object_component>
      <object_component id="oc-26d">
         <name>.debug_info</name>
         <load_address>0x172a0</load_address>
         <run_address>0x172a0</run_address>
         <size>0x13eb</size>
         <input_file_ref idref="fl-f"/>
      </object_component>
      <object_component id="oc-343">
         <name>.debug_info</name>
         <load_address>0x1868b</load_address>
         <run_address>0x1868b</run_address>
         <size>0x10d</size>
         <input_file_ref idref="fl-f"/>
      </object_component>
      <object_component id="oc-33c">
         <name>.debug_info</name>
         <load_address>0x18798</load_address>
         <run_address>0x18798</run_address>
         <size>0x129</size>
         <input_file_ref idref="fl-f"/>
      </object_component>
      <object_component id="oc-42e">
         <name>.debug_info</name>
         <load_address>0x188c1</load_address>
         <run_address>0x188c1</run_address>
         <size>0x10f</size>
         <input_file_ref idref="fl-f"/>
      </object_component>
      <object_component id="oc-3df">
         <name>.debug_info</name>
         <load_address>0x189d0</load_address>
         <run_address>0x189d0</run_address>
         <size>0x11b</size>
         <input_file_ref idref="fl-f"/>
      </object_component>
      <object_component id="oc-3f2">
         <name>.debug_info</name>
         <load_address>0x18aeb</load_address>
         <run_address>0x18aeb</run_address>
         <size>0xff</size>
         <input_file_ref idref="fl-f"/>
      </object_component>
      <object_component id="oc-450">
         <name>.debug_info</name>
         <load_address>0x18bea</load_address>
         <run_address>0x18bea</run_address>
         <size>0x114</size>
         <input_file_ref idref="fl-f"/>
      </object_component>
      <object_component id="oc-429">
         <name>.debug_info</name>
         <load_address>0x18cfe</load_address>
         <run_address>0x18cfe</run_address>
         <size>0x120</size>
         <input_file_ref idref="fl-f"/>
      </object_component>
      <object_component id="oc-433">
         <name>.debug_info</name>
         <load_address>0x18e1e</load_address>
         <run_address>0x18e1e</run_address>
         <size>0x104</size>
         <input_file_ref idref="fl-f"/>
      </object_component>
      <object_component id="oc-233">
         <name>.debug_info</name>
         <load_address>0x18f22</load_address>
         <run_address>0x18f22</run_address>
         <size>0xeb</size>
         <input_file_ref idref="fl-f"/>
      </object_component>
      <object_component id="oc-236">
         <name>.debug_info</name>
         <load_address>0x1900d</load_address>
         <run_address>0x1900d</run_address>
         <size>0xe9</size>
         <input_file_ref idref="fl-f"/>
      </object_component>
      <object_component id="oc-3e4">
         <name>.debug_info</name>
         <load_address>0x190f6</load_address>
         <run_address>0x190f6</run_address>
         <size>0x20d</size>
         <input_file_ref idref="fl-f"/>
      </object_component>
      <object_component id="oc-3eb">
         <name>.debug_info</name>
         <load_address>0x19303</load_address>
         <run_address>0x19303</run_address>
         <size>0x1da</size>
         <input_file_ref idref="fl-f"/>
      </object_component>
      <object_component id="oc-264">
         <name>.debug_info</name>
         <load_address>0x194dd</load_address>
         <run_address>0x194dd</run_address>
         <size>0x21e</size>
         <input_file_ref idref="fl-f"/>
      </object_component>
      <object_component id="oc-3f7">
         <name>.debug_info</name>
         <load_address>0x196fb</load_address>
         <run_address>0x196fb</run_address>
         <size>0x1f6</size>
         <input_file_ref idref="fl-f"/>
      </object_component>
      <object_component id="oc-3fe">
         <name>.debug_info</name>
         <load_address>0x198f1</load_address>
         <run_address>0x198f1</run_address>
         <size>0x1c3</size>
         <input_file_ref idref="fl-f"/>
      </object_component>
      <object_component id="oc-151">
         <name>.debug_info</name>
         <load_address>0x19ab4</load_address>
         <run_address>0x19ab4</run_address>
         <size>0x7f4</size>
         <input_file_ref idref="fl-f"/>
      </object_component>
      <object_component id="oc-36a">
         <name>.debug_info</name>
         <load_address>0x1a2a8</load_address>
         <run_address>0x1a2a8</run_address>
         <size>0x638</size>
         <input_file_ref idref="fl-f"/>
      </object_component>
      <object_component id="oc-26f">
         <name>.debug_info</name>
         <load_address>0x1a8e0</load_address>
         <run_address>0x1a8e0</run_address>
         <size>0x6ea</size>
         <input_file_ref idref="fl-f"/>
      </object_component>
      <object_component id="oc-36f">
         <name>.debug_info</name>
         <load_address>0x1afca</load_address>
         <run_address>0x1afca</run_address>
         <size>0x16d</size>
         <input_file_ref idref="fl-f"/>
      </object_component>
      <object_component id="oc-374">
         <name>.debug_info</name>
         <load_address>0x1b137</load_address>
         <run_address>0x1b137</run_address>
         <size>0xa9</size>
         <input_file_ref idref="fl-f"/>
      </object_component>
      <object_component id="oc-379">
         <name>.debug_info</name>
         <load_address>0x1b1e0</load_address>
         <run_address>0x1b1e0</run_address>
         <size>0x46</size>
         <input_file_ref idref="fl-f"/>
      </object_component>
      <object_component id="oc-2a2">
         <name>.debug_info</name>
         <load_address>0x1b226</load_address>
         <run_address>0x1b226</run_address>
         <size>0x22b</size>
         <input_file_ref idref="fl-f"/>
      </object_component>
      <object_component id="oc-15d">
         <name>.debug_info</name>
         <load_address>0x1b451</load_address>
         <run_address>0x1b451</run_address>
         <size>0x163</size>
         <input_file_ref idref="fl-10"/>
      </object_component>
      <object_component id="oc-325">
         <name>.debug_info</name>
         <load_address>0x1b5b4</load_address>
         <run_address>0x1b5b4</run_address>
         <size>0x1224</size>
         <input_file_ref idref="fl-11"/>
      </object_component>
      <object_component id="oc-21a">
         <name>.debug_info</name>
         <load_address>0x1c7d8</load_address>
         <run_address>0x1c7d8</run_address>
         <size>0x265</size>
         <input_file_ref idref="fl-11"/>
      </object_component>
      <object_component id="oc-14b">
         <name>.debug_info</name>
         <load_address>0x1ca3d</load_address>
         <run_address>0x1ca3d</run_address>
         <size>0x27a</size>
         <input_file_ref idref="fl-11"/>
      </object_component>
      <object_component id="oc-389">
         <name>.debug_info</name>
         <load_address>0x1ccb7</load_address>
         <run_address>0x1ccb7</run_address>
         <size>0x3dd</size>
         <input_file_ref idref="fl-12"/>
      </object_component>
      <object_component id="oc-28b">
         <name>.debug_info</name>
         <load_address>0x1d094</load_address>
         <run_address>0x1d094</run_address>
         <size>0x1a8</size>
         <input_file_ref idref="fl-12"/>
      </object_component>
      <object_component id="oc-29d">
         <name>.debug_info</name>
         <load_address>0x1d23c</load_address>
         <run_address>0x1d23c</run_address>
         <size>0x2ad</size>
         <input_file_ref idref="fl-12"/>
      </object_component>
      <object_component id="oc-286">
         <name>.debug_info</name>
         <load_address>0x1d4e9</load_address>
         <run_address>0x1d4e9</run_address>
         <size>0xf6e</size>
         <input_file_ref idref="fl-13"/>
      </object_component>
      <object_component id="oc-16b">
         <name>.debug_info</name>
         <load_address>0x1e457</load_address>
         <run_address>0x1e457</run_address>
         <size>0x212</size>
         <input_file_ref idref="fl-13"/>
      </object_component>
      <object_component id="oc-29b">
         <name>.debug_info</name>
         <load_address>0x1e669</load_address>
         <run_address>0x1e669</run_address>
         <size>0x118f</size>
         <input_file_ref idref="fl-14"/>
      </object_component>
      <object_component id="oc-170">
         <name>.debug_info</name>
         <load_address>0x1f7f8</load_address>
         <run_address>0x1f7f8</run_address>
         <size>0x29e</size>
         <input_file_ref idref="fl-14"/>
      </object_component>
      <object_component id="oc-447">
         <name>.debug_info</name>
         <load_address>0x1fa96</load_address>
         <run_address>0x1fa96</run_address>
         <size>0x8a0</size>
         <input_file_ref idref="fl-cf"/>
      </object_component>
      <object_component id="oc-44b">
         <name>.debug_info</name>
         <load_address>0x20336</load_address>
         <run_address>0x20336</run_address>
         <size>0x155</size>
         <input_file_ref idref="fl-cf"/>
      </object_component>
      <object_component id="oc-424">
         <name>.debug_info</name>
         <load_address>0x2048b</load_address>
         <run_address>0x2048b</run_address>
         <size>0x15b</size>
         <input_file_ref idref="fl-cf"/>
      </object_component>
      <object_component id="oc-45a">
         <name>.debug_info</name>
         <load_address>0x205e6</load_address>
         <run_address>0x205e6</run_address>
         <size>0x147</size>
         <input_file_ref idref="fl-cf"/>
      </object_component>
      <object_component id="oc-438">
         <name>.debug_info</name>
         <load_address>0x2072d</load_address>
         <run_address>0x2072d</run_address>
         <size>0x14d</size>
         <input_file_ref idref="fl-cf"/>
      </object_component>
      <object_component id="oc-485">
         <name>.debug_info</name>
         <load_address>0x2087a</load_address>
         <run_address>0x2087a</run_address>
         <size>0x14c</size>
         <input_file_ref idref="fl-cf"/>
      </object_component>
      <object_component id="oc-455">
         <name>.debug_info</name>
         <load_address>0x209c6</load_address>
         <run_address>0x209c6</run_address>
         <size>0x152</size>
         <input_file_ref idref="fl-cf"/>
      </object_component>
      <object_component id="oc-45f">
         <name>.debug_info</name>
         <load_address>0x20b18</load_address>
         <run_address>0x20b18</run_address>
         <size>0x18f</size>
         <input_file_ref idref="fl-cf"/>
      </object_component>
      <object_component id="oc-43d">
         <name>.debug_info</name>
         <load_address>0x20ca7</load_address>
         <run_address>0x20ca7</run_address>
         <size>0x1a8</size>
         <input_file_ref idref="fl-cf"/>
      </object_component>
      <object_component id="oc-443">
         <name>.debug_info</name>
         <load_address>0x20e4f</load_address>
         <run_address>0x20e4f</run_address>
         <size>0x19c</size>
         <input_file_ref idref="fl-cf"/>
      </object_component>
      <object_component id="oc-47f">
         <name>.debug_info</name>
         <load_address>0x20feb</load_address>
         <run_address>0x20feb</run_address>
         <size>0x183</size>
         <input_file_ref idref="fl-cf"/>
      </object_component>
      <object_component id="oc-465">
         <name>.debug_info</name>
         <load_address>0x2116e</load_address>
         <run_address>0x2116e</run_address>
         <size>0x59b</size>
         <input_file_ref idref="fl-cf"/>
      </object_component>
      <object_component id="oc-474">
         <name>.debug_info</name>
         <load_address>0x21709</load_address>
         <run_address>0x21709</run_address>
         <size>0x2c</size>
         <input_file_ref idref="fl-cf"/>
      </object_component>
      <object_component id="oc-479">
         <name>.debug_info</name>
         <load_address>0x21735</load_address>
         <run_address>0x21735</run_address>
         <size>0x110</size>
         <input_file_ref idref="fl-cf"/>
      </object_component>
      <object_component id="oc-4a4">
         <name>.debug_info</name>
         <load_address>0x21845</load_address>
         <run_address>0x21845</run_address>
         <size>0x6a7</size>
         <input_file_ref idref="fl-d0"/>
      </object_component>
      <object_component id="oc-48a">
         <name>.debug_info</name>
         <load_address>0x21eec</load_address>
         <run_address>0x21eec</run_address>
         <size>0x12c</size>
         <input_file_ref idref="fl-d0"/>
      </object_component>
      <object_component id="oc-4a0">
         <name>.debug_info</name>
         <load_address>0x22018</load_address>
         <run_address>0x22018</run_address>
         <size>0x131</size>
         <input_file_ref idref="fl-d0"/>
      </object_component>
      <object_component id="oc-490">
         <name>.debug_info</name>
         <load_address>0x22149</load_address>
         <run_address>0x22149</run_address>
         <size>0x177</size>
         <input_file_ref idref="fl-d0"/>
      </object_component>
      <object_component id="oc-4bc">
         <name>.debug_info</name>
         <load_address>0x222c0</load_address>
         <run_address>0x222c0</run_address>
         <size>0x2c</size>
         <input_file_ref idref="fl-d0"/>
      </object_component>
      <object_component id="oc-4a7">
         <name>.debug_info</name>
         <load_address>0x222ec</load_address>
         <run_address>0x222ec</run_address>
         <size>0x21e</size>
         <input_file_ref idref="fl-d0"/>
      </object_component>
      <object_component id="oc-4c1">
         <name>.debug_info</name>
         <load_address>0x2250a</load_address>
         <run_address>0x2250a</run_address>
         <size>0x9c</size>
         <input_file_ref idref="fl-d0"/>
      </object_component>
      <object_component id="oc-49c">
         <name>.debug_info</name>
         <load_address>0x225a6</load_address>
         <run_address>0x225a6</run_address>
         <size>0x33b</size>
         <input_file_ref idref="fl-d1"/>
      </object_component>
      <object_component id="oc-496">
         <name>.debug_info</name>
         <load_address>0x228e1</load_address>
         <run_address>0x228e1</run_address>
         <size>0x17b</size>
         <input_file_ref idref="fl-d1"/>
      </object_component>
      <object_component id="oc-46b">
         <name>.debug_info</name>
         <load_address>0x22a5c</load_address>
         <run_address>0x22a5c</run_address>
         <size>0x178</size>
         <input_file_ref idref="fl-d1"/>
      </object_component>
      <object_component id="oc-4b5">
         <name>.debug_info</name>
         <load_address>0x22bd4</load_address>
         <run_address>0x22bd4</run_address>
         <size>0x6c</size>
         <input_file_ref idref="fl-d1"/>
      </object_component>
      <object_component id="oc-4b">
         <name>.debug_info</name>
         <load_address>0x22c40</load_address>
         <run_address>0x22c40</run_address>
         <size>0x119</size>
         <input_file_ref idref="fl-d2"/>
      </object_component>
      <object_component id="oc-c0">
         <name>.debug_info</name>
         <load_address>0x22d59</load_address>
         <run_address>0x22d59</run_address>
         <size>0x147</size>
         <input_file_ref idref="fl-d3"/>
      </object_component>
      <object_component id="oc-bc">
         <name>.debug_info</name>
         <load_address>0x22ea0</load_address>
         <run_address>0x22ea0</run_address>
         <size>0x2d4</size>
         <input_file_ref idref="fl-d4"/>
      </object_component>
      <object_component id="oc-5d">
         <name>.debug_info</name>
         <load_address>0x23174</load_address>
         <run_address>0x23174</run_address>
         <size>0x1b5</size>
         <input_file_ref idref="fl-d4"/>
      </object_component>
      <object_component id="oc-b7">
         <name>.debug_info</name>
         <load_address>0x23329</load_address>
         <run_address>0x23329</run_address>
         <size>0x46</size>
         <input_file_ref idref="fl-d4"/>
      </object_component>
      <object_component id="oc-54">
         <name>.debug_info</name>
         <load_address>0x2336f</load_address>
         <run_address>0x2336f</run_address>
         <size>0x2a8</size>
         <input_file_ref idref="fl-d5"/>
      </object_component>
      <object_component id="oc-1d">
         <name>.debug_info</name>
         <load_address>0x23617</load_address>
         <run_address>0x23617</run_address>
         <size>0x1ea</size>
         <input_file_ref idref="fl-d5"/>
      </object_component>
      <object_component id="oc-4f">
         <name>.debug_info</name>
         <load_address>0x23801</load_address>
         <run_address>0x23801</run_address>
         <size>0x46</size>
         <input_file_ref idref="fl-d5"/>
      </object_component>
      <object_component id="oc-af">
         <name>.debug_info</name>
         <load_address>0x23847</load_address>
         <run_address>0x23847</run_address>
         <size>0x2c</size>
         <input_file_ref idref="fl-d5"/>
      </object_component>
      <object_component id="oc-ad">
         <name>.debug_info</name>
         <load_address>0x23873</load_address>
         <run_address>0x23873</run_address>
         <size>0x29e</size>
         <input_file_ref idref="fl-d6"/>
      </object_component>
      <object_component id="oc-18">
         <name>.debug_info</name>
         <load_address>0x23b11</load_address>
         <run_address>0x23b11</run_address>
         <size>0x250</size>
         <input_file_ref idref="fl-d6"/>
      </object_component>
      <object_component id="oc-3f">
         <name>.debug_info</name>
         <load_address>0x23d61</load_address>
         <run_address>0x23d61</run_address>
         <size>0x60</size>
         <input_file_ref idref="fl-d6"/>
      </object_component>
      <object_component id="oc-13a">
         <name>.debug_info</name>
         <load_address>0x23dc1</load_address>
         <run_address>0x23dc1</run_address>
         <size>0x46</size>
         <input_file_ref idref="fl-d6"/>
      </object_component>
      <object_component id="oc-a8">
         <name>.debug_info</name>
         <load_address>0x23e07</load_address>
         <run_address>0x23e07</run_address>
         <size>0x39</size>
         <input_file_ref idref="fl-d6"/>
      </object_component>
      <object_component id="oc-189">
         <name>.debug_info</name>
         <load_address>0x23e40</load_address>
         <run_address>0x23e40</run_address>
         <size>0x122</size>
         <input_file_ref idref="fl-d7"/>
      </object_component>
      <object_component id="oc-39f">
         <name>.debug_info</name>
         <load_address>0x23f62</load_address>
         <run_address>0x23f62</run_address>
         <size>0x2c9</size>
         <input_file_ref idref="fl-d8"/>
      </object_component>
      <object_component id="oc-2e0">
         <name>.debug_info</name>
         <load_address>0x2422b</load_address>
         <run_address>0x2422b</run_address>
         <size>0x11e</size>
         <input_file_ref idref="fl-d8"/>
      </object_component>
      <object_component id="oc-399">
[...]
         <value>0x3e35</value>
         <object_component_ref idref="oc-35"/>
      </symbol>
      <symbol id="sm-4ae">
         <name>pxPortInitialiseStack</name>
         <value>0x3d5d</value>
         <object_component_ref idref="oc-35"/>
      </symbol>
      <symbol id="sm-4af">
         <name>vPortExitCritical</name>
         <value>0x3e1f</value>
         <object_component_ref idref="oc-35"/>
      </symbol>
      <symbol id="sm-4b0">
         <name>xPortStartScheduler</name>
         <value>0x3dc7</value>
         <object_component_ref idref="oc-35"/>
      </symbol>
      <symbol id="sm-4b1">
         <name>vPortEnterCritical</name>
         <value>0x3dff</value>
         <object_component_ref idref="oc-35"/>
      </symbol>
      <symbol id="sm-4c0">
         <name>vPortStartFirstTask</name>
         <value>0x45b5</value>
         <object_component_ref idref="oc-30"/>
      </symbol>
      <symbol id="sm-4c1">
         <name>ulPortGetIPSR</name>
         <value>0x451d</value>
         <object_component_ref idref="oc-30"/>
      </symbol>
      <symbol id="sm-4c2">
         <name>vPortEnableVFP</name>
         <value>0x45d9</value>
         <object_component_ref idref="oc-30"/>
      </symbol>
      <symbol id="sm-4c3">
         <name>xPortPendSVHandler</name>
         <value>0x4535</value>
         <object_component_ref idref="oc-30"/>
      </symbol>
      <symbol id="sm-4c4">
         <name>vPortSVCHandler</name>
         <value>0x4595</value>
         <object_component_ref idref="oc-30"/>
      </symbol>
      <symbol id="sm-52b">
         <name>vPortInitialiseBlocks</name>
         <value>0x3653</value>
         <object_component_ref idref="oc-ec"/>
      </symbol>
      <symbol id="sm-52c">
         <name>vPortGetHeapStats</name>
         <value>0x37e1</value>
         <object_component_ref idref="oc-ec"/>
      </symbol>
      <symbol id="sm-52d">
         <name>vPortHeapResetState</name>
         <value>0x3887</value>
         <object_component_ref idref="oc-ec"/>
      </symbol>
      <symbol id="sm-52e">
         <name>xPortGetFreeHeapSize</name>
         <value>0x3647</value>
         <object_component_ref idref="oc-ec"/>
      </symbol>
      <symbol id="sm-52f">
         <name>pvPortCalloc</name>
         <value>0x3655</value>
         <object_component_ref idref="oc-ec"/>
      </symbol>
      <symbol id="sm-530">
         <name>pvPortMalloc</name>
         <value>0x34a9</value>
         <object_component_ref idref="oc-ec"/>
      </symbol>
      <symbol id="sm-531">
         <name>vPortFree</name>
         <value>0x35ed</value>
         <object_component_ref idref="oc-ec"/>
      </symbol>
      <symbol id="sm-532">
         <name>xPortGetMinimumEverFreeHeapSize</name>
         <value>0x364d</value>
         <object_component_ref idref="oc-ec"/>
      </symbol>
      <symbol id="sm-5a6">
         <name>vApplicationStackOverflowHook</name>
         <value>0x3939</value>
         <object_component_ref idref="oc-c9"/>
      </symbol>
      <symbol id="sm-5a7">
         <name>vApplicationIdleHook</name>
         <value>0x3937</value>
         <object_component_ref idref="oc-c9"/>
      </symbol>
      <symbol id="sm-5a8">
         <name>_Z6mallocj</name>
         <value>0x3945</value>
         <object_component_ref idref="oc-c9"/>
      </symbol>
      <symbol id="sm-5a9">
         <name>_Z28vApplicationMallocFailedHookv</name>
         <value>0x392f</value>
         <object_component_ref idref="oc-c9"/>
      </symbol>
      <symbol id="sm-5aa">
         <name>main</name>
         <value>0x38c9</value>
         <object_component_ref idref="oc-c9"/>
      </symbol>
      <symbol id="sm-5ab">
         <name>_Z25pcApplicatoinHostnameHookv</name>
         <value>0x394f</value>
         <object_component_ref idref="oc-c9"/>
      </symbol>
      <symbol id="sm-653">
         <name>_ZN6System5uart0E</name>
         <value>0x20006c9c</value>
         <object_component_ref idref="oc-232"/>
      </symbol>
      <symbol id="sm-654">
         <name>_ZNK6System4GPIO8GPIO_REG8getValueEv</name>
         <value>0x3c95</value>
         <object_component_ref idref="oc-150"/>
      </symbol>
      <symbol id="sm-655">
         <name>_ZNK6System4GPIO8GPIO_REG8setValueEb</name>
         <value>0x3c65</value>
         <object_component_ref idref="oc-150"/>
      </symbol>
      <symbol id="sm-656">
         <name>_ZN6System11nputsUIUARTEPKcj</name>
         <value>0x3d39</value>
         <object_component_ref idref="oc-150"/>
      </symbol>
      <symbol id="sm-657">
         <name>_ZTIN6System3CAN3CANE</name>
         <value>0x4fac</value>
         <object_component_ref idref="oc-3f1"/>
      </symbol>
      <symbol id="sm-658">
         <name>_ZTVN6System4UART4UARTINS0_15UART_REG_MFC_MSEEE</name>
         <value>0x4f74</value>
         <object_component_ref idref="oc-33b"/>
      </symbol>
      <symbol id="sm-659">
         <name>_ZN6System4UART4UARTINS0_15UART_REG_MFC_MSEE8_releaseEv</name>
         <value>0x4cd5</value>
         <object_component_ref idref="oc-3ea"/>
      </symbol>
      <symbol id="sm-65a">
         <name>_ZN6System4can0E</name>
         <value>0x20006cc4</value>
         <object_component_ref idref="oc-235"/>
      </symbol>
      <symbol id="sm-65b">
         <name>_ZNK6System4GPIO8GPIO_REG18defaultInitAsInputEv</name>
         <value>0x3c2b</value>
         <object_component_ref idref="oc-150"/>
      </symbol>
      <symbol id="sm-65c">
         <name>_ZN6System4UART4UARTINS0_15UART_REG_MFC_MSEE7_aquireEj</name>
         <value>0x4c49</value>
         <object_component_ref idref="oc-3e3"/>
      </symbol>
      <symbol id="sm-65d">
         <name>_ZN6System8FailHardEPKc</name>
         <value>0x3cfb</value>
         <object_component_ref idref="oc-150"/>
      </symbol>
      <symbol id="sm-65e">
         <name>_ZN6System3CAN3CAN7preinitEv</name>
         <value>0x3cab</value>
         <object_component_ref idref="oc-150"/>
      </symbol>
      <symbol id="sm-65f">
         <name>_ZTSN6System3CAN3CANE</name>
         <value>0x4f2f</value>
         <object_component_ref idref="oc-432"/>
      </symbol>
      <symbol id="sm-660">
         <name>_ZNK6System4GPIO8GPIO_REG19defaultInitAsOutputEv</name>
         <value>0x3bf1</value>
         <object_component_ref idref="oc-150"/>
      </symbol>
      <symbol id="sm-661">
         <name>_ZTIN6System4UART4UARTINS0_15UART_REG_MFC_MSEEE</name>
         <value>0x4fb8</value>
         <object_component_ref idref="oc-3de"/>
      </symbol>
      <symbol id="sm-662">
         <name>_ZN6System3CAN3CAN7_aquireEj</name>
         <value>0x4c2d</value>
         <object_component_ref idref="oc-3f6"/>
      </symbol>
      <symbol id="sm-663">
         <name>_ZNK6System4UART4UARTINS0_15UART_REG_MFC_MSEE5nputsEPKcj</name>
         <value>0x4a45</value>
         <object_component_ref idref="oc-263"/>
      </symbol>
      <symbol id="sm-664">
         <name>_ZTSN6System15LOCKABLE_SIMPLEE</name>
         <value>0x4f14</value>
         <object_component_ref idref="oc-44f"/>
      </symbol>
      <symbol id="sm-665">
         <name>_ZTIN6System15LOCKABLE_SIMPLEE</name>
         <value>0x4fd0</value>
         <object_component_ref idref="oc-42d"/>
      </symbol>
      <symbol id="sm-666">
         <name>_ZN6System3CAN3CAN8_releaseEv</name>
         <value>0x4cc1</value>
         <object_component_ref idref="oc-3fd"/>
      </symbol>
      <symbol id="sm-667">
         <name>_ZTVN6System3CAN3CANE</name>
         <value>0x4f64</value>
         <object_component_ref idref="oc-342"/>
      </symbol>
      <symbol id="sm-668">
         <name>_ZTSN6System4UART4UARTINS0_15UART_REG_MFC_MSEEE</name>
         <value>0x4e80</value>
         <object_component_ref idref="oc-428"/>
      </symbol>
      <symbol id="sm-672">
         <name>_Z19system_init_offchipv</name>
         <value>0x497f</value>
         <object_component_ref idref="oc-15c"/>
      </symbol>
      <symbol id="sm-69b">
         <name>_ZN6System4UART4UARTINS0_15UART_REG_MFC_MSEE7preinitEv</name>
         <value>0x488d</value>
         <object_component_ref idref="oc-219"/>
      </symbol>
      <symbol id="sm-69c">
         <name>_Z18system_init_onchipv</name>
         <value>0x40fd</value>
         <object_component_ref idref="oc-14a"/>
      </symbol>
      <symbol id="sm-6b1">
         <name>_ZN8OrionBMS3TEM3CAN7TMtoBMS6Packet14updateChecksumEv</name>
         <value>0x4a05</value>
         <object_component_ref idref="oc-288"/>
      </symbol>
      <symbol id="sm-6c1">
         <name>_ZN4Task5Blink4mainEPv</name>
         <value>0x4af5</value>
         <object_component_ref idref="oc-168"/>
      </symbol>
      <symbol id="sm-6d8">
         <name>_ZN4Task6Fiddle4mainEPv</name>
         <value>0x45e9</value>
         <object_component_ref idref="oc-16f"/>
      </symbol>
      <symbol id="sm-732">
         <name>_ZN10__cxxabiv117__class_type_infoD1Ev</name>
         <value>0x4d6f</value>
         <object_component_ref idref="oc-45e"/>
      </symbol>
      <symbol id="sm-733">
         <name>_ZTSN10__cxxabiv120__si_class_type_infoE</name>
         <value>0x4eac</value>
         <object_component_ref idref="oc-454"/>
      </symbol>
      <symbol id="sm-734">
         <name>_ZTSN10__cxxabiv117__class_type_infoE</name>
         <value>0x4ed1</value>
         <object_component_ref idref="oc-484"/>
      </symbol>
      <symbol id="sm-735">
         <name>_ZN10__cxxabiv117__class_type_infoD2Ev</name>
         <value>0x4d6f</value>
         <object_component_ref idref="oc-45e"/>
      </symbol>
      <symbol id="sm-736">
         <name>_ZN10__cxxabiv120__si_class_type_infoD2Ev</name>
         <value>0x4d73</value>
         <object_component_ref idref="oc-43c"/>
      </symbol>
      <symbol id="sm-737">
         <name>_ZTVN10__cxxabiv117__class_type_infoE</name>
         <value>0x4f44</value>
         <object_component_ref idref="oc-44a"/>
      </symbol>
      <symbol id="sm-738">
         <name>_ZTIN10__cxxabiv117__class_type_infoE</name>
         <value>0x4f94</value>
         <object_component_ref idref="oc-459"/>
      </symbol>
      <symbol id="sm-739">
         <name>_ZN10__cxxabiv120__si_class_type_infoD1Ev</name>
         <value>0x4d73</value>
         <object_component_ref idref="oc-43c"/>
      </symbol>
      <symbol id="sm-73a">
         <name>_ZTIN10__cxxabiv120__si_class_type_infoE</name>
         <value>0x4fa0</value>
         <object_component_ref idref="oc-437"/>
      </symbol>
      <symbol id="sm-73b">
         <name>_ZN10__cxxabiv117__class_type_infoD0Ev</name>
         <value>0x4cf9</value>
         <object_component_ref idref="oc-47e"/>
      </symbol>
      <symbol id="sm-73c">
         <name>_ZTVN10__cxxabiv120__si_class_type_infoE</name>
         <value>0x4f54</value>
         <object_component_ref idref="oc-423"/>
      </symbol>
      <symbol id="sm-73d">
         <name>_ZN10__cxxabiv120__si_class_type_infoD0Ev</name>
         <value>0x4d07</value>
         <object_component_ref idref="oc-442"/>
      </symbol>
      <symbol id="sm-766">
         <name>_ZTSSt9type_info</name>
         <value>0x4f84</value>
         <object_component_ref idref="oc-49f"/>
      </symbol>
      <symbol id="sm-767">
         <name>_ZNSt9type_infoD2Ev</name>
         <value>0x45e7</value>
         <object_component_ref idref="oc-48e"/>
      </symbol>
      <symbol id="sm-768">
         <name>_ZNSt9type_infoD1Ev</name>
         <value>0x45e7</value>
         <object_component_ref idref="oc-48e"/>
      </symbol>
      <symbol id="sm-769">
         <name>_ZTISt9type_info</name>
         <value>0x4fd8</value>
         <object_component_ref idref="oc-489"/>
      </symbol>
      <symbol id="sm-785">
         <name>_ZdlPv</name>
         <value>0x4d5b</value>
         <object_component_ref idref="oc-495"/>
      </symbol>
      <symbol id="sm-786">
         <name>_ZdlPvj</name>
         <value>0x4d77</value>
         <object_component_ref idref="oc-46a"/>
      </symbol>
      <symbol id="sm-7a1">
         <name>memcpy</name>
         <value>0x46a1</value>
         <object_component_ref idref="oc-49"/>
      </symbol>
      <symbol id="sm-7a2">
         <name>__aeabi_memcpy</name>
         <value>0x46a1</value>
         <object_component_ref idref="oc-49"/>
      </symbol>
      <symbol id="sm-7a3">
         <name>__aeabi_memcpy8</name>
         <value>0x46a1</value>
         <object_component_ref idref="oc-49"/>
      </symbol>
      <symbol id="sm-7a4">
         <name>__aeabi_memcpy4</name>
         <value>0x46a1</value>
         <object_component_ref idref="oc-49"/>
      </symbol>
      <symbol id="sm-7b3">
         <name>__aeabi_memset</name>
         <value>0x473f</value>
         <object_component_ref idref="oc-bd"/>
      </symbol>
      <symbol id="sm-7b4">
         <name>memset</name>
         <value>0x4745</value>
         <object_component_ref idref="oc-bd"/>
      </symbol>
      <symbol id="sm-7b5">
         <name>__aeabi_memset8</name>
         <value>0x473f</value>
         <object_component_ref idref="oc-bd"/>
      </symbol>
      <symbol id="sm-7b6">
         <name>__aeabi_memset4</name>
         <value>0x473f</value>
         <object_component_ref idref="oc-bd"/>
      </symbol>
      <symbol id="sm-7b7">
         <name>__aeabi_memclr8</name>
         <value>0x473d</value>
         <object_component_ref idref="oc-bd"/>
      </symbol>
      <symbol id="sm-7b8">
         <name>__aeabi_memclr4</name>
         <value>0x473d</value>
         <object_component_ref idref="oc-bd"/>
      </symbol>
      <symbol id="sm-7b9">
         <name>__aeabi_memclr</name>
         <value>0x473d</value>
         <object_component_ref idref="oc-bd"/>
      </symbol>
      <symbol id="sm-7cb">
         <name>__TI_zero_init</name>
         <value>0x4d2f</value>
         <object_component_ref idref="oc-5b"/>
      </symbol>
      <symbol id="sm-7e2">
         <name>__TI_decompress_none</name>
         <value>0x4d15</value>
         <object_component_ref idref="oc-1b"/>
      </symbol>
      <symbol id="sm-805">
         <name>__TI_decompress_lzss</name>
         <value>0x4825</value>
         <object_component_ref idref="oc-15"/>
      </symbol>
      <symbol id="sm-810">
         <name>C$$EXIT</name>
         <value>0x4d7f</value>
         <object_component_ref idref="oc-187"/>
      </symbol>
      <symbol id="sm-811">
         <name>abort</name>
         <value>0x4d7f</value>
         <object_component_ref idref="oc-187"/>
      </symbol>
      <symbol id="sm-826">
         <name>_nop</name>
         <value>0x47b7</value>
         <object_component_ref idref="oc-397"/>
      </symbol>
      <symbol id="sm-827">
         <name>_lock</name>
         <value>0x20006d14</value>
         <object_component_ref idref="oc-2df"/>
      </symbol>
      <symbol id="sm-828">
         <name>_unlock</name>
         <value>0x20006d18</value>
         <object_component_ref idref="oc-2df"/>
      </symbol>
      <symbol id="sm-87d">
         <name>_sys_memory</name>
         <value>0x20006d30</value>
         <object_component_ref idref="oc-24"/>
      </symbol>
      <symbol id="sm-87e">
         <name>free</name>
         <value>0x4429</value>
         <object_component_ref idref="oc-4ac"/>
      </symbol>
      <symbol id="sm-894">
         <name>__stack</name>
         <value>0x20005118</value>
         <object_component_ref idref="oc-27"/>
      </symbol>
      <symbol id="sm-895">
         <name>_c_int00_noargs</name>
         <value>0x4b61</value>
         <object_component_ref idref="oc-67"/>
      </symbol>
      <symbol id="sm-8be">
         <name>__TI_auto_init_nobinit_nopinit</name>
         <value>0x4981</value>
         <object_component_ref idref="oc-193"/>
      </symbol>
      <symbol id="sm-8c8">
         <name>_system_pre_init</name>
         <value>0x4d7b</value>
         <object_component_ref idref="oc-c3"/>
      </symbol>
      <symbol id="sm-92f">
         <name>CANBitRateSet</name>
         <value>0x47b9</value>
         <object_component_ref idref="oc-226"/>
      </symbol>
      <symbol id="sm-930">
         <name>CANEnable</name>
         <value>0x4d47</value>
         <object_component_ref idref="oc-22c"/>
      </symbol>
      <symbol id="sm-931">
         <name>CANStatusGet</name>
         <value>0x49c5</value>
         <object_component_ref idref="oc-294"/>
      </symbol>
      <symbol id="sm-932">
         <name>CANMessageSet</name>
         <value>0x3e99</value>
         <object_component_ref idref="oc-28e"/>
      </symbol>
      <symbol id="sm-933">
         <name>CANInit</name>
         <value>0x4a81</value>
         <object_component_ref idref="oc-25d"/>
      </symbol>
      <symbol id="sm-975">
         <name>GPIOPinConfigure</name>
         <value>0x48ed</value>
         <object_component_ref idref="oc-245"/>
      </symbol>
      <symbol id="sm-976">
         <name>GPIOPinTypeUART</name>
         <value>0x4c97</value>
         <object_component_ref idref="oc-31f"/>
      </symbol>
      <symbol id="sm-977">
         <name>GPIODirModeSet</name>
         <value>0x4b95</value>
         <object_component_ref idref="oc-358"/>
      </symbol>
      <symbol id="sm-978">
         <name>GPIOPadConfigSet</name>
         <value>0x3a85</value>
         <object_component_ref idref="oc-239"/>
      </symbol>
      <symbol id="sm-979">
         <name>GPIOPinTypeCAN</name>
         <value>0x4c81</value>
         <object_component_ref idref="oc-24b"/>
      </symbol>
      <symbol id="sm-984">
         <name>IntMasterDisable</name>
         <value>0x4ce9</value>
         <object_component_ref idref="oc-162"/>
      </symbol>
      <symbol id="sm-9e2">
         <name>SysCtlClockSet</name>
         <value>0x4335</value>
         <object_component_ref idref="oc-213"/>
      </symbol>
      <symbol id="sm-9e3">
         <name>SysCtlDelay</name>
         <value>0x4d63</value>
         <object_component_ref idref="oc-26a"/>
      </symbol>
      <symbol id="sm-9e4">
         <name>SysCtlPeripheralEnable</name>
         <value>0x4b2d</value>
         <object_component_ref idref="oc-251"/>
      </symbol>
      <symbol id="sm-9e5">
         <name>SysCtlClockGet</name>
         <value>0x421d</value>
         <object_component_ref idref="oc-156"/>
      </symbol>
      <symbol id="sm-9e6">
         <name>SysCtlPeripheralReady</name>
         <value>0x4abd</value>
         <object_component_ref idref="oc-257"/>
      </symbol>
      <symbol id="sm-a18">
         <name>UARTConfigSetExpClk</name>
         <value>0x4939</value>
         <object_component_ref idref="oc-220"/>
      </symbol>
      <symbol id="sm-a19">
         <name>UARTDisable</name>
         <value>0x4c0d</value>
         <object_component_ref idref="oc-327"/>
      </symbol>
      <symbol id="sm-a1a">
         <name>UARTClockSourceSet</name>
         <value>0x4d69</value>
         <object_component_ref idref="oc-319"/>
      </symbol>
      <symbol id="sm-a1b">
         <name>UARTCharPut</name>
         <value>0x4d51</value>
         <object_component_ref idref="oc-362"/>
      </symbol>
      <symbol id="sm-a1c">
         <name>UARTEnable</name>
         <value>0x4cad</value>
         <object_component_ref idref="oc-32d"/>
      </symbol>
      <symbol id="sm-a26">
         <name>CPUcpsid</name>
         <value>0x4d23</value>
         <object_component_ref idref="oc-27e"/>
      </symbol>
      <symbol id="sm-a27">
         <name>__TI_static_base__</name>
         <value>0x0</value>
      </symbol>
      <symbol id="sm-a2a">
         <name>__mpu_init</name>
         <value>0x0</value>
      </symbol>
      <symbol id="sm-a2b">
         <name>_system_post_cinit</name>
         <value>0x0</value>
      </symbol>
      <symbol id="sm-a2c">
         <name>_ZSt17__throw_bad_allocv</name>
         <value>0x4d7f</value>
      </symbol>
   </symbol_table>
   <title>Link successful</title>
</link_info>
